symbol fq=Container.<init>[kind=ctor;recv=Container;params=] kind=constructor vis=public flags=_ sig=recv=Container params=[] ret=Container
symbol fq=Container.items[kind=prop] kind=property vis=public flags=_ type=kotlin.collections.ArrayList<String>
symbol fq=Container.numbers[kind=prop] kind=property vis=public flags=_ type=kotlin.collections.ArrayList<Int>
symbol fq=Container[kind=class] kind=class vis=public flags=_
symbol fq=__local_0.explicit[kind=local] kind=local vis=private flags=_ type=kotlin.collections.ArrayList<String>
symbol fq=__local_1.explicitAsMutable[kind=local] kind=local vis=private flags=_ type=kotlin.collections.MutableList<String>
symbol fq=__local_2.fromAlias[kind=local] kind=local vis=private flags=_ type=kotlin.collections.ArrayList<Double>
symbol fq=__local_3.fromMutable[kind=local] kind=local vis=private flags=_ type=kotlin.collections.MutableList<Boolean>
symbol fq=__local_4.asReadOnly[kind=local] kind=local vis=private flags=_ type=kotlin.collections.List<String>
symbol fq=__local_5.created[kind=local] kind=local vis=private flags=_ type=kotlin.collections.ArrayList<Int>
symbol fq=__local_6.createdAsMutable[kind=local] kind=local vis=private flags=_ type=kotlin.collections.MutableList<Int>
symbol fq=__local_7.holder[kind=local] kind=local vis=private flags=_ type=Container
symbol fq=__local_8.items[kind=local] kind=local vis=private flags=_ type=kotlin.collections.MutableList<String>
symbol fq=__local_9.numbers[kind=local] kind=local vis=private flags=_ type=kotlin.collections.ArrayList<Int>
symbol fq=__local_10.nested[kind=local] kind=local vis=private flags=_ type=kotlin.collections.ArrayList<kotlin.collections.ArrayList<String>>
symbol fq=__local_11.nestedAsMutable[kind=local] kind=local vis=private flags=_ type=kotlin.collections.MutableList<kotlin.collections.ArrayList<String>>
symbol fq=__local_12.constrained[kind=local] kind=local vis=private flags=_ type=kotlin.collections.ArrayList<String>
symbol fq=__local_13.constrainedAsMutable[kind=local] kind=local vis=private flags=_ type=kotlin.collections.MutableList<String>
symbol fq=__local_14.extended[kind=local] kind=local vis=private flags=_ type=String
symbol fq=constrain.$0.T[kind=tparam] kind=typeParameter vis=private flags=_
symbol fq=constrain.$0.list[kind=vparam] kind=valueParameter vis=private flags=_
symbol fq=constrain[kind=fun;params=T0;gen=1] kind=function vis=public flags=_ sig=recv=_ params=[constrain.$0.T] ret=constrain.$0.T bounds=[kotlin.collections.ArrayList<String>]
symbol fq=createList[kind=fun;params=] kind=function vis=public flags=_ sig=recv=_ params=[] ret=kotlin.collections.ArrayList<Int>
symbol fq=customExtension[kind=fun;recv=kotlin.collections.ArrayList<String>;params=] kind=function vis=public flags=_ sig=recv=kotlin.collections.ArrayList<String> params=[] ret=String
symbol fq=main[kind=fun;params=] kind=function vis=public flags=_ sig=recv=_ params=[] ret=Unit
symbol fq=processList.$1.list[kind=vparam] kind=valueParameter vis=private flags=_
symbol fq=processList[kind=fun;params=kotlin.collections.ArrayList<String>] kind=function vis=public flags=_ sig=recv=_ params=[kotlin.collections.ArrayList<String>] ret=Unit
file farraylist_alias package=_
  decl processList[kind=fun;params=kotlin.collections.ArrayList<String>] fun processList sym=processList[kind=fun;params=kotlin.collections.ArrayList<String>]
  decl createList[kind=fun;params=] fun createList sym=createList[kind=fun;params=]
  decl Container[kind=class] class Container sym=Container[kind=class]
  decl constrain[kind=fun;params=T0;gen=1] fun constrain sym=constrain[kind=fun;params=T0;gen=1]
  decl customExtension[kind=fun;recv=kotlin.collections.ArrayList<String>;params=] fun customExtension sym=customExtension[kind=fun;recv=kotlin.collections.ArrayList<String>;params=]
  decl main[kind=fun;params=] fun main sym=main[kind=fun;params=]
expr e@13:12 call callee=e@13:12#1 args=[] type=kotlin.collections.ArrayList<Int>
expr e@13:5 return value=e@13:12 type=Nothing
expr e@17:36 call callee=e@17:36#1 args=[] type=kotlin.collections.ArrayList<String>
expr e@18:35 call callee=e@18:35#1 args=[] type=kotlin.collections.ArrayList<Int>
expr e@22:12 name(list) type=constrain.$0.T ref=constrain.$0.list[kind=vparam]
expr e@22:5 return value=e@22:12 type=Nothing
expr e@26:12 string(extended) type=String
expr e@26:5 return value=e@26:12 type=Nothing
expr e@32:20 call callee=e@32:20#1 args=[] type=kotlin.collections.ArrayList<String>
expr e@32:5 localDecl explicit mutable=0 type=_ init=e@32:20 type=Unit ref=__local_0.explicit[kind=local]
expr e@33:50 name(explicit) type=kotlin.collections.ArrayList<String> ref=__local_0.explicit[kind=local]
expr e@33:5 localDecl explicitAsMutable mutable=0 type=MutableList<String> init=e@33:50 type=Unit ref=__local_1.explicitAsMutable[kind=local]
expr e@34:17 name(explicit) type=kotlin.collections.ArrayList<String> ref=__local_0.explicit[kind=local]
expr e@34:5 call callee=e@34:5#1 args=[_:e@34:17] type=Unit call=processList[kind=fun;params=kotlin.collections.ArrayList<String>]
expr e@37:40 call callee=e@37:40#1 args=[] type=kotlin.collections.ArrayList<Double>
expr e@37:5 localDecl fromAlias mutable=0 type=ArrayList<Double> init=e@37:40 type=Unit ref=__local_2.fromAlias[kind=local]
expr e@38:45 call callee=e@38:45#1 args=[] type=kotlin.collections.ArrayList<Boolean>
expr e@38:5 localDecl fromMutable mutable=0 type=MutableList<Boolean> init=e@38:45 type=Unit ref=__local_3.fromMutable[kind=local]
expr e@41:36 call callee=e@41:36#1 args=[] type=kotlin.collections.ArrayList<String>
expr e@41:5 localDecl asReadOnly mutable=0 type=List<String> init=e@41:36 type=Unit ref=__local_4.asReadOnly[kind=local]
expr e@44:19 call callee=e@44:19#1 args=[] type=kotlin.collections.ArrayList<Int> call=createList[kind=fun;params=]
expr e@44:5 localDecl created mutable=0 type=_ init=e@44:19 type=Unit ref=__local_5.created[kind=local]
expr e@45:46 name(created) type=kotlin.collections.ArrayList<Int> ref=__local_5.created[kind=local]
expr e@45:5 localDecl createdAsMutable mutable=0 type=MutableList<Int> init=e@45:46 type=Unit ref=__local_6.createdAsMutable[kind=local]
expr e@48:18 call callee=e@48:18#1 args=[] type=Container call=Container.<init>[kind=ctor;recv=Container;params=]
expr e@48:5 localDecl holder mutable=0 type=_ init=e@48:18 type=Unit ref=__local_7.holder[kind=local]
expr e@49:38 name(holder) type=Container ref=__local_7.holder[kind=local]
expr e@49:38#1 memberCall recv=e@49:38 callee=items args=[] type=kotlin.collections.ArrayList<String> ref=Container.items[kind=prop]
expr e@49:5 localDecl items mutable=0 type=MutableList<String> init=e@49:38#1 type=Unit ref=__local_8.items[kind=local]
expr e@50:35 name(holder) type=Container ref=__local_7.holder[kind=local]
expr e@50:35#1 memberCall recv=e@50:35 callee=numbers args=[] type=kotlin.collections.ArrayList<Int> ref=Container.numbers[kind=prop]
expr e@50:5 localDecl numbers mutable=0 type=ArrayList<Int> init=e@50:35#1 type=Unit ref=__local_9.numbers[kind=local]
expr e@54:48 call callee=e@54:48#1 args=[] type=kotlin.collections.ArrayList<kotlin.collections.ArrayList<String>>
expr e@54:5 localDecl nested mutable=0 type=ArrayList<ArrayList<String>> init=e@54:48 type=Unit ref=__local_10.nested[kind=local]
expr e@55:59 name(nested) type=kotlin.collections.ArrayList<kotlin.collections.ArrayList<String>> ref=__local_10.nested[kind=local]
expr e@55:5 localDecl nestedAsMutable mutable=0 type=MutableList<ArrayList<String>> init=e@55:59 type=Unit ref=__local_11.nestedAsMutable[kind=local]
expr e@58:33 name(explicit) type=kotlin.collections.ArrayList<String> ref=__local_0.explicit[kind=local]
expr e@58:23 call callee=e@58:23#1 args=[_:e@58:33] type=kotlin.collections.ArrayList<String> call=constrain[kind=fun;params=T0;gen=1] targs=[kotlin.collections.ArrayList<String>]
expr e@58:5 localDecl constrained mutable=0 type=_ init=e@58:23 type=Unit ref=__local_12.constrained[kind=local]
expr e@59:53 name(constrained) type=kotlin.collections.ArrayList<String> ref=__local_12.constrained[kind=local]
expr e@59:5 localDecl constrainedAsMutable mutable=0 type=MutableList<String> init=e@59:53 type=Unit ref=__local_13.constrainedAsMutable[kind=local]
expr e@62:28 name(explicit) type=kotlin.collections.ArrayList<String> ref=__local_0.explicit[kind=local]
expr e@62:28#1 memberCall recv=e@62:28 callee=customExtension args=[] type=String call=customExtension[kind=fun;recv=kotlin.collections.ArrayList<String>;params=]
expr e@62:5 localDecl extended mutable=0 type=String init=e@62:28#1 type=Unit ref=__local_14.extended[kind=local]
