symbol s0 kind=property fq=kotlin.collections.Collection.size vis=public flags=synthetic type=Int
symbol s1 kind=interface fq=kotlin.collections.List vis=public flags=synthetic
symbol s2 kind=typeParameter fq=kotlin.collections.List.E vis=private flags=_
symbol s3 kind=function fq=kotlin.collections.List.get vis=public flags=synthetic|operatorFunction sig=recv=Class#1<out T#2> params=[Int] ret=T#2 suspend=0 defaults=[] vararg=[]
symbol s4 kind=interface fq=kotlin.collections.MutableList vis=public flags=synthetic
symbol s5 kind=typeParameter fq=kotlin.collections.MutableList.E vis=private flags=_
symbol s6 kind=function fq=kotlin.collections.MutableList.add vis=public flags=synthetic|operatorFunction sig=recv=Class#4<T#5> params=[T#5] ret=Boolean suspend=0 defaults=[] vararg=[]
symbol s7 kind=function fq=kotlin.collections.MutableList.removeAt vis=public flags=synthetic|operatorFunction sig=recv=Class#4<T#5> params=[Int] ret=T#5 suspend=0 defaults=[] vararg=[]
symbol s8 kind=typeAlias fq=kotlin.collections.ArrayList vis=public flags=synthetic
symbol s9 kind=function fq=kotlin.io.println vis=public flags=synthetic sig=recv=_ params=[Any?] ret=Unit suspend=0 defaults=[0] vararg=[0]
symbol s10 kind=function fq=processList vis=public flags=_ sig=recv=_ params=[Class#4<String>] ret=Unit suspend=0 defaults=[0] vararg=[0]
symbol s11 kind=valueParameter fq=processList.$0.list vis=private flags=_
symbol s12 kind=function fq=createList vis=public flags=_ sig=recv=_ params=[] ret=Class#4<Int> suspend=0 defaults=[] vararg=[]
symbol s13 kind=class fq=Container vis=public flags=_
symbol s14 kind=constructor fq=Container.<init> vis=public flags=_ sig=recv=Class#13 params=[] ret=Class#13 suspend=0 defaults=[] vararg=[]
symbol s15 kind=property fq=Container.items vis=public flags=_ type=Class#4<String>
symbol s16 kind=function fq=nestedLists vis=public flags=_ sig=recv=_ params=[] ret=Unit suspend=0 defaults=[] vararg=[]
symbol s17 kind=class fq=MyList vis=public flags=_
symbol s18 kind=constructor fq=MyList.<init> vis=public flags=_ sig=recv=Class#17 params=[] ret=Class#17 suspend=0 defaults=[] vararg=[]
symbol s19 kind=function fq=MyList.customOp vis=public flags=_ sig=recv=Class#17 params=[] ret=String suspend=0 defaults=[] vararg=[]
symbol s20 kind=function fq=constrain vis=public flags=_ sig=recv=_ params=[T#21] ret=T#21 suspend=0 defaults=[0] vararg=[0] bounds=[Class#4<String>]
symbol s21 kind=typeParameter fq=constrain.$1.T vis=private flags=_
symbol s22 kind=valueParameter fq=constrain.$1.list vis=private flags=_
symbol s23 kind=function fq=customExtension vis=public flags=_ sig=recv=Class#4<String> params=[] ret=String suspend=0 defaults=[] vararg=[]
symbol s24 kind=function fq=main vis=public flags=_ sig=recv=_ params=[] ret=Unit suspend=0 defaults=[] vararg=[]
symbol s25 kind=local fq=__local_0.nested vis=private flags=_ type=Class#4<Class#4<String>>
symbol s26 kind=local fq=__local_1.inner vis=private flags=_ type=Class#4<String>
symbol s27 kind=local fq=__local_2.list vis=private flags=_ type=Class#4<String>
symbol s28 kind=local fq=__local_3.ml vis=private flags=_ type=Class#4<String>
symbol s29 kind=local fq=__local_4.nums vis=private flags=_ type=Class#4<Int>
symbol s30 kind=local fq=__local_5.items vis=private flags=_ type=Class#1<String>
symbol s31 kind=local fq=__local_6.created vis=private flags=_ type=Class#4<Int>
symbol s32 kind=local fq=__local_7.container vis=private flags=_ type=Class#13
symbol s33 kind=local fq=__local_8.myList vis=private flags=_ type=Class#17
symbol s34 kind=local fq=__local_9.constrained vis=private flags=_ type=Class#4<String>
file f0 package=_
  decl d0 fun processList suspend=0 inline=0 sym=s10
  decl d1 fun createList suspend=0 inline=0 sym=s12
  decl d4 class Container sym=s13
  decl d5 fun nestedLists suspend=0 inline=0 sym=s16
  decl d7 class MyList sym=s17
  decl d8 fun constrain suspend=0 inline=0 sym=s20
  decl d9 fun customExtension suspend=0 inline=0 sym=s23
  decl d10 fun main suspend=0 inline=0 sym=s24
expr e0 name(println) type=_
expr e1 name(list) type=Class#4<String> ref=s11
expr e2 memberCall recv=e1 callee=size args=[] type=Int ref=s0
expr e3 call callee=e0 args=[_:e2] type=Unit call=s9 map=[0->0] targs=[]
expr e4 name(ArrayList) type=Any ref=s8
expr e5 call callee=e4 args=[] type=Class#4<Int>
expr e6 return value=e5 type=Nothing
expr e7 name(ArrayList) type=Any ref=s8
expr e8 call callee=e7 args=[] type=Class#4<String>
expr e9 name(ArrayList) type=Any ref=s8
expr e10 call callee=e9 args=[] type=Class#4<Int>
expr e11 name(ArrayList) type=Any ref=s8
expr e12 call callee=e11 args=[] type=Class#4<Class#4<String>>
expr e13 localDecl nested mutable=0 type=t12 init=e12 type=Unit ref=s25
expr e14 name(ArrayList) type=Any ref=s8
expr e15 call callee=e14 args=[] type=Class#4<String>
expr e16 localDecl inner mutable=0 type=_ init=e15 type=Unit ref=s26
expr e17 name(inner) type=Class#4<String> ref=s26
expr e18 string(nested) type=String
expr e19 memberCall recv=e17 callee=add args=[_:e18] type=Boolean call=s6 map=[0->0] targs=[String]
expr e20 name(nested) type=Class#4<Class#4<String>> ref=s25
expr e21 name(inner) type=Class#4<String> ref=s26
expr e22 memberCall recv=e20 callee=add args=[_:e21] type=Boolean call=s6 map=[0->0] targs=[Class#4<String>]
expr e23 name(println) type=_
expr e24 name(nested) type=Class#4<Class#4<String>> ref=s25
expr e25 memberCall recv=e24 callee=size args=[] type=Int ref=s0
expr e26 call callee=e23 args=[_:e25] type=Unit call=s9 map=[0->0] targs=[]
expr e27 string(custom) type=String
expr e28 name(list) type=T#21 ref=s22
expr e29 return value=e28 type=Nothing
expr e30 this type=Class#4<String>
expr e31 memberCall recv=e30 callee=size args=[] type=Int ref=s0
expr e32 stringTemplate[lit(extended: ),expr(e31)] type=String
expr e33 return value=e32 type=Nothing
expr e34 name(ArrayList) type=Any ref=s8
expr e35 call callee=e34 args=[] type=Class#4<String>
expr e36 localDecl list mutable=0 type=t24 init=e35 type=Unit ref=s27
expr e37 name(list) type=Class#4<String> ref=s27
expr e38 string(hello) type=String
expr e39 memberCall recv=e37 callee=add args=[_:e38] type=Boolean call=s6 map=[0->0] targs=[String]
expr e40 name(list) type=Class#4<String> ref=s27
expr e41 string(world) type=String
expr e42 memberCall recv=e40 callee=add args=[_:e41] type=Boolean call=s6 map=[0->0] targs=[String]
expr e43 name(println) type=_
expr e44 name(list) type=Class#4<String> ref=s27
expr e45 memberCall recv=e44 callee=size args=[] type=Int ref=s0
expr e46 call callee=e43 args=[_:e45] type=Unit call=s9 map=[0->0] targs=[]
expr e47 name(println) type=_
expr e48 name(list) type=Class#4<String> ref=s27
expr e49 int(0) type=Int
expr e50 indexedAccess receiver=e48 indices=[e49] type=String call=s3 map=[0->0] targs=[String]
expr e51 call callee=e47 args=[_:e50] type=Unit call=s9 map=[0->0] targs=[]
expr e52 name(list) type=Class#4<String> ref=s27
expr e53 localDecl ml mutable=0 type=t26 init=e52 type=Unit ref=s28
expr e54 name(ml) type=Class#4<String> ref=s28
expr e55 string(!) type=String
expr e56 memberCall recv=e54 callee=add args=[_:e55] type=Boolean call=s6 map=[0->0] targs=[String]
expr e57 name(println) type=_
expr e58 name(ml) type=Class#4<String> ref=s28
expr e59 memberCall recv=e58 callee=size args=[] type=Int ref=s0
expr e60 call callee=e57 args=[_:e59] type=Unit call=s9 map=[0->0] targs=[]
expr e61 name(ArrayList) type=Any ref=s8
expr e62 call callee=e61 args=[] type=Class#4<Int>
expr e63 localDecl nums mutable=0 type=_ init=e62 type=Unit ref=s29
expr e64 name(nums) type=Class#4<Int> ref=s29
expr e65 int(1) type=Int
expr e66 memberCall recv=e64 callee=add args=[_:e65] type=Boolean call=s6 map=[0->0] targs=[Int]
expr e67 name(nums) type=Class#4<Int> ref=s29
expr e68 int(2) type=Int
expr e69 memberCall recv=e67 callee=add args=[_:e68] type=Boolean call=s6 map=[0->0] targs=[Int]
expr e70 name(nums) type=Class#4<Int> ref=s29
expr e71 int(3) type=Int
expr e72 memberCall recv=e70 callee=add args=[_:e71] type=Boolean call=s6 map=[0->0] targs=[Int]
expr e73 name(nums) type=Class#4<Int> ref=s29
expr e74 int(0) type=Int
expr e75 memberCall recv=e73 callee=removeAt args=[_:e74] type=Int call=s7 map=[0->0] targs=[Int]
expr e76 name(println) type=_
expr e77 name(nums) type=Class#4<Int> ref=s29
expr e78 call callee=e76 args=[_:e77] type=Unit call=s9 map=[0->0] targs=[]
expr e79 name(ArrayList) type=Any ref=s8
expr e80 call callee=e79 args=[] type=Class#1<String>
expr e81 localDecl items mutable=0 type=t29 init=e80 type=Unit ref=s30
expr e82 name(println) type=_
expr e83 name(items) type=Class#1<String> ref=s30
expr e84 memberCall recv=e83 callee=size args=[] type=Int ref=s0
expr e85 call callee=e82 args=[_:e84] type=Unit call=s9 map=[0->0] targs=[]
expr e86 name(processList) type=_
expr e87 name(list) type=Class#4<String> ref=s27
expr e88 call callee=e86 args=[_:e87] type=Unit call=s10 map=[0->0] targs=[]
expr e89 name(createList) type=_
expr e90 call callee=e89 args=[] type=Class#4<Int> call=s12 map=[] targs=[]
expr e91 localDecl created mutable=0 type=_ init=e90 type=Unit ref=s31
expr e92 name(created) type=Class#4<Int> ref=s31
expr e93 int(42) type=Int
expr e94 memberCall recv=e92 callee=add args=[_:e93] type=Boolean call=s6 map=[0->0] targs=[Int]
expr e95 name(println) type=_
expr e96 name(created) type=Class#4<Int> ref=s31
expr e97 memberCall recv=e96 callee=size args=[] type=Int ref=s0
expr e98 call callee=e95 args=[_:e97] type=Unit call=s9 map=[0->0] targs=[]
expr e99 name(Container) type=_
expr e100 call callee=e99 args=[] type=Class#13 call=s14 map=[] targs=[]
expr e101 localDecl container mutable=0 type=_ init=e100 type=Unit ref=s32
expr e102 name(container) type=Class#13 ref=s32
expr e103 memberCall recv=e102 callee=items args=[] type=Class#4<String> ref=s15
expr e104 string(property) type=String
expr e105 memberCall recv=e103 callee=add args=[_:e104] type=Boolean call=s6 map=[0->0] targs=[String]
expr e106 name(println) type=_
expr e107 name(container) type=Class#13 ref=s32
expr e108 memberCall recv=e107 callee=items args=[] type=Class#4<String> ref=s15
expr e109 memberCall recv=e108 callee=size args=[] type=Int ref=s0
expr e110 call callee=e106 args=[_:e109] type=Unit call=s9 map=[0->0] targs=[]
expr e111 name(nestedLists) type=_
expr e112 call callee=e111 args=[] type=Unit call=s16 map=[] targs=[]
expr e113 name(MyList) type=_
expr e114 call callee=e113 args=[] type=Class#17 call=s18 map=[] targs=[]
expr e115 localDecl myList mutable=0 type=_ init=e114 type=Unit ref=s33
expr e116 name(myList) type=Class#17 ref=s33
expr e117 string(inherited) type=String
expr e118 memberCall recv=e116 callee=add args=[_:e117] type=<error>
expr e119 name(println) type=_
expr e120 name(myList) type=Class#17 ref=s33
expr e121 memberCall recv=e120 callee=customOp args=[] type=String call=s19 map=[] targs=[]
expr e122 call callee=e119 args=[_:e121] type=Unit call=s9 map=[0->0] targs=[]
expr e123 name(constrain) type=_
expr e124 name(list) type=Class#4<String> ref=s27
expr e125 call callee=e123 args=[_:e124] type=Class#4<String> call=s20 map=[0->0] targs=[Class#4<String>]
expr e126 localDecl constrained mutable=0 type=_ init=e125 type=Unit ref=s34
expr e127 name(println) type=_
expr e128 name(constrained) type=Class#4<String> ref=s34
expr e129 memberCall recv=e128 callee=size args=[] type=Int ref=s0
expr e130 call callee=e127 args=[_:e129] type=Unit call=s9 map=[0->0] targs=[]
expr e131 name(println) type=_
expr e132 name(list) type=Class#4<String> ref=s27
expr e133 memberCall recv=e132 callee=customExtension args=[] type=String call=s23 map=[] targs=[]
expr e134 call callee=e131 args=[_:e133] type=Unit call=s9 map=[0->0] targs=[]
