symbol fq=golden.sema.useBuildListReceiverThis kind=function vis=public flags=_ sig=recv=_ params=[] ret=Any
symbol fq=golden.sema.useBuildStringReceiverThis kind=function vis=public flags=_ sig=recv=_ params=[] ret=String
symbol fq=kotlin.collections.List kind=interface vis=public flags=synthetic
symbol fq=kotlin.collections.MutableList kind=interface vis=public flags=synthetic
symbol fq=kotlin.collections.MutableList.E kind=typeParameter vis=private flags=_
symbol fq=kotlin.collections.MutableList.add#1 kind=function vis=public flags=synthetic|operatorFunction sig=recv=kotlin.collections.MutableList<kotlin.collections.MutableList.E> params=[kotlin.collections.MutableList.E] ret=Boolean
symbol fq=kotlin.text.StringBuilder kind=class vis=public flags=synthetic
symbol fq=kotlin.text.StringBuilder.append#7 kind=function vis=public flags=synthetic sig=recv=kotlin.text.StringBuilder params=[String?] ret=kotlin.text.StringBuilder
symbol fq=kotlin.text.StringBuilder.append.value kind=valueParameter vis=private flags=synthetic
file f13 package=golden.sema
  decl golden.sema.useBuildStringReceiverThis fun useBuildStringReceiverThis sym=golden.sema.useBuildStringReceiverThis
  decl golden.sema.useBuildListReceiverThis fun useBuildListReceiverThis sym=golden.sema.useBuildListReceiverThis
expr e@4:5#2 this type=kotlin.text.StringBuilder
expr e@4:17#2 string(a) type=String
expr e@4:5#3 memberCall recv=e@4:5#2 callee=append args=[_:e@4:17#2] type=kotlin.text.StringBuilder call=kotlin.text.StringBuilder.append#7
expr e@5:12 string(b) type=String
expr e@5:5#3 call callee=e@5:5#2 args=[_:e@5:12] type=Unit
expr e@4:5#4 blockExpr stmts=[e@4:5#3] trailing=e@5:5#3 type=Unit
expr e@3:56 lambda params=[] body=e@4:5#4 label=buildString type=() -> Unit
expr e@3:44#1 call callee=e@3:44#0 args=[_:e@3:56] type=String
expr e@9:5#0 this type=kotlin.collections.MutableList<Int>
expr e@9:14 int(1) type=Int
expr e@9:5#1 memberCall recv=e@9:5#0 callee=add args=[_:e@9:14] type=Boolean call=kotlin.collections.MutableList.add#1
expr e@10:9 int(2) type=Int
expr e@10:5#2 call callee=e@10:5#1 args=[_:e@10:9] type=Unit
expr e@9:5#2 blockExpr stmts=[e@9:5#1] trailing=e@10:5#2 type=Unit
expr e@8:49 lambda params=[] body=e@9:5#2 label=buildList type=() -> Unit
expr e@8:39#1 call callee=e@8:39#0 args=[_:e@8:49] type=kotlin.collections.List<out Int>
