symbol fq=__local_0.ref kind=local vis=private flags=_ type=(String) -> String
symbol fq=golden.sema.greet kind=function vis=public flags=_ sig=recv=_ params=[String] ret=String
symbol fq=golden.sema.greet.$0.name kind=valueParameter vis=private flags=_
symbol fq=golden.sema.main kind=function vis=public flags=_ sig=recv=_ params=[] ret=Unit
symbol fq=kotlin.io.println#1 kind=function vis=public flags=synthetic sig=recv=_ params=[Any?] ret=Unit
symbol fq=kotlin.io.println.message kind=valueParameter vis=private flags=synthetic
file f11 package=golden.sema
  decl d0 fun greet sym=golden.sema.greet
  decl d1 fun main sym=golden.sema.main
expr e0 name(name) type=String ref=golden.sema.greet.$0.name
expr e1 stringTemplate[lit(Hello, ),expr(e0)] type=String
expr e2 callableRef recv=_ member=greet type=(String) -> String ref=golden.sema.greet
expr e3 localDecl ref mutable=0 type=_ init=e2 type=Unit ref=__local_0.ref
expr e4 name(ref) type=(String) -> String ref=__local_0.ref
expr e5 string(World) type=String
expr e6 call callee=e4 args=[_:e5] type=String
expr e7 call callee=e8 args=[_:e6] type=Unit call=kotlin.io.println#1
