symbol fq=golden.sema.safeCastNull kind=function vis=public flags=_ sig=recv=_ params=[Any] ret=Int?
symbol fq=golden.sema.safeCastNull.$0.v kind=valueParameter vis=private flags=_
symbol fq=golden.sema.safeCastSuccess kind=function vis=public flags=_ sig=recv=_ params=[Any] ret=String?
symbol fq=golden.sema.safeCastSuccess.$1.v kind=valueParameter vis=private flags=_
symbol fq=golden.sema.unsafeCastSuccess kind=function vis=public flags=_ sig=recv=_ params=[Any] ret=String
symbol fq=golden.sema.unsafeCastSuccess.$2.v kind=valueParameter vis=private flags=_
file f15 package=golden.sema
  decl golden.sema.unsafeCastSuccess fun unsafeCastSuccess sym=golden.sema.unsafeCastSuccess
  decl golden.sema.safeCastSuccess fun safeCastSuccess sym=golden.sema.safeCastSuccess
  decl golden.sema.safeCastNull fun safeCastNull sym=golden.sema.safeCastNull
expr e@3:41#0 name(v) type=Any ref=golden.sema.unsafeCastSuccess.$2.v
expr e@3:41#1 asCast expr=e@3:41#0 type=String type=String
expr e@5:40#0 name(v) type=Any ref=golden.sema.safeCastSuccess.$1.v
expr e@5:40#1 asCast? expr=e@5:40#0 type=String type=String?
expr e@7:34#0 name(v) type=Any ref=golden.sema.safeCastNull.$0.v
expr e@7:34#1 asCast? expr=e@7:34#0 type=Int type=Int?
