symbol s0 kind=interface fq=kotlin.collections.List vis=public flags=synthetic
symbol s1 kind=typeParameter fq=kotlin.collections.List.E vis=private flags=_
symbol s2 kind=function fq=kotlin.collections.List.get vis=public flags=synthetic|operatorFunction sig=recv=Class#0<out T#1> params=[Int] ret=T#1
symbol s3 kind=function fq=kotlin.collections.List.isEmpty vis=public flags=synthetic sig=recv=Class#0<out T#1> params=[] ret=Boolean
symbol s4 kind=interface fq=kotlin.Comparable vis=public flags=synthetic
symbol s5 kind=typeParameter fq=kotlin.Comparable.T vis=private flags=_
symbol s6 kind=function fq=kotlin.Comparable.compareTo vis=public flags=synthetic|operatorFunction sig=recv=T#5 params=[T#5] ret=Int
symbol s7 kind=class fq=kotlin.ByteArray vis=public flags=synthetic type=Class#7
symbol s8 kind=function fq=kotlin.text.length vis=public flags=synthetic sig=recv=String params=[] ret=Int
symbol s9 kind=class fq=java.util.Locale vis=public flags=synthetic type=Class#9
symbol s10 kind=function fq=kotlin.text.__kk_lowercase_locale vis=public flags=synthetic sig=recv=String params=[Class#9] ret=String
symbol s11 kind=function fq=kotlin.text.__kk_uppercase_locale vis=public flags=synthetic sig=recv=String params=[Class#9] ret=String
symbol s12 kind=function fq=kotlin.text.get vis=public flags=synthetic|operatorFunction sig=recv=String params=[Int] ret=Char
symbol s13 kind=function fq=kotlin.text.isEmpty vis=public flags=synthetic sig=recv=String params=[] ret=Boolean
symbol s14 kind=class fq=kotlin.text.Charset vis=public flags=synthetic type=Class#14
symbol s15 kind=function fq=kotlin.text.__kk_encodeToByteArray vis=public flags=synthetic sig=recv=String params=[] ret=Class#7
symbol s16 kind=function fq=kotlin.text.__kk_encodeToByteArray_range vis=public flags=synthetic sig=recv=String params=[Int,Int] ret=Class#7
symbol s17 kind=function fq=kotlin.text.__kk_encodeToByteArray_charset vis=public flags=synthetic sig=recv=String params=[Class#14] ret=Class#7
symbol s18 kind=function fq=kotlin.text.__kk_decodeToString vis=public flags=synthetic sig=recv=Class#7 params=[] ret=String
symbol s19 kind=function fq=kotlin.text.__kk_decodeToString_charset vis=public flags=synthetic sig=recv=Class#7 params=[Class#14] ret=String
symbol s20 kind=function fq=kotlin.text.__kk_decodeToString_range vis=public flags=synthetic sig=recv=Class#7 params=[Int,Int] ret=String
symbol s21 kind=function fq=kotlin.text.__kk_decodeToString_range_throw vis=public flags=synthetic sig=recv=Class#7 params=[Int,Int,Boolean] ret=String
symbol s22 kind=function fq=kotlin.text.uppercase vis=public flags=synthetic sig=recv=Char params=[] ret=String
symbol s23 kind=function fq=kotlin.text.lowercase vis=public flags=synthetic sig=recv=Char params=[] ret=String
symbol s24 kind=class fq=kotlin.IllegalArgumentException vis=public flags=synthetic type=Class#24
symbol s25 kind=constructor fq=kotlin.IllegalArgumentException.<init> vis=public flags=synthetic sig=recv=_ params=[String] ret=Class#24
symbol s26 kind=class fq=kotlin.text.StringBuilder vis=public flags=synthetic
symbol s27 kind=function fq=kotlin.text.StringBuilder.append vis=public flags=synthetic sig=recv=Class#26 params=[String?] ret=Class#26
symbol s28 kind=function fq=kotlin.text.StringBuilder.append vis=public flags=synthetic sig=recv=Class#26 params=[Char] ret=Class#26
symbol s29 kind=function fq=kotlin.text.StringBuilder.toString vis=public flags=synthetic sig=recv=Class#26 params=[] ret=String
symbol s30 kind=function fq=kotlin.io.println vis=public flags=synthetic sig=recv=_ params=[Any?] ret=Unit
symbol s31 kind=function fq=kotlin.collections.count vis=public flags=_ sig=recv=Class#0<T#32> params=[(T#32) -> Boolean] ret=Int
symbol s32 kind=typeParameter fq=kotlin.collections.count.$0.T vis=private flags=_
symbol s33 kind=valueParameter fq=kotlin.collections.count.$0.predicate vis=private flags=_
symbol s34 kind=function fq=kotlin.collections.any vis=public flags=_ sig=recv=Class#0<T#35> params=[(T#35) -> Boolean] ret=Boolean
symbol s35 kind=typeParameter fq=kotlin.collections.any.$1.T vis=private flags=_
symbol s36 kind=valueParameter fq=kotlin.collections.any.$1.predicate vis=private flags=_
symbol s37 kind=function fq=kotlin.collections.all vis=public flags=_ sig=recv=Class#0<T#38> params=[(T#38) -> Boolean] ret=Boolean
symbol s38 kind=typeParameter fq=kotlin.collections.all.$2.T vis=private flags=_
symbol s39 kind=valueParameter fq=kotlin.collections.all.$2.predicate vis=private flags=_
symbol s40 kind=function fq=kotlin.collections.none vis=public flags=_ sig=recv=Class#0<T#41> params=[(T#41) -> Boolean] ret=Boolean
symbol s41 kind=typeParameter fq=kotlin.collections.none.$3.T vis=private flags=_
symbol s42 kind=valueParameter fq=kotlin.collections.none.$3.predicate vis=private flags=_
symbol s43 kind=function fq=kotlin.collections.sumOf vis=public flags=_ sig=recv=Class#0<T#44> params=[(T#44) -> Int] ret=Int
symbol s44 kind=typeParameter fq=kotlin.collections.sumOf.$4.T vis=private flags=_
symbol s45 kind=valueParameter fq=kotlin.collections.sumOf.$4.selector vis=private flags=_
symbol s46 kind=function fq=kotlin.collections.maxByOrNull vis=public flags=_ sig=recv=Class#0<T#47> params=[(T#47) -> T#48] ret=T#47? bounds=[_,Class#4<T#48>]
symbol s47 kind=typeParameter fq=kotlin.collections.maxByOrNull.$5.T vis=private flags=_
symbol s48 kind=typeParameter fq=kotlin.collections.maxByOrNull.$5.R vis=private flags=_
symbol s49 kind=valueParameter fq=kotlin.collections.maxByOrNull.$5.selector vis=private flags=_
symbol s50 kind=function fq=kotlin.collections.minByOrNull vis=public flags=_ sig=recv=Class#0<T#51> params=[(T#51) -> T#52] ret=T#51? bounds=[_,Class#4<T#52>]
symbol s51 kind=typeParameter fq=kotlin.collections.minByOrNull.$6.T vis=private flags=_
symbol s52 kind=typeParameter fq=kotlin.collections.minByOrNull.$6.R vis=private flags=_
symbol s53 kind=valueParameter fq=kotlin.collections.minByOrNull.$6.selector vis=private flags=_
symbol s54 kind=function fq=kotlin.text.lowercase vis=public flags=_ sig=recv=String params=[] ret=String
symbol s55 kind=function fq=kotlin.text.uppercase vis=public flags=_ sig=recv=String params=[] ret=String
symbol s56 kind=function fq=kotlin.text.capitalize vis=public flags=_ sig=recv=String params=[] ret=String
symbol s57 kind=function fq=kotlin.text.lowercase vis=public flags=_ sig=recv=String params=[Class#9] ret=String
symbol s58 kind=valueParameter fq=kotlin.text.lowercase.$7.locale vis=private flags=_
symbol s59 kind=function fq=kotlin.text.uppercase vis=public flags=_ sig=recv=String params=[Class#9] ret=String
symbol s60 kind=valueParameter fq=kotlin.text.uppercase.$8.locale vis=private flags=_
symbol s61 kind=function fq=kotlin.text.repeat vis=public flags=_ sig=recv=String params=[Int] ret=String
symbol s62 kind=valueParameter fq=kotlin.text.repeat.$9.count vis=private flags=_
symbol s63 kind=function fq=kotlin.text.reversed vis=public flags=_ sig=recv=String params=[] ret=String
symbol s64 kind=function fq=kotlin.text.padStart vis=public flags=_ sig=recv=String params=[Int,Char] ret=String defaults=[0,1]
symbol s65 kind=valueParameter fq=kotlin.text.padStart.$10.length vis=private flags=_
symbol s66 kind=valueParameter fq=kotlin.text.padStart.$10.padChar vis=private flags=_
symbol s67 kind=function fq=kotlin.text.padEnd vis=public flags=_ sig=recv=String params=[Int,Char] ret=String defaults=[0,1]
symbol s68 kind=valueParameter fq=kotlin.text.padEnd.$11.length vis=private flags=_
symbol s69 kind=valueParameter fq=kotlin.text.padEnd.$11.padChar vis=private flags=_
symbol s70 kind=function fq=kotlin.text.encodeToByteArray vis=public flags=_ sig=recv=String params=[] ret=Class#7
symbol s71 kind=function fq=kotlin.text.encodeToByteArray vis=public flags=_ sig=recv=String params=[Int,Int] ret=Class#7
symbol s72 kind=valueParameter fq=kotlin.text.encodeToByteArray.$12.startIndex vis=private flags=_
symbol s73 kind=valueParameter fq=kotlin.text.encodeToByteArray.$12.endIndex vis=private flags=_
symbol s74 kind=function fq=kotlin.text.encodeToByteArray vis=public flags=_ sig=recv=String params=[Class#14] ret=Class#7
symbol s75 kind=valueParameter fq=kotlin.text.encodeToByteArray.$13.charset vis=private flags=_
symbol s76 kind=function fq=kotlin.text.decodeToString vis=public flags=_ sig=recv=Class#7 params=[] ret=String
symbol s77 kind=function fq=kotlin.text.decodeToString vis=public flags=_ sig=recv=Class#7 params=[Class#14] ret=String
symbol s78 kind=valueParameter fq=kotlin.text.decodeToString.$14.charset vis=private flags=_
symbol s79 kind=function fq=kotlin.text.decodeToString vis=public flags=_ sig=recv=Class#7 params=[Int,Int] ret=String
symbol s80 kind=valueParameter fq=kotlin.text.decodeToString.$15.startIndex vis=private flags=_
symbol s81 kind=valueParameter fq=kotlin.text.decodeToString.$15.endIndex vis=private flags=_
symbol s82 kind=function fq=kotlin.text.decodeToString vis=public flags=_ sig=recv=Class#7 params=[Int,Int,Boolean] ret=String
symbol s83 kind=valueParameter fq=kotlin.text.decodeToString.$16.startIndex vis=private flags=_
symbol s84 kind=valueParameter fq=kotlin.text.decodeToString.$16.endIndex vis=private flags=_
symbol s85 kind=valueParameter fq=kotlin.text.decodeToString.$16.throwOnInvalidSequence vis=private flags=_
symbol s86 kind=function fq=charPlusInt vis=public flags=_ sig=recv=_ params=[] ret=Unit
symbol s87 kind=function fq=charMinusInt vis=public flags=_ sig=recv=_ params=[] ret=Unit
symbol s88 kind=function fq=charMinusChar vis=public flags=_ sig=recv=_ params=[] ret=Unit
symbol s89 kind=function fq=charComparison vis=public flags=_ sig=recv=_ params=[] ret=Unit
symbol s90 kind=local fq=__local_0.count vis=private flags=mutable type=Int
symbol s91 kind=local fq=__local_1.i vis=private flags=mutable type=Int
symbol s92 kind=local fq=__local_2.i vis=private flags=mutable type=Int
symbol s93 kind=local fq=__local_3.i vis=private flags=mutable type=Int
symbol s94 kind=local fq=__local_4.i vis=private flags=mutable type=Int
symbol s95 kind=local fq=__local_5.sum vis=private flags=mutable type=Int
symbol s96 kind=local fq=__local_6.i vis=private flags=mutable type=Int
symbol s97 kind=local fq=__local_7.bestElem vis=private flags=mutable type=T#47
symbol s98 kind=local fq=__local_8.bestKey vis=private flags=mutable type=T#48
symbol s99 kind=local fq=__local_9.i vis=private flags=mutable type=Int
symbol s100 kind=local fq=__local_10.elem vis=private flags=_ type=T#47
symbol s101 kind=local fq=__local_11.key vis=private flags=_ type=T#48
symbol s102 kind=local fq=__local_12.bestElem vis=private flags=mutable type=T#51
symbol s103 kind=local fq=__local_13.bestKey vis=private flags=mutable type=T#52
symbol s104 kind=local fq=__local_14.i vis=private flags=mutable type=Int
symbol s105 kind=local fq=__local_15.elem vis=private flags=_ type=T#51
symbol s106 kind=local fq=__local_16.key vis=private flags=_ type=T#52
symbol s107 kind=local fq=__local_17.sb vis=private flags=_ type=Class#26
symbol s108 kind=local fq=__local_18.i vis=private flags=mutable type=Int
symbol s109 kind=local fq=__local_19.sb vis=private flags=_ type=Class#26
symbol s110 kind=local fq=__local_20.i vis=private flags=mutable type=Int
symbol s111 kind=local fq=__local_21.sb vis=private flags=_ type=Class#26
symbol s112 kind=local fq=__local_22.i vis=private flags=mutable type=Int
symbol s113 kind=local fq=__local_23.sb vis=private flags=_ type=Class#26
symbol s114 kind=local fq=__local_24.i vis=private flags=mutable type=Int
symbol s115 kind=local fq=__local_25.len vis=private flags=_ type=Int
symbol s116 kind=local fq=__local_26.sb vis=private flags=_ type=Class#26
symbol s117 kind=local fq=__local_27.i vis=private flags=mutable type=Int
symbol s118 kind=local fq=__local_28.padding vis=private flags=_ type=Int
symbol s119 kind=local fq=__local_29.sb vis=private flags=_ type=Class#26
symbol s120 kind=local fq=__local_30.i vis=private flags=mutable type=Int
symbol s121 kind=local fq=__local_31.padding vis=private flags=_ type=Int
symbol s122 kind=local fq=__local_32.sb vis=private flags=_ type=Class#26
symbol s123 kind=local fq=__local_33.i vis=private flags=mutable type=Int
symbol s124 kind=local fq=__local_34.c vis=private flags=_ type=Char
symbol s125 kind=local fq=__local_35.next vis=private flags=_ type=Char
symbol s126 kind=local fq=__local_36.c vis=private flags=_ type=Char
symbol s127 kind=local fq=__local_37.prev vis=private flags=_ type=Char
symbol s128 kind=local fq=__local_38.diff vis=private flags=_ type=Int
symbol s129 kind=local fq=__local_39.lt vis=private flags=_ type=Boolean
symbol s130 kind=local fq=__local_40.eq vis=private flags=_ type=Boolean
file f0 package=kotlin.collections
  decl d0 fun count sym=s31
  decl d1 fun any sym=s34
  decl d2 fun all sym=s37
  decl d3 fun none sym=s40
  decl d4 fun sumOf sym=s43
  decl d5 fun maxByOrNull sym=s46
  decl d6 fun minByOrNull sym=s50
file f1 package=kotlin.text
  decl d7 fun lowercase sym=s54
  decl d8 fun uppercase sym=s55
  decl d9 fun capitalize sym=s56
  decl d10 fun lowercase sym=s57
  decl d11 fun uppercase sym=s59
  decl d12 fun repeat sym=s61
  decl d13 fun reversed sym=s63
  decl d14 fun padStart sym=s64
  decl d15 fun padEnd sym=s67
  decl d16 fun encodeToByteArray sym=s70
  decl d17 fun encodeToByteArray sym=s71
  decl d18 fun encodeToByteArray sym=s74
  decl d19 fun decodeToString sym=s76
  decl d20 fun decodeToString sym=s77
  decl d21 fun decodeToString sym=s79
  decl d22 fun decodeToString sym=s82
file f2 package=_
  decl d23 fun charPlusInt sym=s86
  decl d24 fun charMinusInt sym=s87
  decl d25 fun charMinusChar sym=s88
  decl d26 fun charComparison sym=s89
expr e0 int(0) type=Int
expr e1 localDecl count mutable=1 type=_ init=e0 type=Unit ref=s90
expr e2 int(0) type=Int
expr e3 localDecl i mutable=1 type=_ init=e2 type=Unit ref=s91
expr e4 name(i) type=Int ref=s91
expr e5 name(size) type=Int
expr e6 binary(lessThan) lhs=e4 rhs=e5 type=Boolean
expr e15 name(predicate) type=(T#32) -> Boolean ref=s33
expr e16 this type=Class#0<T#32>
expr e17 name(i) type=Int ref=s91
expr e18 indexedAccess receiver=e16 indices=[e17] type=T#32 call=s2 targs=[T#32]
expr e19 call callee=e15 args=[_:e18] type=Boolean
expr e21 int(1) type=Int
expr e22 compoundAssign(plusAssign) name=count value=e21 type=Unit ref=s90
expr e23 if cond=e19 then=e22 else=_ type=Unit
expr e25 int(1) type=Int
expr e26 compoundAssign(plusAssign) name=i value=e25 type=Unit ref=s91
expr e27 blockExpr stmts=[e23,e26] trailing=_ type=Unit
expr e28 while cond=e6 body=e27 type=Unit
expr e29 name(count) type=Int ref=s90
expr e30 return value=e29 type=Nothing
expr e31 int(0) type=Int
expr e32 localDecl i mutable=1 type=_ init=e31 type=Unit ref=s92
expr e33 name(i) type=Int ref=s92
expr e34 name(size) type=Int
expr e35 binary(lessThan) lhs=e33 rhs=e34 type=Boolean
expr e36 name(predicate) type=(T#35) -> Boolean ref=s36
expr e37 this type=Class#0<T#35>
expr e38 name(i) type=Int ref=s92
expr e39 indexedAccess receiver=e37 indices=[e38] type=T#35 call=s2 targs=[T#35]
expr e40 call callee=e36 args=[_:e39] type=Boolean
expr e41 bool(true) type=Boolean
expr e42 return value=e41 type=Nothing
expr e43 if cond=e40 then=e42 else=_ type=Unit
expr e45 int(1) type=Int
expr e46 compoundAssign(plusAssign) name=i value=e45 type=Unit ref=s92
expr e47 blockExpr stmts=[e43,e46] trailing=_ type=Unit
expr e48 while cond=e35 body=e47 type=Unit
expr e49 bool(false) type=Boolean
expr e50 return value=e49 type=Nothing
expr e51 int(0) type=Int
expr e52 localDecl i mutable=1 type=_ init=e51 type=Unit ref=s93
expr e53 name(i) type=Int ref=s93
expr e54 name(size) type=Int
expr e55 binary(lessThan) lhs=e53 rhs=e54 type=Boolean
expr e56 name(predicate) type=(T#38) -> Boolean ref=s39
expr e57 this type=Class#0<T#38>
expr e58 name(i) type=Int ref=s93
expr e59 indexedAccess receiver=e57 indices=[e58] type=T#38 call=s2 targs=[T#38]
expr e60 call callee=e56 args=[_:e59] type=Boolean
expr e61 unary(not) operand=e60 type=Boolean
expr e62 bool(false) type=Boolean
expr e63 return value=e62 type=Nothing
expr e64 if cond=e61 then=e63 else=_ type=Unit
expr e66 int(1) type=Int
expr e67 compoundAssign(plusAssign) name=i value=e66 type=Unit ref=s93
expr e68 blockExpr stmts=[e64,e67] trailing=_ type=Unit
expr e69 while cond=e55 body=e68 type=Unit
expr e70 bool(true) type=Boolean
expr e71 return value=e70 type=Nothing
expr e72 int(0) type=Int
expr e73 localDecl i mutable=1 type=_ init=e72 type=Unit ref=s94
expr e74 name(i) type=Int ref=s94
expr e75 name(size) type=Int
expr e76 binary(lessThan) lhs=e74 rhs=e75 type=Boolean
expr e77 name(predicate) type=(T#41) -> Boolean ref=s42
expr e78 this type=Class#0<T#41>
expr e79 name(i) type=Int ref=s94
expr e80 indexedAccess receiver=e78 indices=[e79] type=T#41 call=s2 targs=[T#41]
expr e81 call callee=e77 args=[_:e80] type=Boolean
expr e82 bool(false) type=Boolean
expr e83 return value=e82 type=Nothing
expr e84 if cond=e81 then=e83 else=_ type=Unit
expr e86 int(1) type=Int
expr e87 compoundAssign(plusAssign) name=i value=e86 type=Unit ref=s94
expr e88 blockExpr stmts=[e84,e87] trailing=_ type=Unit
expr e89 while cond=e76 body=e88 type=Unit
expr e90 bool(true) type=Boolean
expr e91 return value=e90 type=Nothing
expr e92 int(0) type=Int
expr e93 localDecl sum mutable=1 type=_ init=e92 type=Unit ref=s95
expr e94 int(0) type=Int
expr e95 localDecl i mutable=1 type=_ init=e94 type=Unit ref=s96
expr e96 name(i) type=Int ref=s96
expr e97 name(size) type=Int
expr e98 binary(lessThan) lhs=e96 rhs=e97 type=Boolean
expr e100 name(selector) type=(T#44) -> Int ref=s45
expr e101 this type=Class#0<T#44>
expr e102 name(i) type=Int ref=s96
expr e103 indexedAccess receiver=e101 indices=[e102] type=T#44 call=s2 targs=[T#44]
expr e104 call callee=e100 args=[_:e103] type=Int
expr e105 compoundAssign(plusAssign) name=sum value=e104 type=Unit ref=s95
expr e107 int(1) type=Int
expr e108 compoundAssign(plusAssign) name=i value=e107 type=Unit ref=s96
expr e109 blockExpr stmts=[e105,e108] trailing=_ type=Unit
expr e110 while cond=e98 body=e109 type=Unit
expr e111 name(sum) type=Int ref=s95
expr e112 return value=e111 type=Nothing
expr e114 call callee=e113 args=[] type=Boolean call=s3 targs=[T#47]
expr e115 name(null) type=Nothing?
expr e116 return value=e115 type=Nothing
expr e117 if cond=e114 then=e116 else=_ type=Unit
expr e118 this type=Class#0<T#47>
expr e119 int(0) type=Int
expr e120 indexedAccess receiver=e118 indices=[e119] type=T#47 call=s2 targs=[T#47]
expr e121 localDecl bestElem mutable=1 type=_ init=e120 type=Unit ref=s97
expr e122 name(selector) type=(T#47) -> T#48 ref=s49
expr e123 name(bestElem) type=T#47 ref=s97
expr e124 call callee=e122 args=[_:e123] type=T#48
expr e125 localDecl bestKey mutable=1 type=_ init=e124 type=Unit ref=s98
expr e126 int(1) type=Int
expr e127 localDecl i mutable=1 type=_ init=e126 type=Unit ref=s99
expr e128 name(i) type=Int ref=s99
expr e129 name(size) type=Int
expr e130 binary(lessThan) lhs=e128 rhs=e129 type=Boolean
expr e131 this type=Class#0<T#47>
expr e132 name(i) type=Int ref=s99
expr e133 indexedAccess receiver=e131 indices=[e132] type=T#47 call=s2 targs=[T#47]
expr e134 localDecl elem mutable=0 type=_ init=e133 type=Unit ref=s100
expr e135 name(selector) type=(T#47) -> T#48 ref=s49
expr e136 name(elem) type=T#47 ref=s100
expr e137 call callee=e135 args=[_:e136] type=T#48
expr e138 localDecl key mutable=0 type=_ init=e137 type=Unit ref=s101
expr e139 name(key) type=T#48 ref=s101
expr e140 name(bestKey) type=T#48 ref=s98
expr e141 binary(greaterThan) lhs=e139 rhs=e140 type=Boolean call=s6 targs=[T#48]
expr e143 name(elem) type=T#47 ref=s100
expr e144 localAssign bestElem value=e143 type=Unit ref=s97
expr e146 name(key) type=T#48 ref=s101
expr e147 localAssign bestKey value=e146 type=Unit ref=s98
expr e148 blockExpr stmts=[e144,e147] trailing=_ type=Unit
expr e149 if cond=e141 then=e148 else=_ type=Unit
expr e151 int(1) type=Int
expr e152 compoundAssign(plusAssign) name=i value=e151 type=Unit ref=s99
expr e153 blockExpr stmts=[e134,e138,e149,e152] trailing=_ type=Unit
expr e154 while cond=e130 body=e153 type=Unit
expr e155 name(bestElem) type=T#47 ref=s97
expr e156 return value=e155 type=Nothing
expr e158 call callee=e157 args=[] type=Boolean call=s3 targs=[T#51]
expr e159 name(null) type=Nothing?
expr e160 return value=e159 type=Nothing
expr e161 if cond=e158 then=e160 else=_ type=Unit
expr e162 this type=Class#0<T#51>
expr e163 int(0) type=Int
expr e164 indexedAccess receiver=e162 indices=[e163] type=T#51 call=s2 targs=[T#51]
expr e165 localDecl bestElem mutable=1 type=_ init=e164 type=Unit ref=s102
expr e166 name(selector) type=(T#51) -> T#52 ref=s53
expr e167 name(bestElem) type=T#51 ref=s102
expr e168 call callee=e166 args=[_:e167] type=T#52
expr e169 localDecl bestKey mutable=1 type=_ init=e168 type=Unit ref=s103
expr e170 int(1) type=Int
expr e171 localDecl i mutable=1 type=_ init=e170 type=Unit ref=s104
expr e172 name(i) type=Int ref=s104
expr e173 name(size) type=Int
expr e174 binary(lessThan) lhs=e172 rhs=e173 type=Boolean
expr e175 this type=Class#0<T#51>
expr e176 name(i) type=Int ref=s104
expr e177 indexedAccess receiver=e175 indices=[e176] type=T#51 call=s2 targs=[T#51]
expr e178 localDecl elem mutable=0 type=_ init=e177 type=Unit ref=s105
expr e179 name(selector) type=(T#51) -> T#52 ref=s53
expr e180 name(elem) type=T#51 ref=s105
expr e181 call callee=e179 args=[_:e180] type=T#52
expr e182 localDecl key mutable=0 type=_ init=e181 type=Unit ref=s106
expr e183 name(key) type=T#52 ref=s106
expr e184 name(bestKey) type=T#52 ref=s103
expr e185 binary(lessThan) lhs=e183 rhs=e184 type=Boolean call=s6 targs=[T#52]
expr e187 name(elem) type=T#51 ref=s105
expr e188 localAssign bestElem value=e187 type=Unit ref=s102
expr e190 name(key) type=T#52 ref=s106
expr e191 localAssign bestKey value=e190 type=Unit ref=s103
expr e192 blockExpr stmts=[e188,e191] trailing=_ type=Unit
expr e193 if cond=e185 then=e192 else=_ type=Unit
expr e195 int(1) type=Int
expr e196 compoundAssign(plusAssign) name=i value=e195 type=Unit ref=s104
expr e197 blockExpr stmts=[e178,e182,e193,e196] trailing=_ type=Unit
expr e198 while cond=e174 body=e197 type=Unit
expr e199 name(bestElem) type=T#51 ref=s102
expr e200 return value=e199 type=Nothing
expr e202 call callee=e201 args=[] type=Boolean call=s13
expr e203 this type=String
expr e204 return value=e203 type=Nothing
expr e205 if cond=e202 then=e204 else=_ type=Unit
expr e206 name(StringBuilder) type=Any ref=s26
expr e207 call callee=e206 args=[] type=Class#26
expr e208 localDecl sb mutable=0 type=_ init=e207 type=Unit ref=s107
expr e209 int(0) type=Int
expr e210 localDecl i mutable=1 type=_ init=e209 type=Unit ref=s108
expr e211 name(i) type=Int ref=s108
expr e212 name(length) type=Int
expr e213 binary(lessThan) lhs=e211 rhs=e212 type=Boolean
expr e214 name(sb) type=Class#26 ref=s107
expr e215 this type=String
expr e216 name(i) type=Int ref=s108
expr e217 indexedAccess receiver=e215 indices=[e216] type=Char call=s12
expr e218 memberCall recv=e217 callee=lowercase args=[] type=String call=s23
expr e219 memberCall recv=e214 callee=append args=[_:e218] type=Class#26 call=s27
expr e221 int(1) type=Int
expr e222 compoundAssign(plusAssign) name=i value=e221 type=Unit ref=s108
expr e223 blockExpr stmts=[e219,e222] trailing=_ type=Unit
expr e224 while cond=e213 body=e223 type=Unit
expr e225 name(sb) type=Class#26 ref=s107
expr e226 memberCall recv=e225 callee=toString args=[] type=String call=s29
expr e227 return value=e226 type=Nothing
expr e229 call callee=e228 args=[] type=Boolean call=s13
expr e230 this type=String
expr e231 return value=e230 type=Nothing
expr e232 if cond=e229 then=e231 else=_ type=Unit
expr e233 name(StringBuilder) type=Any ref=s26
expr e234 call callee=e233 args=[] type=Class#26
expr e235 localDecl sb mutable=0 type=_ init=e234 type=Unit ref=s109
expr e236 int(0) type=Int
expr e237 localDecl i mutable=1 type=_ init=e236 type=Unit ref=s110
expr e238 name(i) type=Int ref=s110
expr e239 name(length) type=Int
expr e240 binary(lessThan) lhs=e238 rhs=e239 type=Boolean
expr e241 name(sb) type=Class#26 ref=s109
expr e242 this type=String
expr e243 name(i) type=Int ref=s110
expr e244 indexedAccess receiver=e242 indices=[e243] type=Char call=s12
expr e245 memberCall recv=e244 callee=uppercase args=[] type=String call=s22
expr e246 memberCall recv=e241 callee=append args=[_:e245] type=Class#26 call=s27
expr e248 int(1) type=Int
expr e249 compoundAssign(plusAssign) name=i value=e248 type=Unit ref=s110
expr e250 blockExpr stmts=[e246,e249] trailing=_ type=Unit
expr e251 while cond=e240 body=e250 type=Unit
expr e252 name(sb) type=Class#26 ref=s109
expr e253 memberCall recv=e252 callee=toString args=[] type=String call=s29
expr e254 return value=e253 type=Nothing
expr e256 call callee=e255 args=[] type=Boolean call=s13
expr e257 this type=String
expr e258 return value=e257 type=Nothing
expr e259 if cond=e256 then=e258 else=_ type=Unit
expr e260 name(StringBuilder) type=Any ref=s26
expr e261 call callee=e260 args=[] type=Class#26
expr e262 localDecl sb mutable=0 type=_ init=e261 type=Unit ref=s111
expr e263 name(sb) type=Class#26 ref=s111
expr e264 this type=String
expr e265 int(0) type=Int
expr e266 indexedAccess receiver=e264 indices=[e265] type=Char call=s12
expr e267 memberCall recv=e266 callee=uppercase args=[] type=String call=s22
expr e268 memberCall recv=e263 callee=append args=[_:e267] type=Class#26 call=s27
expr e269 int(1) type=Int
expr e270 localDecl i mutable=1 type=_ init=e269 type=Unit ref=s112
expr e271 name(i) type=Int ref=s112
expr e272 name(length) type=Int
expr e273 binary(lessThan) lhs=e271 rhs=e272 type=Boolean
expr e274 name(sb) type=Class#26 ref=s111
expr e275 this type=String
expr e276 name(i) type=Int ref=s112
expr e277 indexedAccess receiver=e275 indices=[e276] type=Char call=s12
expr e278 memberCall recv=e274 callee=append args=[_:e277] type=Class#26 call=s28
expr e280 int(1) type=Int
expr e281 compoundAssign(plusAssign) name=i value=e280 type=Unit ref=s112
expr e282 blockExpr stmts=[e278,e281] trailing=_ type=Unit
expr e283 while cond=e273 body=e282 type=Unit
expr e284 name(sb) type=Class#26 ref=s111
expr e285 memberCall recv=e284 callee=toString args=[] type=String call=s29
expr e286 return value=e285 type=Nothing
expr e287 this type=String
expr e288 name(locale) type=Class#9 ref=s58
expr e289 memberCall recv=e287 callee=__kk_lowercase_locale args=[_:e288] type=String call=s10
expr e290 this type=String
expr e291 name(locale) type=Class#9 ref=s60
expr e292 memberCall recv=e290 callee=__kk_uppercase_locale args=[_:e291] type=String call=s11
expr e293 name(count) type=Int ref=s62
expr e294 int(0) type=Int
expr e295 binary(lessThan) lhs=e293 rhs=e294 type=Boolean
expr e297 name(count) type=Int ref=s62
expr e298 stringTemplate[lit(Count 'n' must be non-negative, but was ),expr(e297),lit(.)] type=String
expr e299 call callee=e296 args=[_:e298] type=Class#24 call=s25
expr e300 throw value=e299 type=Nothing
expr e301 if cond=e295 then=e300 else=_ type=Unit
expr e302 name(StringBuilder) type=Any ref=s26
expr e303 call callee=e302 args=[] type=Class#26
expr e304 localDecl sb mutable=0 type=_ init=e303 type=Unit ref=s113
expr e305 int(0) type=Int
expr e306 localDecl i mutable=1 type=_ init=e305 type=Unit ref=s114
expr e307 name(i) type=Int ref=s114
expr e308 name(count) type=Int ref=s62
expr e309 binary(lessThan) lhs=e307 rhs=e308 type=Boolean
expr e310 name(sb) type=Class#26 ref=s113
expr e311 this type=String
expr e312 memberCall recv=e310 callee=append args=[_:e311] type=Class#26 call=s27
expr e314 int(1) type=Int
expr e315 compoundAssign(plusAssign) name=i value=e314 type=Unit ref=s114
expr e316 blockExpr stmts=[e312,e315] trailing=_ type=Unit
expr e317 while cond=e309 body=e316 type=Unit
expr e318 name(sb) type=Class#26 ref=s113
expr e319 memberCall recv=e318 callee=toString args=[] type=String call=s29
expr e320 return value=e319 type=Nothing
expr e321 this type=String
expr e322 memberCall recv=e321 callee=length args=[] type=Int call=s8
expr e323 localDecl len mutable=0 type=_ init=e322 type=Unit ref=s115
expr e324 name(StringBuilder) type=Any ref=s26
expr e325 call callee=e324 args=[] type=Class#26
expr e326 localDecl sb mutable=0 type=_ init=e325 type=Unit ref=s116
expr e327 name(len) type=Int ref=s115
expr e328 int(1) type=Int
expr e329 binary(subtract) lhs=e327 rhs=e328 type=Int
expr e330 localDecl i mutable=1 type=_ init=e329 type=Unit ref=s117
expr e331 name(i) type=Int ref=s117
expr e332 int(0) type=Int
expr e333 binary(greaterOrEqual) lhs=e331 rhs=e332 type=Boolean
expr e334 name(sb) type=Class#26 ref=s116
expr e335 this type=String
expr e336 name(i) type=Int ref=s117
expr e337 indexedAccess receiver=e335 indices=[e336] type=Char call=s12
expr e338 memberCall recv=e334 callee=append args=[_:e337] type=Class#26 call=s28
expr e340 int(1) type=Int
expr e341 compoundAssign(minusAssign) name=i value=e340 type=Unit ref=s117
expr e342 blockExpr stmts=[e338,e341] trailing=_ type=Unit
expr e343 while cond=e333 body=e342 type=Unit
expr e344 name(sb) type=Class#26 ref=s116
expr e345 memberCall recv=e344 callee=toString args=[] type=String call=s29
expr e346 return value=e345 type=Nothing
expr e348 name(length) type=Int ref=s65
expr e349 this type=String
expr e350 memberCall recv=e349 callee=length args=[] type=Int call=s8
expr e351 binary(subtract) lhs=e348 rhs=e350 type=Int
expr e352 localDecl padding mutable=0 type=_ init=e351 type=Unit ref=s118
expr e353 name(padding) type=Int ref=s118
expr e354 int(0) type=Int
expr e355 binary(lessOrEqual) lhs=e353 rhs=e354 type=Boolean
expr e356 this type=String
expr e357 return value=e356 type=Nothing
expr e358 if cond=e355 then=e357 else=_ type=Unit
expr e359 name(StringBuilder) type=Any ref=s26
expr e360 call callee=e359 args=[] type=Class#26
expr e361 localDecl sb mutable=0 type=_ init=e360 type=Unit ref=s119
expr e362 int(0) type=Int
expr e363 localDecl i mutable=1 type=_ init=e362 type=Unit ref=s120
expr e364 name(i) type=Int ref=s120
expr e365 name(padding) type=Int ref=s118
expr e366 binary(lessThan) lhs=e364 rhs=e365 type=Boolean
expr e367 name(sb) type=Class#26 ref=s119
expr e368 name(padChar) type=Char ref=s66
expr e369 memberCall recv=e367 callee=append args=[_:e368] type=Class#26 call=s28
expr e371 int(1) type=Int
expr e372 compoundAssign(plusAssign) name=i value=e371 type=Unit ref=s120
expr e373 blockExpr stmts=[e369,e372] trailing=_ type=Unit
expr e374 while cond=e366 body=e373 type=Unit
expr e375 name(sb) type=Class#26 ref=s119
expr e376 this type=String
expr e377 memberCall recv=e375 callee=append args=[_:e376] type=Class#26 call=s27
expr e378 name(sb) type=Class#26 ref=s119
expr e379 memberCall recv=e378 callee=toString args=[] type=String call=s29
expr e380 return value=e379 type=Nothing
expr e382 name(length) type=Int ref=s68
expr e383 this type=String
expr e384 memberCall recv=e383 callee=length args=[] type=Int call=s8
expr e385 binary(subtract) lhs=e382 rhs=e384 type=Int
expr e386 localDecl padding mutable=0 type=_ init=e385 type=Unit ref=s121
expr e387 name(padding) type=Int ref=s121
expr e388 int(0) type=Int
expr e389 binary(lessOrEqual) lhs=e387 rhs=e388 type=Boolean
expr e390 this type=String
expr e391 return value=e390 type=Nothing
expr e392 if cond=e389 then=e391 else=_ type=Unit
expr e393 name(StringBuilder) type=Any ref=s26
expr e394 call callee=e393 args=[] type=Class#26
expr e395 localDecl sb mutable=0 type=_ init=e394 type=Unit ref=s122
expr e396 name(sb) type=Class#26 ref=s122
expr e397 this type=String
expr e398 memberCall recv=e396 callee=append args=[_:e397] type=Class#26 call=s27
expr e399 int(0) type=Int
expr e400 localDecl i mutable=1 type=_ init=e399 type=Unit ref=s123
expr e401 name(i) type=Int ref=s123
expr e402 name(padding) type=Int ref=s121
expr e403 binary(lessThan) lhs=e401 rhs=e402 type=Boolean
expr e404 name(sb) type=Class#26 ref=s122
expr e405 name(padChar) type=Char ref=s69
expr e406 memberCall recv=e404 callee=append args=[_:e405] type=Class#26 call=s28
expr e408 int(1) type=Int
expr e409 compoundAssign(plusAssign) name=i value=e408 type=Unit ref=s123
expr e410 blockExpr stmts=[e406,e409] trailing=_ type=Unit
expr e411 while cond=e403 body=e410 type=Unit
expr e412 name(sb) type=Class#26 ref=s122
expr e413 memberCall recv=e412 callee=toString args=[] type=String call=s29
expr e414 return value=e413 type=Nothing
expr e415 this type=String
expr e416 memberCall recv=e415 callee=__kk_encodeToByteArray args=[] type=Class#7 call=s15
expr e417 this type=String
expr e418 name(startIndex) type=Int ref=s72
expr e419 name(endIndex) type=Int ref=s73
expr e420 memberCall recv=e417 callee=__kk_encodeToByteArray_range args=[_:e418,_:e419] type=Class#7 call=s16
expr e421 this type=String
expr e422 name(charset) type=Class#14 ref=s75
expr e423 memberCall recv=e421 callee=__kk_encodeToByteArray_charset args=[_:e422] type=Class#7 call=s17
expr e424 this type=Class#7
expr e425 memberCall recv=e424 callee=__kk_decodeToString args=[] type=String call=s18
expr e426 this type=Class#7
expr e427 name(charset) type=Class#14 ref=s78
expr e428 memberCall recv=e426 callee=__kk_decodeToString_charset args=[_:e427] type=String call=s19
expr e429 this type=Class#7
expr e430 name(startIndex) type=Int ref=s80
expr e431 name(endIndex) type=Int ref=s81
expr e432 memberCall recv=e429 callee=__kk_decodeToString_range args=[_:e430,_:e431] type=String call=s20
expr e433 this type=Class#7
expr e434 name(startIndex) type=Int ref=s83
expr e435 name(endIndex) type=Int ref=s84
expr e436 name(throwOnInvalidSequence) type=Boolean ref=s85
expr e437 memberCall recv=e433 callee=__kk_decodeToString_range_throw args=[_:e434,_:e435,_:e436] type=String call=s21
expr e438 char(97) type=Char
expr e439 localDecl c mutable=0 type=t108 init=e438 type=Unit ref=s124
expr e440 name(c) type=Char ref=s124
expr e441 int(1) type=Int
expr e442 binary(add) lhs=e440 rhs=e441 type=Char
expr e443 localDecl next mutable=0 type=_ init=e442 type=Unit ref=s125
expr e445 name(next) type=Char ref=s125
expr e446 call callee=e444 args=[_:e445] type=Unit call=s30
expr e447 char(122) type=Char
expr e448 localDecl c mutable=0 type=t109 init=e447 type=Unit ref=s126
expr e449 name(c) type=Char ref=s126
expr e450 int(1) type=Int
expr e451 binary(subtract) lhs=e449 rhs=e450 type=Char
expr e452 localDecl prev mutable=0 type=_ init=e451 type=Unit ref=s127
expr e454 name(prev) type=Char ref=s127
expr e455 call callee=e453 args=[_:e454] type=Unit call=s30
expr e456 char(122) type=Char
expr e457 char(97) type=Char
expr e458 binary(subtract) lhs=e456 rhs=e457 type=Int
expr e459 localDecl diff mutable=0 type=_ init=e458 type=Unit ref=s128
expr e461 name(diff) type=Int ref=s128
expr e462 call callee=e460 args=[_:e461] type=Unit call=s30
expr e463 char(97) type=Char
expr e464 char(122) type=Char
expr e465 binary(lessThan) lhs=e463 rhs=e464 type=Boolean
expr e466 localDecl lt mutable=0 type=_ init=e465 type=Unit ref=s129
expr e467 char(97) type=Char
expr e468 char(97) type=Char
expr e469 binary(equal) lhs=e467 rhs=e468 type=Boolean
expr e470 localDecl eq mutable=0 type=_ init=e469 type=Unit ref=s130
expr e472 name(lt) type=Boolean ref=s129
expr e473 call callee=e471 args=[_:e472] type=Unit call=s30
expr e475 name(eq) type=Boolean ref=s130
expr e476 call callee=e474 args=[_:e475] type=Unit call=s30
