symbol fq=charCategory.$0.c[kind=vparam] kind=valueParameter vis=private flags=_
symbol fq=charCategory[kind=fun;params=Char] kind=function vis=public flags=_ sig=recv=_ params=[Char] ret=kotlin.text.CharCategory
symbol fq=charDirectionality.$1.c[kind=vparam] kind=valueParameter vis=private flags=_
symbol fq=charDirectionality[kind=fun;params=Char] kind=function vis=public flags=_ sig=recv=_ params=[Char] ret=kotlin.text.CharDirectionality
symbol fq=charIsSurrogate.$2.c[kind=vparam] kind=valueParameter vis=private flags=_
symbol fq=charIsSurrogate[kind=fun;params=Char] kind=function vis=public flags=_ sig=recv=_ params=[Char] ret=Boolean
symbol fq=charIsTitleCase.$3.c[kind=vparam] kind=valueParameter vis=private flags=_
symbol fq=charIsTitleCase[kind=fun;params=Char] kind=function vis=public flags=_ sig=recv=_ params=[Char] ret=Boolean
symbol fq=charIsUnicodeIdentifierPart.$4.c[kind=vparam] kind=valueParameter vis=private flags=_
symbol fq=charIsUnicodeIdentifierPart[kind=fun;params=Char] kind=function vis=public flags=_ sig=recv=_ params=[Char] ret=Boolean
file fchar_properties package=_
  decl charCategory[kind=fun;params=Char] fun charCategory sym=charCategory[kind=fun;params=Char]
  decl charDirectionality[kind=fun;params=Char] fun charDirectionality sym=charDirectionality[kind=fun;params=Char]
  decl charIsSurrogate[kind=fun;params=Char] fun charIsSurrogate sym=charIsSurrogate[kind=fun;params=Char]
  decl charIsTitleCase[kind=fun;params=Char] fun charIsTitleCase sym=charIsTitleCase[kind=fun;params=Char]
  decl charIsUnicodeIdentifierPart[kind=fun;params=Char] fun charIsUnicodeIdentifierPart sym=charIsUnicodeIdentifierPart[kind=fun;params=Char]
expr e@1:55 name(c) type=Char ref=charCategory.$0.c[kind=vparam]
expr e@1:55#1 memberCall recv=e@1:55 callee=category args=[] type=kotlin.text.CharCategory call=kotlin.text.category[kind=fun;recv=Char;params=]
expr e@2:67 name(c) type=Char ref=charDirectionality.$1.c[kind=vparam]
expr e@2:67#1 memberCall recv=e@2:67 callee=directionality args=[] type=kotlin.text.CharDirectionality call=kotlin.text.directionality[kind=fun;recv=Char;params=]
expr e@3:41 name(c) type=Char ref=charIsSurrogate.$2.c[kind=vparam]
expr e@3:41#1 memberCall recv=e@3:41 callee=isSurrogate args=[] type=Boolean call=kotlin.text.isSurrogate[kind=fun;recv=Char;params=]
expr e@4:41 name(c) type=Char ref=charIsTitleCase.$3.c[kind=vparam]
expr e@4:41#1 memberCall recv=e@4:41 callee=isTitleCase args=[] type=Boolean call=kotlin.text.isTitleCase[kind=fun;recv=Char;params=]
expr e@5:53 name(c) type=Char ref=charIsUnicodeIdentifierPart.$4.c[kind=vparam]
expr e@5:53#1 memberCall recv=e@5:53 callee=isUnicodeIdentifierPart args=[] type=Boolean call=kotlin.text.isUnicodeIdentifierPart[kind=fun;recv=Char;params=]
