symbol fq=__local_0.pinned kind=local vis=private flags=_ type=kotlinx.cinterop.Pinned<Any>
symbol fq=__local_1.retrieved kind=local vis=private flags=_ type=Any
symbol fq=golden.sema.testPin kind=function vis=public flags=_ sig=recv=_ params=[Any] ret=Any
symbol fq=golden.sema.testPin.$0.obj kind=valueParameter vis=private flags=_
symbol fq=kotlinx.cinterop.Pinned kind=class vis=public flags=synthetic type=kotlinx.cinterop.Pinned<kotlinx.cinterop.Pinned.T>
symbol fq=kotlinx.cinterop.Pinned.T kind=typeParameter vis=private flags=_
symbol fq=kotlinx.cinterop.Pinned.get kind=function vis=public flags=synthetic sig=recv=kotlinx.cinterop.Pinned<kotlinx.cinterop.Pinned.T> params=[] ret=kotlinx.cinterop.Pinned.T bounds=[Any]
symbol fq=kotlinx.cinterop.Pinned.unpin kind=function vis=public flags=synthetic sig=recv=kotlinx.cinterop.Pinned<kotlinx.cinterop.Pinned.T> params=[] ret=Unit bounds=[Any]
symbol fq=kotlinx.cinterop.pin kind=function vis=public flags=inlineFunction|synthetic sig=recv=kotlinx.cinterop.pin.T params=[] ret=kotlinx.cinterop.Pinned<kotlinx.cinterop.pin.T> bounds=[Any]
symbol fq=kotlinx.cinterop.pin.T kind=typeParameter vis=private flags=synthetic
file f15 package=golden.sema
  decl golden.sema.testPin fun testPin sym=golden.sema.testPin
expr e@9:31#0 name(obj) type=Any ref=golden.sema.testPin.$0.obj
expr e@9:31#1 memberCall recv=e@9:31#0 callee=pin args=[] type=kotlinx.cinterop.Pinned<Any> call=kotlinx.cinterop.pin targs=[Any]
expr e@9:5 localDecl pinned mutable=0 type=Pinned<Any> init=e@9:31#1 type=Unit ref=__local_0.pinned
expr e@10:26#0 name(pinned) type=kotlinx.cinterop.Pinned<Any> ref=__local_0.pinned
expr e@10:26#1 memberCall recv=e@10:26#0 callee=get args=[] type=Any call=kotlinx.cinterop.Pinned.get targs=[Any]
expr e@10:5#1 localDecl retrieved mutable=0 type=Any init=e@10:26#1 type=Unit ref=__local_1.retrieved
expr e@11:5#2 name(pinned) type=kotlinx.cinterop.Pinned<Any> ref=__local_0.pinned
expr e@11:5#3 memberCall recv=e@11:5#2 callee=unpin args=[] type=Unit call=kotlinx.cinterop.Pinned.unpin targs=[Any]
expr e@12:12#2 name(retrieved) type=Any ref=__local_1.retrieved
expr e@12:5#4 return value=e@12:12#2 type=Nothing
