symbol fq=Temperature kind=class vis=public flags=_
symbol fq=Temperature.compareTo.$6924.other kind=valueParameter vis=private flags=_
symbol fq=Temperature.degrees kind=property vis=public flags=_ type=Int
symbol fq=customCompareGe kind=function vis=public flags=_ sig=recv=_ params=[Temperature,Temperature] ret=Boolean
symbol fq=customCompareGe.$6942.a kind=valueParameter vis=private flags=_
symbol fq=customCompareGe.$6942.b kind=valueParameter vis=private flags=_
symbol fq=customCompareLt kind=function vis=public flags=_ sig=recv=_ params=[Temperature,Temperature] ret=Boolean
symbol fq=customCompareLt.$6939.a kind=valueParameter vis=private flags=_
symbol fq=customCompareLt.$6939.b kind=valueParameter vis=private flags=_
symbol fq=primitiveCompare kind=function vis=public flags=_ sig=recv=_ params=[Int,Int] ret=Boolean
symbol fq=primitiveCompare.$6945.a kind=valueParameter vis=private flags=_
symbol fq=primitiveCompare.$6945.b kind=valueParameter vis=private flags=_
symbol fq=stringCompareGe kind=function vis=public flags=_ sig=recv=_ params=[String,String] ret=Boolean
symbol fq=stringCompareGe.$6930.a kind=valueParameter vis=private flags=_
symbol fq=stringCompareGe.$6930.b kind=valueParameter vis=private flags=_
symbol fq=stringCompareGt kind=function vis=public flags=_ sig=recv=_ params=[String,String] ret=Boolean
symbol fq=stringCompareGt.$6936.a kind=valueParameter vis=private flags=_
symbol fq=stringCompareGt.$6936.b kind=valueParameter vis=private flags=_
symbol fq=stringCompareLe kind=function vis=public flags=_ sig=recv=_ params=[String,String] ret=Boolean
symbol fq=stringCompareLe.$6933.a kind=valueParameter vis=private flags=_
symbol fq=stringCompareLe.$6933.b kind=valueParameter vis=private flags=_
symbol fq=stringCompareLt kind=function vis=public flags=_ sig=recv=_ params=[String,String] ret=Boolean
symbol fq=stringCompareLt.$6927.a kind=valueParameter vis=private flags=_
symbol fq=stringCompareLt.$6927.b kind=valueParameter vis=private flags=_
file f18 package=_
  decl Temperature class Temperature sym=Temperature
  decl stringCompareLt fun stringCompareLt sym=stringCompareLt
  decl stringCompareGe fun stringCompareGe sym=stringCompareGe
  decl stringCompareLe fun stringCompareLe sym=stringCompareLe
  decl stringCompareGt fun stringCompareGt sym=stringCompareGt
  decl customCompareLt fun customCompareLt sym=customCompareLt
  decl customCompareGe fun customCompareGe sym=customCompareGe
  decl primitiveCompare fun primitiveCompare sym=primitiveCompare
expr e@2:55#0 this type=Temperature
expr e@2:55#1 memberCall recv=e@2:55#0 callee=degrees args=[] type=Int ref=Temperature.degrees
expr e@2:70#0 name(other) type=Temperature ref=Temperature.compareTo.$6924.other
expr e@2:70#1 memberCall recv=e@2:70#0 callee=degrees args=[] type=Int ref=Temperature.degrees
expr e@2:55#2 binary(subtract) lhs=e@2:55#1 rhs=e@2:70#1 type=Int
expr e@5:54#0 name(a) type=String ref=stringCompareLt.$6927.a
expr e@5:58 name(b) type=String ref=stringCompareLt.$6927.b
expr e@5:54#1 binary(lessThan) lhs=e@5:54#0 rhs=e@5:58 type=Boolean
expr e@7:54#0 name(a) type=String ref=stringCompareGe.$6930.a
expr e@7:59 name(b) type=String ref=stringCompareGe.$6930.b
expr e@7:54#1 binary(greaterOrEqual) lhs=e@7:54#0 rhs=e@7:59 type=Boolean
expr e@9:54#0 name(a) type=String ref=stringCompareLe.$6933.a
expr e@9:59 name(b) type=String ref=stringCompareLe.$6933.b
expr e@9:54#1 binary(lessOrEqual) lhs=e@9:54#0 rhs=e@9:59 type=Boolean
expr e@11:54#0 name(a) type=String ref=stringCompareGt.$6936.a
expr e@11:58 name(b) type=String ref=stringCompareGt.$6936.b
expr e@11:54#1 binary(greaterThan) lhs=e@11:54#0 rhs=e@11:58 type=Boolean
expr e@13:64#0 name(a) type=Temperature ref=customCompareLt.$6939.a
expr e@13:68 name(b) type=Temperature ref=customCompareLt.$6939.b
expr e@13:64#1 binary(lessThan) lhs=e@13:64#0 rhs=e@13:68 type=<error>
expr e@15:64#0 name(a) type=Temperature ref=customCompareGe.$6942.a
expr e@15:69 name(b) type=Temperature ref=customCompareGe.$6942.b
expr e@15:64#1 binary(greaterOrEqual) lhs=e@15:64#0 rhs=e@15:69 type=<error>
expr e@17:49#0 name(a) type=Int ref=primitiveCompare.$6945.a
expr e@17:53 name(b) type=Int ref=primitiveCompare.$6945.b
expr e@17:49#1 binary(lessThan) lhs=e@17:49#0 rhs=e@17:53 type=Boolean
