symbol s0 kind=class fq=kotlin.Throwable vis=public flags=synthetic type=Class#0
symbol s1 kind=class fq=kotlin.RuntimeException vis=public flags=synthetic type=Class#1
symbol s2 kind=class fq=kotlin.IllegalArgumentException vis=public flags=synthetic type=Class#2
symbol s3 kind=class fq=kotlin.IllegalStateException vis=public flags=synthetic type=Class#3
symbol s4 kind=class fq=kotlin.IndexOutOfBoundsException vis=public flags=synthetic type=Class#4
symbol s5 kind=class fq=kotlin.UnsupportedOperationException vis=public flags=synthetic type=Class#5
symbol s6 kind=class fq=kotlin.NoSuchElementException vis=public flags=synthetic type=Class#6
symbol s7 kind=class fq=kotlin.ArithmeticException vis=public flags=synthetic type=Class#7
symbol s8 kind=class fq=kotlin.ClassCastException vis=public flags=synthetic type=Class#8
symbol s9 kind=constructor fq=kotlin.RuntimeException.<init> vis=public flags=synthetic sig=recv=_ params=[String] ret=Class#1 suspend=0 defaults=[0] vararg=[0]
symbol s10 kind=constructor fq=kotlin.IllegalArgumentException.<init> vis=public flags=synthetic sig=recv=_ params=[String] ret=Class#2 suspend=0 defaults=[0] vararg=[0]
symbol s11 kind=constructor fq=kotlin.IllegalStateException.<init> vis=public flags=synthetic sig=recv=_ params=[String] ret=Class#3 suspend=0 defaults=[0] vararg=[0]
symbol s12 kind=constructor fq=kotlin.IndexOutOfBoundsException.<init> vis=public flags=synthetic sig=recv=_ params=[String] ret=Class#4 suspend=0 defaults=[0] vararg=[0]
symbol s13 kind=constructor fq=kotlin.UnsupportedOperationException.<init> vis=public flags=synthetic sig=recv=_ params=[String] ret=Class#5 suspend=0 defaults=[0] vararg=[0]
symbol s14 kind=constructor fq=kotlin.NoSuchElementException.<init> vis=public flags=synthetic sig=recv=_ params=[String] ret=Class#6 suspend=0 defaults=[0] vararg=[0]
symbol s15 kind=constructor fq=kotlin.ArithmeticException.<init> vis=public flags=synthetic sig=recv=_ params=[String] ret=Class#7 suspend=0 defaults=[0] vararg=[0]
symbol s16 kind=constructor fq=kotlin.ClassCastException.<init> vis=public flags=synthetic sig=recv=_ params=[String] ret=Class#8 suspend=0 defaults=[0] vararg=[0]
symbol s17 kind=property fq=kotlin.Throwable.message vis=public flags=synthetic type=String?
symbol s18 kind=property fq=kotlin.Throwable.cause vis=public flags=synthetic type=Class#0?
symbol s19 kind=function fq=kotlin.Throwable.stackTraceToString vis=public flags=synthetic sig=recv=Class#0 params=[] ret=String suspend=0 defaults=[] vararg=[]
symbol s20 kind=function fq=golden.sema.catchIllegalArgument vis=public flags=_ sig=recv=_ params=[] ret=String suspend=0 defaults=[] vararg=[]
symbol s21 kind=function fq=golden.sema.catchIllegalState vis=public flags=_ sig=recv=_ params=[] ret=String suspend=0 defaults=[] vararg=[]
symbol s22 kind=function fq=golden.sema.catchIndexOutOfBounds vis=public flags=_ sig=recv=_ params=[] ret=String suspend=0 defaults=[] vararg=[]
symbol s23 kind=function fq=golden.sema.catchUnsupportedOperation vis=public flags=_ sig=recv=_ params=[] ret=String suspend=0 defaults=[] vararg=[]
symbol s24 kind=function fq=golden.sema.catchNoSuchElement vis=public flags=_ sig=recv=_ params=[] ret=String suspend=0 defaults=[] vararg=[]
symbol s25 kind=function fq=golden.sema.catchArithmetic vis=public flags=_ sig=recv=_ params=[] ret=String suspend=0 defaults=[] vararg=[]
symbol s26 kind=function fq=golden.sema.catchClassCast vis=public flags=_ sig=recv=_ params=[] ret=String suspend=0 defaults=[] vararg=[]
symbol s27 kind=function fq=golden.sema.throwableProperties vis=public flags=_ sig=recv=_ params=[] ret=String suspend=0 defaults=[] vararg=[]
symbol s28 kind=local fq=__try_7_catch_0.e vis=internal flags=_ type=Class#2
symbol s29 kind=local fq=__try_15_catch_0.e vis=internal flags=_ type=Class#3
symbol s30 kind=local fq=__try_23_catch_0.e vis=internal flags=_ type=Class#4
symbol s31 kind=local fq=__try_31_catch_0.e vis=internal flags=_ type=Class#5
symbol s32 kind=local fq=__try_39_catch_0.e vis=internal flags=_ type=Class#6
symbol s33 kind=local fq=__try_47_catch_0.e vis=internal flags=_ type=Class#7
symbol s34 kind=local fq=__try_55_catch_0.e vis=internal flags=_ type=Class#8
symbol s35 kind=local fq=__try_74_catch_0.e vis=internal flags=_ type=Class#0
symbol s36 kind=local fq=__local_0.msg vis=private flags=_ type=String?
symbol s37 kind=local fq=__local_1.cause vis=private flags=_ type=Class#0?
symbol s38 kind=local fq=__local_2.trace vis=private flags=_ type=String
file f0 package=golden.sema
  decl d0 fun catchIllegalArgument suspend=0 inline=0 sym=s20
  decl d1 fun catchIllegalState suspend=0 inline=0 sym=s21
  decl d2 fun catchIndexOutOfBounds suspend=0 inline=0 sym=s22
  decl d3 fun catchUnsupportedOperation suspend=0 inline=0 sym=s23
  decl d4 fun catchNoSuchElement suspend=0 inline=0 sym=s24
  decl d5 fun catchArithmetic suspend=0 inline=0 sym=s25
  decl d6 fun catchClassCast suspend=0 inline=0 sym=s26
  decl d7 fun throwableProperties suspend=0 inline=0 sym=s27
expr e0 name(IllegalArgumentException) type=_
expr e1 string(bad) type=String
expr e2 call callee=e0 args=[_:e1] type=Class#2 call=s10 map=[0->0] targs=[]
expr e3 throw value=e2 type=Nothing
expr e4 blockExpr stmts=[] trailing=e3 type=Nothing
expr e5 string(caught) type=String
expr e6 blockExpr stmts=[] trailing=e5 type=String ref=s28
expr e7 try body=e4 catches=[e6] finally=_ type=String
expr e8 name(IllegalStateException) type=_
expr e9 string(bad state) type=String
expr e10 call callee=e8 args=[_:e9] type=Class#3 call=s11 map=[0->0] targs=[]
expr e11 throw value=e10 type=Nothing
expr e12 blockExpr stmts=[] trailing=e11 type=Nothing
expr e13 string(caught) type=String
expr e14 blockExpr stmts=[] trailing=e13 type=String ref=s29
expr e15 try body=e12 catches=[e14] finally=_ type=String
expr e16 name(IndexOutOfBoundsException) type=_
expr e17 string(index 5) type=String
expr e18 call callee=e16 args=[_:e17] type=Class#4 call=s12 map=[0->0] targs=[]
expr e19 throw value=e18 type=Nothing
expr e20 blockExpr stmts=[] trailing=e19 type=Nothing
expr e21 string(caught) type=String
expr e22 blockExpr stmts=[] trailing=e21 type=String ref=s30
expr e23 try body=e20 catches=[e22] finally=_ type=String
expr e24 name(UnsupportedOperationException) type=_
expr e25 string(not supported) type=String
expr e26 call callee=e24 args=[_:e25] type=Class#5 call=s13 map=[0->0] targs=[]
expr e27 throw value=e26 type=Nothing
expr e28 blockExpr stmts=[] trailing=e27 type=Nothing
expr e29 string(caught) type=String
expr e30 blockExpr stmts=[] trailing=e29 type=String ref=s31
expr e31 try body=e28 catches=[e30] finally=_ type=String
expr e32 name(NoSuchElementException) type=_
expr e33 string(empty) type=String
expr e34 call callee=e32 args=[_:e33] type=Class#6 call=s14 map=[0->0] targs=[]
expr e35 throw value=e34 type=Nothing
expr e36 blockExpr stmts=[] trailing=e35 type=Nothing
expr e37 string(caught) type=String
expr e38 blockExpr stmts=[] trailing=e37 type=String ref=s32
expr e39 try body=e36 catches=[e38] finally=_ type=String
expr e40 name(ArithmeticException) type=_
expr e41 string(div by zero) type=String
expr e42 call callee=e40 args=[_:e41] type=Class#7 call=s15 map=[0->0] targs=[]
expr e43 throw value=e42 type=Nothing
expr e44 blockExpr stmts=[] trailing=e43 type=Nothing
expr e45 string(caught) type=String
expr e46 blockExpr stmts=[] trailing=e45 type=String ref=s33
expr e47 try body=e44 catches=[e46] finally=_ type=String
expr e48 name(ClassCastException) type=_
expr e49 string(bad cast) type=String
expr e50 call callee=e48 args=[_:e49] type=Class#8 call=s16 map=[0->0] targs=[]
expr e51 throw value=e50 type=Nothing
expr e52 blockExpr stmts=[] trailing=e51 type=Nothing
expr e53 string(caught) type=String
expr e54 blockExpr stmts=[] trailing=e53 type=String ref=s34
expr e55 try body=e52 catches=[e54] finally=_ type=String
expr e56 name(RuntimeException) type=_
expr e57 string(test) type=String
expr e58 call callee=e56 args=[_:e57] type=Class#1 call=s9 map=[0->0] targs=[]
expr e59 throw value=e58 type=Nothing
expr e60 blockExpr stmts=[] trailing=e59 type=Nothing
expr e61 name(e) type=Class#0 ref=s35
expr e62 memberCall recv=e61 callee=message args=[] type=String? ref=s17
expr e63 localDecl msg mutable=0 type=t8 init=e62 type=Unit ref=s36
expr e64 name(e) type=Class#0 ref=s35
expr e65 memberCall recv=e64 callee=cause args=[] type=Class#0? ref=s18
expr e66 localDecl cause mutable=0 type=t9 init=e65 type=Unit ref=s37
expr e67 name(e) type=Class#0 ref=s35
expr e68 memberCall recv=e67 callee=stackTraceToString args=[] type=String call=s19 map=[] targs=[]
expr e69 localDecl trace mutable=0 type=t10 init=e68 type=Unit ref=s38
expr e70 name(msg) type=String? ref=s36
expr e71 string(null) type=String
expr e72 binary(elvis) lhs=e70 rhs=e71 type=String
expr e73 blockExpr stmts=[e63,e66,e69] trailing=e72 type=String ref=s35
expr e74 try body=e60 catches=[e73] finally=_ type=String
expr e75 return value=e74 type=Nothing
