symbol fq=__local_0.msg kind=local vis=private flags=_ type=String?
symbol fq=__local_1.cause kind=local vis=private flags=_ type=kotlin.Throwable?
symbol fq=__local_2.trace kind=local vis=private flags=_ type=String
symbol fq=__try_0_catch_0.e kind=local vis=internal flags=_ type=kotlin.IllegalArgumentException
symbol fq=__try_1_catch_0.e kind=local vis=internal flags=_ type=kotlin.IllegalStateException
symbol fq=__try_2_catch_0.e kind=local vis=internal flags=_ type=kotlin.IndexOutOfBoundsException
symbol fq=__try_3_catch_0.e kind=local vis=internal flags=_ type=kotlin.UnsupportedOperationException
symbol fq=__try_4_catch_0.e kind=local vis=internal flags=_ type=kotlin.NoSuchElementException
symbol fq=__try_5_catch_0.e kind=local vis=internal flags=_ type=kotlin.ArithmeticException
symbol fq=__try_6_catch_0.e kind=local vis=internal flags=_ type=kotlin.ClassCastException
symbol fq=__try_7_catch_0.e kind=local vis=internal flags=_ type=kotlin.Throwable
symbol fq=golden.sema.catchArithmetic kind=function vis=public flags=_ sig=recv=_ params=[] ret=String
symbol fq=golden.sema.catchClassCast kind=function vis=public flags=_ sig=recv=_ params=[] ret=String
symbol fq=golden.sema.catchIllegalArgument kind=function vis=public flags=_ sig=recv=_ params=[] ret=String
symbol fq=golden.sema.catchIllegalState kind=function vis=public flags=_ sig=recv=_ params=[] ret=String
symbol fq=golden.sema.catchIndexOutOfBounds kind=function vis=public flags=_ sig=recv=_ params=[] ret=String
symbol fq=golden.sema.catchNoSuchElement kind=function vis=public flags=_ sig=recv=_ params=[] ret=String
symbol fq=golden.sema.catchUnsupportedOperation kind=function vis=public flags=_ sig=recv=_ params=[] ret=String
symbol fq=golden.sema.throwableProperties kind=function vis=public flags=_ sig=recv=_ params=[] ret=String
symbol fq=kotlin.ArithmeticException kind=class vis=public flags=synthetic type=kotlin.ArithmeticException
symbol fq=kotlin.ArithmeticException.<init>#1 kind=constructor vis=public flags=synthetic sig=recv=_ params=[String] ret=kotlin.ArithmeticException
symbol fq=kotlin.ArithmeticException.<init>.message kind=valueParameter vis=private flags=synthetic
symbol fq=kotlin.ClassCastException kind=class vis=public flags=synthetic type=kotlin.ClassCastException
symbol fq=kotlin.ClassCastException.<init>#1 kind=constructor vis=public flags=synthetic sig=recv=_ params=[String] ret=kotlin.ClassCastException
symbol fq=kotlin.ClassCastException.<init>.message kind=valueParameter vis=private flags=synthetic
symbol fq=kotlin.IllegalArgumentException kind=class vis=public flags=synthetic type=kotlin.IllegalArgumentException
symbol fq=kotlin.IllegalArgumentException.<init>#1 kind=constructor vis=public flags=synthetic sig=recv=_ params=[String] ret=kotlin.IllegalArgumentException
symbol fq=kotlin.IllegalArgumentException.<init>.message kind=valueParameter vis=private flags=synthetic
symbol fq=kotlin.IllegalStateException kind=class vis=public flags=synthetic type=kotlin.IllegalStateException
symbol fq=kotlin.IllegalStateException.<init>#1 kind=constructor vis=public flags=synthetic sig=recv=_ params=[String] ret=kotlin.IllegalStateException
symbol fq=kotlin.IllegalStateException.<init>.message kind=valueParameter vis=private flags=synthetic
symbol fq=kotlin.IndexOutOfBoundsException kind=class vis=public flags=synthetic type=kotlin.IndexOutOfBoundsException
symbol fq=kotlin.IndexOutOfBoundsException.<init>#1 kind=constructor vis=public flags=synthetic sig=recv=_ params=[String] ret=kotlin.IndexOutOfBoundsException
symbol fq=kotlin.IndexOutOfBoundsException.<init>.message kind=valueParameter vis=private flags=synthetic
symbol fq=kotlin.NoSuchElementException kind=class vis=public flags=synthetic type=kotlin.NoSuchElementException
symbol fq=kotlin.NoSuchElementException.<init>#1 kind=constructor vis=public flags=synthetic sig=recv=_ params=[String] ret=kotlin.NoSuchElementException
symbol fq=kotlin.NoSuchElementException.<init>.message kind=valueParameter vis=private flags=synthetic
symbol fq=kotlin.RuntimeException kind=class vis=public flags=synthetic type=kotlin.RuntimeException
symbol fq=kotlin.RuntimeException.<init>#1 kind=constructor vis=public flags=synthetic sig=recv=_ params=[String] ret=kotlin.RuntimeException
symbol fq=kotlin.RuntimeException.<init>.message kind=valueParameter vis=private flags=synthetic
symbol fq=kotlin.Throwable kind=class vis=public flags=synthetic type=kotlin.Throwable
symbol fq=kotlin.Throwable.cause kind=property vis=public flags=synthetic type=kotlin.Throwable?
symbol fq=kotlin.Throwable.message kind=property vis=public flags=synthetic type=String?
symbol fq=kotlin.Throwable.stackTraceToString kind=function vis=public flags=synthetic sig=recv=kotlin.Throwable params=[] ret=String
symbol fq=kotlin.UnsupportedOperationException kind=class vis=public flags=synthetic type=kotlin.UnsupportedOperationException
symbol fq=kotlin.UnsupportedOperationException.<init>#1 kind=constructor vis=public flags=synthetic sig=recv=_ params=[String] ret=kotlin.UnsupportedOperationException
symbol fq=kotlin.UnsupportedOperationException.<init>.message kind=valueParameter vis=private flags=synthetic
file f4 package=golden.sema
  decl d0 fun catchIllegalArgument sym=golden.sema.catchIllegalArgument
  decl d1 fun catchIllegalState sym=golden.sema.catchIllegalState
  decl d2 fun catchIndexOutOfBounds sym=golden.sema.catchIndexOutOfBounds
  decl d3 fun catchUnsupportedOperation sym=golden.sema.catchUnsupportedOperation
  decl d4 fun catchNoSuchElement sym=golden.sema.catchNoSuchElement
  decl d5 fun catchArithmetic sym=golden.sema.catchArithmetic
  decl d6 fun catchClassCast sym=golden.sema.catchClassCast
  decl d7 fun throwableProperties sym=golden.sema.throwableProperties
expr e0 string(bad) type=String
expr e1 call callee=e2 args=[_:e0] type=kotlin.IllegalArgumentException call=kotlin.IllegalArgumentException.<init>#1
expr e3 throw value=e1 type=Nothing
expr e4 blockExpr stmts=[] trailing=e3 type=Nothing
expr e5 string(caught) type=String
expr e6 blockExpr stmts=[] trailing=e5 type=String ref=__try_0_catch_0.e
expr e7 try body=e4 catches=[e6] finally=_ type=String
expr e8 string(bad state) type=String
expr e9 call callee=e10 args=[_:e8] type=kotlin.IllegalStateException call=kotlin.IllegalStateException.<init>#1
expr e11 throw value=e9 type=Nothing
expr e12 blockExpr stmts=[] trailing=e11 type=Nothing
expr e13 string(caught) type=String
expr e14 blockExpr stmts=[] trailing=e13 type=String ref=__try_1_catch_0.e
expr e15 try body=e12 catches=[e14] finally=_ type=String
expr e16 string(index 5) type=String
expr e17 call callee=e18 args=[_:e16] type=kotlin.IndexOutOfBoundsException call=kotlin.IndexOutOfBoundsException.<init>#1
expr e19 throw value=e17 type=Nothing
expr e20 blockExpr stmts=[] trailing=e19 type=Nothing
expr e21 string(caught) type=String
expr e22 blockExpr stmts=[] trailing=e21 type=String ref=__try_2_catch_0.e
expr e23 try body=e20 catches=[e22] finally=_ type=String
expr e24 string(not supported) type=String
expr e25 call callee=e26 args=[_:e24] type=kotlin.UnsupportedOperationException call=kotlin.UnsupportedOperationException.<init>#1
expr e27 throw value=e25 type=Nothing
expr e28 blockExpr stmts=[] trailing=e27 type=Nothing
expr e29 string(caught) type=String
expr e30 blockExpr stmts=[] trailing=e29 type=String ref=__try_3_catch_0.e
expr e31 try body=e28 catches=[e30] finally=_ type=String
expr e32 string(empty) type=String
expr e33 call callee=e34 args=[_:e32] type=kotlin.NoSuchElementException call=kotlin.NoSuchElementException.<init>#1
expr e35 throw value=e33 type=Nothing
expr e36 blockExpr stmts=[] trailing=e35 type=Nothing
expr e37 string(caught) type=String
expr e38 blockExpr stmts=[] trailing=e37 type=String ref=__try_4_catch_0.e
expr e39 try body=e36 catches=[e38] finally=_ type=String
expr e40 string(div by zero) type=String
expr e41 call callee=e42 args=[_:e40] type=kotlin.ArithmeticException call=kotlin.ArithmeticException.<init>#1
expr e43 throw value=e41 type=Nothing
expr e44 blockExpr stmts=[] trailing=e43 type=Nothing
expr e45 string(caught) type=String
expr e46 blockExpr stmts=[] trailing=e45 type=String ref=__try_5_catch_0.e
expr e47 try body=e44 catches=[e46] finally=_ type=String
expr e48 string(bad cast) type=String
expr e49 call callee=e50 args=[_:e48] type=kotlin.ClassCastException call=kotlin.ClassCastException.<init>#1
expr e51 throw value=e49 type=Nothing
expr e52 blockExpr stmts=[] trailing=e51 type=Nothing
expr e53 string(caught) type=String
expr e54 blockExpr stmts=[] trailing=e53 type=String ref=__try_6_catch_0.e
expr e55 try body=e52 catches=[e54] finally=_ type=String
expr e56 string(test) type=String
expr e57 call callee=e58 args=[_:e56] type=kotlin.RuntimeException call=kotlin.RuntimeException.<init>#1
expr e59 throw value=e57 type=Nothing
expr e60 blockExpr stmts=[] trailing=e59 type=Nothing
expr e61 name(e) type=kotlin.Throwable ref=__try_7_catch_0.e
expr e62 memberCall recv=e61 callee=message args=[] type=String? ref=kotlin.Throwable.message
expr e63 localDecl msg mutable=0 type=t0 init=e62 type=Unit ref=__local_0.msg
expr e64 name(e) type=kotlin.Throwable ref=__try_7_catch_0.e
expr e65 memberCall recv=e64 callee=cause args=[] type=kotlin.Throwable? ref=kotlin.Throwable.cause
expr e66 localDecl cause mutable=0 type=t1 init=e65 type=Unit ref=__local_1.cause
expr e67 name(e) type=kotlin.Throwable ref=__try_7_catch_0.e
expr e68 memberCall recv=e67 callee=stackTraceToString args=[] type=String call=kotlin.Throwable.stackTraceToString
expr e69 localDecl trace mutable=0 type=t2 init=e68 type=Unit ref=__local_2.trace
expr e70 name(msg) type=String? ref=__local_0.msg
expr e71 string(null) type=String
expr e72 binary(elvis) lhs=e70 rhs=e71 type=String
expr e73 blockExpr stmts=[e63,e66,e69] trailing=e72 type=String ref=__try_7_catch_0.e
expr e74 try body=e60 catches=[e73] finally=_ type=String
expr e75 return value=e74 type=Nothing
