symbol fq=golden.sema.doubled kind=property vis=public flags=_ type=Int
symbol fq=golden.sema.doubled.$get kind=function vis=public flags=synthetic sig=recv=Int params=[] ret=Int
symbol fq=golden.sema.isPositive kind=property vis=public flags=_ type=Boolean
symbol fq=golden.sema.useExtProp kind=function vis=public flags=_ sig=recv=_ params=[] ret=Int
file f4 package=golden.sema
  decl d0 property doubled var=0 sym=golden.sema.doubled
  decl d1 property isPositive var=0 sym=golden.sema.isPositive
  decl d2 fun useExtProp sym=golden.sema.useExtProp
expr e0 this type=Int
expr e1 int(2) type=Int
expr e2 binary(multiply) lhs=e0 rhs=e1 type=Int
expr e3 this type=Int
expr e4 int(0) type=Int
expr e5 binary(greaterThan) lhs=e3 rhs=e4 type=Boolean
expr e6 int(5) type=Int
expr e7 memberCall recv=e6 callee=doubled args=[] type=Int call=golden.sema.doubled.$get
