symbol s0 kind=interface fq=kotlin.sequences.Sequence vis=public flags=synthetic
symbol s1 kind=typeParameter fq=kotlin.sequences.Sequence.T vis=private flags=_
symbol s2 kind=property fq=kotlin.collections.Collection.size vis=public flags=synthetic type=Int
symbol s3 kind=interface fq=kotlin.collections.List vis=public flags=synthetic
symbol s4 kind=typeParameter fq=kotlin.collections.List.E vis=private flags=_
symbol s5 kind=function fq=kotlin.collections.List.take vis=public flags=synthetic sig=recv=Class#3<out T#4> params=[Int] ret=Class#3<out T#4> suspend=0 defaults=[] vararg=[]
symbol s6 kind=function fq=kotlin.collections.List.drop vis=public flags=synthetic sig=recv=Class#3<out T#4> params=[Int] ret=Class#3<out T#4> suspend=0 defaults=[] vararg=[]
symbol s7 kind=function fq=kotlin.io.println vis=public flags=synthetic sig=recv=_ params=[Any?] ret=Unit suspend=0 defaults=[0] vararg=[0]
symbol s8 kind=class fq=kotlin.sequences.SequenceScope vis=public flags=synthetic
symbol s9 kind=typeParameter fq=kotlin.sequences.SequenceScope.T vis=private flags=_
symbol s10 kind=function fq=kotlin.sequences.SequenceScope.yield vis=public flags=synthetic sig=recv=Class#8<T#9> params=[T#9] ret=Unit suspend=0 defaults=[0] vararg=[0]
symbol s11 kind=function fq=kotlin.sequences.sequence vis=public flags=synthetic sig=recv=_ params=[suspend Class#8<T#12>.() -> Unit] ret=Class#0<out T#12> suspend=0 defaults=[0] vararg=[0]
symbol s12 kind=typeParameter fq=kotlin.sequences.sequence.T vis=private flags=_
symbol s13 kind=function fq=kotlin.sequences.sequenceOf vis=public flags=synthetic sig=recv=_ params=[T#14] ret=Class#0<out T#14> suspend=0 defaults=[0] vararg=[1]
symbol s14 kind=typeParameter fq=kotlin.sequences.sequenceOf.T vis=private flags=synthetic
symbol s15 kind=function fq=kotlin.sequences.emptySequence vis=public flags=synthetic sig=recv=_ params=[] ret=Class#0<out T#16> suspend=0 defaults=[] vararg=[]
symbol s16 kind=typeParameter fq=kotlin.sequences.emptySequence.T vis=private flags=synthetic
symbol s17 kind=function fq=kotlin.sequences.Sequence.toList vis=public flags=synthetic|operatorFunction sig=recv=Class#0<out T#1> params=[] ret=Class#3<out T#1> suspend=0 defaults=[] vararg=[]
symbol s18 kind=function fq=main vis=public flags=_ sig=recv=_ params=[] ret=Unit suspend=0 defaults=[] vararg=[]
symbol s19 kind=local fq=__for_51.i vis=private flags=_
symbol s20 kind=local fq=__local_0.largeSeq vis=private flags=_ type=Class#0<out Class#3<out Int>>
symbol s21 kind=local fq=__local_1.flattenedSeq vis=private flags=_ type=Class#3<Int>
symbol s22 kind=local fq=__local_2.nestedSeq vis=private flags=_ type=Class#0<out Class#0<out Int>>
symbol s23 kind=local fq=__local_3.mixedSeq vis=private flags=_ type=Class#0<out Any>
symbol s24 kind=local fq=__local_4.singleSeq vis=private flags=_ type=Class#0<out Class#3<out Int>>
file f0 package=_
  decl d0 fun main suspend=0 inline=0 sym=s18
expr e0 name(println) type=_
expr e1 string(=== Sequence flatten edge cases ===) type=String
expr e2 call callee=e0 args=[_:e1] type=Unit call=s7 map=[0->0] targs=[]
expr e3 name(println) type=_
expr e4 name(emptySequence) type=_
expr e5 call callee=e4 args=[] type=Class#0<out Class#3<Int>> call=s15 map=[] targs=[Class#3<Int>]
expr e6 memberCall recv=e5 callee=flatten args=[] type=Class#0<out Int>
expr e7 memberCall recv=e6 callee=toList args=[] type=Class#3<Int> call=s17 map=[] targs=[]
expr e8 call callee=e3 args=[_:e7] type=Unit call=s7 map=[0->0] targs=[]
expr e9 name(println) type=_
expr e10 name(sequenceOf) type=_
expr e11 call callee=e10 args=[] type=Class#0<out Class#3<Int>> call=s13 map=[] targs=[Class#3<Int>]
expr e12 memberCall recv=e11 callee=flatten args=[] type=Class#0<out Int>
expr e13 memberCall recv=e12 callee=toList args=[] type=Class#3<Int> call=s17 map=[] targs=[]
expr e14 call callee=e9 args=[_:e13] type=Unit call=s7 map=[0->0] targs=[]
expr e15 name(println) type=_
expr e16 name(sequenceOf) type=_
expr e17 name(listOf) type=_
expr e18 call callee=e17 args=[] type=Any
expr e19 name(listOf) type=_
expr e20 int(1) type=Int
expr e21 call callee=e19 args=[_:e20] type=Class#3<out Int>
expr e22 name(listOf) type=_
expr e23 call callee=e22 args=[] type=Any
expr e24 call callee=e16 args=[_:e18,_:e21,_:e23] type=Class#0<out Any> call=s13 map=[0->0,1->0,2->0] targs=[Any]
expr e25 memberCall recv=e24 callee=flatten args=[] type=Class#0<out Any>
expr e26 memberCall recv=e25 callee=toList args=[] type=Class#3<Any> call=s17 map=[] targs=[]
expr e27 call callee=e15 args=[_:e26] type=Unit call=s7 map=[0->0] targs=[]
expr e28 name(println) type=_
expr e29 string(
=== Large sequence data ===) type=String
expr e30 call callee=e28 args=[_:e29] type=Unit call=s7 map=[0->0] targs=[]
expr e31 name(sequence) type=_
expr e32 int(1) type=_
expr e33 int(10) type=_
expr e34 binary(rangeTo) lhs=e32 rhs=e33 type=_
expr e35 name(yield) type=_
expr e36 name(listOf) type=_
expr e37 name(i) type=_
expr e38 call callee=e36 args=[_:e37] type=_
expr e39 call callee=e35 args=[_:e38] type=_
expr e40 blockExpr stmts=[] trailing=e39 type=_
expr e41 for var=i iterable=e34 body=e40 type=_
expr e42 int(1) type=Int
expr e43 int(10) type=Int
expr e44 binary(rangeTo) lhs=e42 rhs=e43 type=Int
expr e45 name(yield) type=_
expr e46 name(listOf) type=_
expr e47 name(i) type=Int ref=s19
expr e48 call callee=e46 args=[_:e47] type=Class#3<out Int>
expr e49 call callee=e45 args=[_:e48] type=Unit call=s10 map=[0->0] targs=[]
expr e50 blockExpr stmts=[] trailing=e49 type=Unit
expr e51 for var=i iterable=e44 body=e50 type=Unit ref=s19
expr e52 lambda params=[] body=e51 label=sequence type=suspend Class#8<Class#3<out <error>>>.() -> Unit
expr e53 call callee=e31 args=[_:e52] type=Class#0<out Class#3<out Int>> call=s11 map=[0->0] targs=[]
expr e54 localDecl largeSeq mutable=0 type=_ init=e53 type=Unit ref=s20
expr e55 name(largeSeq) type=Class#0<out Class#3<out Int>> ref=s20
expr e56 memberCall recv=e55 callee=flatten args=[] type=Class#0<out Int>
expr e57 memberCall recv=e56 callee=toList args=[] type=Class#3<Int> call=s17 map=[] targs=[]
expr e58 localDecl flattenedSeq mutable=0 type=_ init=e57 type=Unit ref=s21
expr e59 name(println) type=_
expr e60 name(flattenedSeq) type=Class#3<Int> ref=s21
expr e61 memberCall recv=e60 callee=size args=[] type=Int ref=s2
expr e62 call callee=e59 args=[_:e61] type=Unit call=s7 map=[0->0] targs=[]
expr e63 name(println) type=_
expr e64 name(flattenedSeq) type=Class#3<Int> ref=s21
expr e65 int(5) type=Int
expr e66 memberCall recv=e64 callee=take args=[_:e65] type=Any call=s5 map=[0->0] targs=[]
expr e67 call callee=e63 args=[_:e66] type=Unit call=s7 map=[0->0] targs=[]
expr e68 name(println) type=_
expr e69 name(flattenedSeq) type=Class#3<Int> ref=s21
expr e70 name(flattenedSeq) type=Class#3<Int> ref=s21
expr e71 memberCall recv=e70 callee=size args=[] type=Int ref=s2
expr e72 int(5) type=Int
expr e73 binary(subtract) lhs=e71 rhs=e72 type=Int
expr e74 memberCall recv=e69 callee=drop args=[_:e73] type=Any call=s6 map=[0->0] targs=[]
expr e75 call callee=e68 args=[_:e74] type=Unit call=s7 map=[0->0] targs=[]
expr e76 name(println) type=_
expr e77 string(
=== Nested sequences ===) type=String
expr e78 call callee=e76 args=[_:e77] type=Unit call=s7 map=[0->0] targs=[]
expr e79 name(sequenceOf) type=_
expr e80 name(sequenceOf) type=_
expr e81 int(1) type=Int
expr e82 int(2) type=Int
expr e83 call callee=e80 args=[_:e81,_:e82] type=Class#0<out Int> call=s13 map=[0->0,1->0] targs=[Int]
expr e84 name(sequenceOf) type=_
expr e85 int(3) type=Int
expr e86 int(4) type=Int
expr e87 call callee=e84 args=[_:e85,_:e86] type=Class#0<out Int> call=s13 map=[0->0,1->0] targs=[Int]
expr e88 call callee=e79 args=[_:e83,_:e87] type=Class#0<out Class#0<out Int>> call=s13 map=[0->0,1->0] targs=[Class#0<out Int>]
expr e89 localDecl nestedSeq mutable=0 type=_ init=e88 type=Unit ref=s22
expr e90 name(println) type=_
expr e91 name(nestedSeq) type=Class#0<out Class#0<out Int>> ref=s22
expr e92 memberCall recv=e91 callee=flatten args=[] type=Class#0<out Int>
expr e93 memberCall recv=e92 callee=toList args=[] type=Class#3<Int> call=s17 map=[] targs=[]
expr e94 call callee=e90 args=[_:e93] type=Unit call=s7 map=[0->0] targs=[]
expr e95 name(println) type=_
expr e96 string(
=== Mixed collection types ===) type=String
expr e97 call callee=e95 args=[_:e96] type=Unit call=s7 map=[0->0] targs=[]
expr e98 name(sequenceOf) type=_
expr e99 name(listOf) type=_
expr e100 int(1) type=Int
expr e101 int(2) type=Int
expr e102 call callee=e99 args=[_:e100,_:e101] type=Class#3<out Int>
expr e103 name(sequenceOf) type=_
expr e104 int(3) type=Int
expr e105 int(4) type=Int
expr e106 call callee=e103 args=[_:e104,_:e105] type=Class#0<out Int> call=s13 map=[0->0,1->0] targs=[Int]
expr e107 call callee=e98 args=[_:e102,_:e106] type=Class#0<out Any> call=s13 map=[0->0,1->0] targs=[Any]
expr e108 localDecl mixedSeq mutable=0 type=_ init=e107 type=Unit ref=s23
expr e109 name(println) type=_
expr e110 name(mixedSeq) type=Class#0<out Any> ref=s23
expr e111 memberCall recv=e110 callee=flatten args=[] type=Class#0<out Any>
expr e112 memberCall recv=e111 callee=toList args=[] type=Class#3<Any> call=s17 map=[] targs=[]
expr e113 call callee=e109 args=[_:e112] type=Unit call=s7 map=[0->0] targs=[]
expr e114 name(println) type=_
expr e115 string(
=== Sequence with special cases ===) type=String
expr e116 call callee=e114 args=[_:e115] type=Unit call=s7 map=[0->0] targs=[]
expr e117 name(sequenceOf) type=_
expr e118 name(listOf) type=_
expr e119 int(42) type=Int
expr e120 call callee=e118 args=[_:e119] type=Class#3<out Int>
expr e121 call callee=e117 args=[_:e120] type=Class#0<out Class#3<out Int>> call=s13 map=[0->0] targs=[Class#3<out Int>]
expr e122 localDecl singleSeq mutable=0 type=_ init=e121 type=Unit ref=s24
expr e123 name(println) type=_
expr e124 name(singleSeq) type=Class#0<out Class#3<out Int>> ref=s24
expr e125 memberCall recv=e124 callee=flatten args=[] type=Class#0<out Int>
expr e126 memberCall recv=e125 callee=toList args=[] type=Class#3<Int> call=s17 map=[] targs=[]
expr e127 call callee=e123 args=[_:e126] type=Unit call=s7 map=[0->0] targs=[]
