symbol s0 kind=interface fq=kotlin.collections.Map vis=public flags=synthetic
symbol s1 kind=typeParameter fq=kotlin.collections.Map.K vis=private flags=_
symbol s2 kind=typeParameter fq=kotlin.collections.Map.V vis=private flags=_
symbol s3 kind=function fq=kotlin.collections.Map.containsKey vis=public flags=synthetic sig=recv=Class#0<T#1, out T#2> params=[T#1] ret=Boolean suspend=0 defaults=[] vararg=[]
symbol s4 kind=function fq=kotlin.collections.Map.containsValue vis=public flags=synthetic sig=recv=Class#0<T#1, out T#2> params=[T#2] ret=Boolean suspend=0 defaults=[] vararg=[]
symbol s5 kind=interface fq=kotlin.collections.MutableMap vis=public flags=synthetic
symbol s6 kind=typeParameter fq=kotlin.collections.MutableMap.K vis=private flags=_
symbol s7 kind=typeParameter fq=kotlin.collections.MutableMap.V vis=private flags=_
symbol s8 kind=function fq=kotlin.collections.MutableMap.set vis=public flags=synthetic|operatorFunction sig=recv=Class#5<T#6, T#7> params=[T#6,T#7] ret=Unit suspend=0 defaults=[] vararg=[]
symbol s9 kind=function fq=kotlin.collections.MutableMap.remove vis=public flags=synthetic sig=recv=Class#5<T#6, T#7> params=[T#6] ret=T#7? suspend=0 defaults=[] vararg=[]
symbol s10 kind=function fq=kotlin.collections.Map.getOrDefault vis=public flags=synthetic sig=recv=Class#0<out T#1, out T#2> params=[T#1,T#2] ret=T#2 suspend=0 defaults=[] vararg=[]
symbol s11 kind=typeAlias fq=kotlin.collections.HashMap vis=public flags=synthetic
symbol s12 kind=function fq=kotlin.io.println vis=public flags=synthetic sig=recv=_ params=[Any?] ret=Unit suspend=0 defaults=[0] vararg=[0]
symbol s13 kind=function fq=main vis=public flags=_ sig=recv=_ params=[] ret=Unit suspend=0 defaults=[] vararg=[]
symbol s14 kind=local fq=__local_0.hm vis=private flags=_ type=Class#5<String, Int>
symbol s15 kind=local fq=__local_1.mm vis=private flags=_ type=Class#5<String, Int>
symbol s16 kind=local fq=__local_2.copy vis=private flags=_ type=Class#5<Any, Any>
symbol s17 kind=local fq=__local_3.empty vis=private flags=_ type=Class#5<Int, Int>
file f0 package=_
  decl d0 fun main suspend=0 inline=0 sym=s13
expr e0 name(HashMap) type=Any ref=s11
expr e1 call callee=e0 args=[] type=Class#5<String, Int>
expr e2 localDecl hm mutable=0 type=t2 init=e1 type=Unit ref=s14
expr e3 name(hm) type=Class#5<String, Int> ref=s14
expr e4 string(x) type=String
expr e5 indexedAccess receiver=e3 indices=[e4] type=_
expr e6 int(10) type=Int
expr e7 indexedAssign receiver=e3 indices=[e4] value=e6 type=Unit call=s8 map=[0->0,1->1] targs=[String,Int]
expr e8 name(hm) type=Class#5<String, Int> ref=s14
expr e9 string(y) type=String
expr e10 indexedAccess receiver=e8 indices=[e9] type=_
expr e11 int(20) type=Int
expr e12 indexedAssign receiver=e8 indices=[e9] value=e11 type=Unit call=s8 map=[0->0,1->1] targs=[String,Int]
expr e13 name(hm) type=Class#5<String, Int> ref=s14
expr e14 localDecl mm mutable=0 type=t5 init=e13 type=Unit ref=s15
expr e15 name(mm) type=Class#5<String, Int> ref=s15
expr e16 string(w) type=String
expr e17 indexedAccess receiver=e15 indices=[e16] type=_
expr e18 int(40) type=Int
expr e19 indexedAssign receiver=e15 indices=[e16] value=e18 type=Unit call=s8 map=[0->0,1->1] targs=[String,Int]
expr e20 name(println) type=_
expr e21 name(mm) type=Class#5<String, Int> ref=s15
expr e22 memberCall recv=e21 callee=size args=[] type=Int
expr e23 call callee=e20 args=[_:e22] type=Unit call=s12 map=[0->0] targs=[]
expr e24 name(HashMap) type=Any ref=s11
expr e25 name(hm) type=Class#5<String, Int> ref=s14
expr e26 call callee=e24 args=[_:e25] type=Class#5<Any, Any>
expr e27 localDecl copy mutable=0 type=_ init=e26 type=Unit ref=s16
expr e28 name(println) type=_
expr e29 name(copy) type=Class#5<Any, Any> ref=s16
expr e30 memberCall recv=e29 callee=size args=[] type=Int
expr e31 call callee=e28 args=[_:e30] type=Unit call=s12 map=[0->0] targs=[]
expr e32 name(println) type=_
expr e33 name(hm) type=Class#5<String, Int> ref=s14
expr e34 string(x) type=String
expr e35 memberCall recv=e33 callee=containsKey args=[_:e34] type=Boolean call=s3 map=[0->0] targs=[]
expr e36 call callee=e32 args=[_:e35] type=Unit call=s12 map=[0->0] targs=[]
expr e37 name(println) type=_
expr e38 name(hm) type=Class#5<String, Int> ref=s14
expr e39 int(99) type=Int
expr e40 memberCall recv=e38 callee=containsValue args=[_:e39] type=Any call=s4 map=[0->0] targs=[]
expr e41 call callee=e37 args=[_:e40] type=Unit call=s12 map=[0->0] targs=[]
expr e42 name(hm) type=Class#5<String, Int> ref=s14
expr e43 string(y) type=String
expr e44 memberCall recv=e42 callee=remove args=[_:e43] type=Int? call=s9 map=[0->0] targs=[String,Int]
expr e45 name(println) type=_
expr e46 name(hm) type=Class#5<String, Int> ref=s14
expr e47 memberCall recv=e46 callee=size args=[] type=Int
expr e48 call callee=e45 args=[_:e47] type=Unit call=s12 map=[0->0] targs=[]
expr e49 name(println) type=_
expr e50 name(hm) type=Class#5<String, Int> ref=s14
expr e51 string(missing) type=String
expr e52 int(1) type=Int
expr e53 unary(unaryMinus) operand=e52 type=Int
expr e54 memberCall recv=e50 callee=getOrDefault args=[_:e51,_:e53] type=Int call=s10 map=[0->0,1->1] targs=[]
expr e55 call callee=e49 args=[_:e54] type=Unit call=s12 map=[0->0] targs=[]
expr e56 name(HashMap) type=Any ref=s11
expr e57 call callee=e56 args=[] type=Class#5<Int, Int>
expr e58 localDecl empty mutable=0 type=t8 init=e57 type=Unit ref=s17
expr e59 name(println) type=_
expr e60 name(empty) type=Class#5<Int, Int> ref=s17
expr e61 memberCall recv=e60 callee=isEmpty args=[] type=Boolean
expr e62 call callee=e59 args=[_:e61] type=Unit call=s12 map=[0->0] targs=[]
