symbol fq=MapHolder kind=class vis=public flags=_
symbol fq=MapHolder.<init> kind=constructor vis=public flags=_ sig=recv=MapHolder params=[] ret=MapHolder
symbol fq=MapHolder.scores kind=property vis=public flags=_ type=<error>
symbol fq=__local_0.hm kind=local vis=private flags=_ type=kotlin.collections.MutableMap<String, Int>
symbol fq=__local_1.mm kind=local vis=private flags=_ type=kotlin.collections.MutableMap<String, Int>
symbol fq=__local_2.copy kind=local vis=private flags=_ type=kotlin.collections.MutableMap<Any, Any>
symbol fq=__local_3.empty kind=local vis=private flags=_ type=kotlin.collections.MutableMap<Int, Int>
symbol fq=__local_4.created kind=local vis=private flags=_ type=<error>
symbol fq=__local_5.holder kind=local vis=private flags=_ type=MapHolder
symbol fq=createMap kind=function vis=public flags=_ sig=recv=_ params=[] ret=<error>
symbol fq=kotlin.collections.ArrayDeque kind=class vis=public flags=synthetic
symbol fq=kotlin.collections.ArrayDeque.E kind=typeParameter vis=private flags=_
symbol fq=kotlin.collections.ArrayDeque.size kind=function vis=public flags=synthetic|operatorFunction sig=recv=kotlin.collections.ArrayDeque<kotlin.collections.ArrayDeque.E> params=[] ret=Int
symbol fq=kotlin.collections.HashMap kind=typeAlias vis=public flags=synthetic
symbol fq=kotlin.collections.Map kind=interface vis=public flags=synthetic
symbol fq=kotlin.collections.Map.K kind=typeParameter vis=private flags=_
symbol fq=kotlin.collections.Map.V kind=typeParameter vis=private flags=_
symbol fq=kotlin.collections.Map.containsKey kind=function vis=public flags=synthetic sig=recv=kotlin.collections.Map<kotlin.collections.Map.K, out kotlin.collections.Map.V> params=[kotlin.collections.Map.K] ret=Boolean
symbol fq=kotlin.collections.Map.containsValue kind=function vis=public flags=synthetic sig=recv=kotlin.collections.Map<kotlin.collections.Map.K, out kotlin.collections.Map.V> params=[kotlin.collections.Map.V] ret=Boolean
symbol fq=kotlin.collections.Map.getOrDefault kind=function vis=public flags=synthetic sig=recv=kotlin.collections.Map<out kotlin.collections.Map.K, out kotlin.collections.Map.V> params=[kotlin.collections.Map.K,kotlin.collections.Map.V] ret=kotlin.collections.Map.V
symbol fq=kotlin.collections.MutableMap kind=interface vis=public flags=synthetic
symbol fq=kotlin.collections.MutableMap.K kind=typeParameter vis=private flags=_
symbol fq=kotlin.collections.MutableMap.V kind=typeParameter vis=private flags=_
symbol fq=kotlin.collections.MutableMap.remove kind=function vis=public flags=synthetic sig=recv=kotlin.collections.MutableMap<kotlin.collections.MutableMap.K, kotlin.collections.MutableMap.V> params=[kotlin.collections.MutableMap.K] ret=kotlin.collections.MutableMap.V?
symbol fq=kotlin.collections.MutableMap.set kind=function vis=public flags=synthetic|operatorFunction sig=recv=kotlin.collections.MutableMap<kotlin.collections.MutableMap.K, kotlin.collections.MutableMap.V> params=[kotlin.collections.MutableMap.K,kotlin.collections.MutableMap.V] ret=Unit
symbol fq=kotlin.io.println#1 kind=function vis=public flags=synthetic sig=recv=_ params=[Any?] ret=Unit
symbol fq=kotlin.io.println.message kind=valueParameter vis=private flags=synthetic
symbol fq=main kind=function vis=public flags=_ sig=recv=_ params=[] ret=Unit
symbol fq=processMap kind=function vis=public flags=_ sig=recv=_ params=[<error>] ret=Unit
symbol fq=processMap.$0.map kind=valueParameter vis=private flags=_
file f0 package=_
  decl processMap fun processMap sym=processMap
  decl createMap fun createMap sym=createMap
  decl MapHolder class MapHolder sym=MapHolder
  decl main fun main sym=main
expr e@2:13 name(map) type=<error> ref=processMap.$0.map
expr e@2:13#1 memberCall recv=e@2:13 callee=size args=[] type=Int call=kotlin.collections.ArrayDeque.size
expr e@2:5 call callee=e@2:5#1 args=[_:e@2:13#1] type=Unit call=kotlin.io.println#1
expr e@6:12 name(HashMap) type=Any ref=kotlin.collections.HashMap
expr e@6:12#1 call callee=e@6:12 args=[] type=kotlin.collections.MutableMap<Int, String>
expr e@6:5 return value=e@6:12#1 type=Nothing
expr e@10:40 name(HashMap) type=Any ref=kotlin.collections.HashMap
expr e@10:40#1 call callee=e@10:40 args=[] type=kotlin.collections.MutableMap<Any, Any>
expr e@11:40 name(HashMap) type=Any ref=kotlin.collections.HashMap
expr e@11:40#1 call callee=e@11:40 args=[] type=kotlin.collections.MutableMap<Int, String>
expr e@15:36 name(HashMap) type=Any ref=kotlin.collections.HashMap
expr e@15:36#1 call callee=e@15:36 args=[] type=kotlin.collections.MutableMap<String, Int>
expr e@15:5 localDecl hm mutable=0 type=HashMap<String,Int> init=e@15:36#1 type=Unit ref=__local_0.hm
expr e@16:5 name(hm) type=kotlin.collections.MutableMap<String, Int> ref=__local_0.hm
expr e@16:8 string(x) type=String
expr e@16:15 int(10) type=Int
expr e@16:5#1 indexedAssign receiver=e@16:5 indices=[e@16:8] value=e@16:15 type=Unit call=kotlin.collections.MutableMap.set targs=[String,Int]
expr e@17:5 name(hm) type=kotlin.collections.MutableMap<String, Int> ref=__local_0.hm
expr e@17:8 string(y) type=String
expr e@17:15 int(20) type=Int
expr e@17:5#1 indexedAssign receiver=e@17:5 indices=[e@17:8] value=e@17:15 type=Unit call=kotlin.collections.MutableMap.set targs=[String,Int]
expr e@18:39 name(hm) type=kotlin.collections.MutableMap<String, Int> ref=__local_0.hm
expr e@18:5 localDecl mm mutable=0 type=MutableMap<String,Int> init=e@18:39 type=Unit ref=__local_1.mm
expr e@19:5 name(mm) type=kotlin.collections.MutableMap<String, Int> ref=__local_1.mm
expr e@19:8 string(w) type=String
expr e@19:15 int(40) type=Int
expr e@19:5#1 indexedAssign receiver=e@19:5 indices=[e@19:8] value=e@19:15 type=Unit call=kotlin.collections.MutableMap.set targs=[String,Int]
expr e@20:13 name(mm) type=kotlin.collections.MutableMap<String, Int> ref=__local_1.mm
expr e@20:13#1 memberCall recv=e@20:13 callee=size args=[] type=Int
expr e@20:5 call callee=e@20:5#1 args=[_:e@20:13#1] type=Unit call=kotlin.io.println#1
expr e@21:16 name(HashMap) type=Any ref=kotlin.collections.HashMap
expr e@21:24 name(hm) type=kotlin.collections.MutableMap<String, Int> ref=__local_0.hm
expr e@21:16#1 call callee=e@21:16 args=[_:e@21:24] type=kotlin.collections.MutableMap<Any, Any>
expr e@21:5 localDecl copy mutable=0 type=_ init=e@21:16#1 type=Unit ref=__local_2.copy
expr e@22:13 name(copy) type=kotlin.collections.MutableMap<Any, Any> ref=__local_2.copy
expr e@22:13#1 memberCall recv=e@22:13 callee=size args=[] type=Int
expr e@22:5 call callee=e@22:5#1 args=[_:e@22:13#1] type=Unit call=kotlin.io.println#1
expr e@23:13 name(hm) type=kotlin.collections.MutableMap<String, Int> ref=__local_0.hm
expr e@23:28 string(x) type=String
expr e@23:13#1 memberCall recv=e@23:13 callee=containsKey args=[_:e@23:28] type=Boolean call=kotlin.collections.Map.containsKey
expr e@23:5 call callee=e@23:5#1 args=[_:e@23:13#1] type=Unit call=kotlin.io.println#1
expr e@24:13 name(hm) type=kotlin.collections.MutableMap<String, Int> ref=__local_0.hm
expr e@24:30 int(99) type=Int
expr e@24:13#1 memberCall recv=e@24:13 callee=containsValue args=[_:e@24:30] type=Any call=kotlin.collections.Map.containsValue
expr e@24:5 call callee=e@24:5#1 args=[_:e@24:13#1] type=Unit call=kotlin.io.println#1
expr e@25:5 name(hm) type=kotlin.collections.MutableMap<String, Int> ref=__local_0.hm
expr e@25:15 string(y) type=String
expr e@25:5#1 memberCall recv=e@25:5 callee=remove args=[_:e@25:15] type=Int? call=kotlin.collections.MutableMap.remove targs=[String,Int]
expr e@26:13 name(hm) type=kotlin.collections.MutableMap<String, Int> ref=__local_0.hm
expr e@26:13#1 memberCall recv=e@26:13 callee=size args=[] type=Int
expr e@26:5 call callee=e@26:5#1 args=[_:e@26:13#1] type=Unit call=kotlin.io.println#1
expr e@27:13 name(hm) type=kotlin.collections.MutableMap<String, Int> ref=__local_0.hm
expr e@27:29 string(missing) type=String
expr e@27:41 int(1) type=Int
expr e@27:40 unary(unaryMinus) operand=e@27:41 type=Int
expr e@27:13#1 memberCall recv=e@27:13 callee=getOrDefault args=[_:e@27:29,_:e@27:40] type=Int call=kotlin.collections.Map.getOrDefault
expr e@27:5 call callee=e@27:5#1 args=[_:e@27:13#1] type=Unit call=kotlin.io.println#1
expr e@28:36 name(HashMap) type=Any ref=kotlin.collections.HashMap
expr e@28:36#1 call callee=e@28:36 args=[] type=kotlin.collections.MutableMap<Int, Int>
expr e@28:5 localDecl empty mutable=0 type=HashMap<Int,Int> init=e@28:36#1 type=Unit ref=__local_3.empty
expr e@29:13 name(empty) type=kotlin.collections.MutableMap<Int, Int> ref=__local_3.empty
expr e@29:13#1 memberCall recv=e@29:13 callee=isEmpty args=[] type=Boolean
expr e@29:5 call callee=e@29:5#1 args=[_:e@29:13#1] type=Unit call=kotlin.io.println#1
expr e@31:16 name(hm) type=kotlin.collections.MutableMap<String, Int> ref=__local_0.hm
expr e@31:5 call callee=e@31:5#1 args=[_:e@31:16] type=Unit call=processMap
expr e@33:19 call callee=e@33:19#1 args=[] type=<error> call=createMap
expr e@33:5 localDecl created mutable=0 type=_ init=e@33:19 type=Unit ref=__local_4.created
expr e@34:5 name(created) type=<error> ref=__local_4.created
expr e@34:13 int(1) type=Int
expr e@34:18 string(one) type=String
expr e@34:5#1 indexedAssign receiver=e@34:5 indices=[e@34:13] value=e@34:18 type=Unit
expr e@35:13 name(created) type=<error> ref=__local_4.created
expr e@35:13#1 memberCall recv=e@35:13 callee=size args=[] type=Int call=kotlin.collections.ArrayDeque.size
expr e@35:5 call callee=e@35:5#1 args=[_:e@35:13#1] type=Unit call=kotlin.io.println#1
expr e@37:18 call callee=e@37:18#1 args=[] type=MapHolder call=MapHolder.<init>
expr e@37:5 localDecl holder mutable=0 type=_ init=e@37:18 type=Unit ref=__local_5.holder
expr e@38:5 name(holder) type=MapHolder ref=__local_5.holder
expr e@38:5#1 memberCall recv=e@38:5 callee=scores args=[] type=<error> ref=MapHolder.scores
expr e@38:19 string(alice) type=String
expr e@38:30 int(100) type=Int
expr e@38:5#2 indexedAssign receiver=e@38:5#1 indices=[e@38:19] value=e@38:30 type=Unit call=kotlin.collections.MutableMap.set targs=[String,Int]
expr e@39:13 name(holder) type=MapHolder ref=__local_5.holder
expr e@39:13#1 memberCall recv=e@39:13 callee=scores args=[] type=<error> ref=MapHolder.scores
expr e@39:13#2 memberCall recv=e@39:13#1 callee=size args=[] type=Int call=kotlin.collections.ArrayDeque.size
expr e@39:5 call callee=e@39:5#1 args=[_:e@39:13#2] type=Unit call=kotlin.io.println#1
