symbol fq=golden.sema.CompanionImpl kind=class vis=public flags=_
symbol fq=golden.sema.InterfaceProperties kind=interface vis=public flags=_
symbol fq=golden.sema.InterfaceSuperCalls kind=interface vis=public flags=_
symbol fq=golden.sema.LeftSuper kind=interface vis=public flags=_
symbol fq=golden.sema.LeftSuper.greet kind=function vis=public flags=overrideMember sig=recv=golden.sema.LeftSuper params=[] ret=String
symbol fq=golden.sema.RightSuper kind=interface vis=public flags=_
symbol fq=golden.sema.RightSuper.greet kind=function vis=public flags=overrideMember sig=recv=golden.sema.RightSuper params=[] ret=String
symbol fq=golden.sema.WithCompanion kind=interface vis=public flags=_
symbol fq=golden.sema.WithSuperCall kind=class vis=public flags=_
file f11 package=golden.sema
  decl d0 interface InterfaceProperties sym=golden.sema.InterfaceProperties
  decl d1 interface InterfaceSuperCalls sym=golden.sema.InterfaceSuperCalls
  decl d2 interface LeftSuper sym=golden.sema.LeftSuper
  decl d3 interface RightSuper sym=golden.sema.RightSuper
  decl d4 class WithSuperCall sym=golden.sema.WithSuperCall
  decl d5 interface WithCompanion sym=golden.sema.WithCompanion
  decl d6 class CompanionImpl sym=golden.sema.CompanionImpl
expr e0 string(default) type=String
expr e1 int(42) type=Int
expr e2 string(computed) type=String
expr e3 string(get) type=String
expr e4 string(Hello) type=String
expr e5 string(Left) type=String
expr e6 string(Right) type=String
expr e7 super<LeftSuper> type=golden.sema.LeftSuper
expr e8 memberCall recv=e7 callee=greet args=[] type=String call=golden.sema.LeftSuper.greet
expr e9 string( and ) type=String
expr e10 binary(add) lhs=e8 rhs=e9 type=String
expr e11 super<RightSuper> type=golden.sema.RightSuper
expr e12 memberCall recv=e11 callee=greet args=[] type=String call=golden.sema.RightSuper.greet
expr e13 binary(add) lhs=e10 rhs=e12 type=String
expr e14 string(test) type=String
expr e15 string(helper) type=String
expr e16 string(done) type=String
