symbol fq=__local_0.adder kind=local vis=private flags=_ type=golden.sema.Adder
symbol fq=__local_1.localResult kind=local vis=private flags=_ type=Int
symbol fq=__local_2.topLevelResult kind=local vis=private flags=_ type=Int
symbol fq=__local_3.objectResult kind=local vis=private flags=_ type=Int
symbol fq=__local_4.exprResult kind=local vis=private flags=_ type=Int
symbol fq=golden.sema.Adder kind=class vis=public flags=_
symbol fq=golden.sema.Adder.<init> kind=constructor vis=public flags=_ sig=recv=golden.sema.Adder params=[] ret=golden.sema.Adder
symbol fq=golden.sema.Adder.invoke kind=function vis=public flags=operatorFunction sig=recv=golden.sema.Adder params=[Int] ret=Int
symbol fq=golden.sema.Adder.invoke.$0.x kind=valueParameter vis=private flags=_
symbol fq=golden.sema.Incrementer kind=object vis=public flags=_
symbol fq=golden.sema.Incrementer.invoke kind=function vis=public flags=operatorFunction sig=recv=golden.sema.Incrementer params=[Int] ret=Int
symbol fq=golden.sema.Incrementer.invoke.$1.x kind=valueParameter vis=private flags=_
symbol fq=golden.sema.globalAdder kind=property vis=public flags=_ type=golden.sema.Adder
symbol fq=golden.sema.main kind=function vis=public flags=_ sig=recv=_ params=[] ret=Unit
symbol fq=golden.sema.makeAdder kind=function vis=public flags=_ sig=recv=_ params=[] ret=golden.sema.Adder
file f13 package=golden.sema
  decl d0 class Adder sym=golden.sema.Adder
  decl d1 property globalAdder var=0 sym=golden.sema.globalAdder
  decl d2 object Incrementer sym=golden.sema.Incrementer
  decl d3 fun makeAdder sym=golden.sema.makeAdder
  decl d4 fun main sym=golden.sema.main
expr e0 name(x) type=Int ref=golden.sema.Adder.invoke.$0.x
expr e1 int(1) type=Int
expr e2 binary(add) lhs=e0 rhs=e1 type=Int
expr e3 call callee=e4 args=[] type=golden.sema.Adder call=golden.sema.Adder.<init>
expr e5 name(x) type=Int ref=golden.sema.Incrementer.invoke.$1.x
expr e6 int(2) type=Int
expr e7 binary(add) lhs=e5 rhs=e6 type=Int
expr e8 call callee=e9 args=[] type=golden.sema.Adder call=golden.sema.Adder.<init>
expr e10 call callee=e11 args=[] type=golden.sema.Adder call=golden.sema.Adder.<init>
expr e12 localDecl adder mutable=0 type=_ init=e10 type=Unit ref=__local_0.adder
expr e13 name(adder) type=golden.sema.Adder ref=__local_0.adder
expr e14 int(5) type=Int
expr e15 call callee=e13 args=[_:e14] type=Int call=golden.sema.Adder.invoke
expr e16 localDecl localResult mutable=0 type=t0 init=e15 type=Unit ref=__local_1.localResult
expr e17 name(globalAdder) type=golden.sema.Adder ref=golden.sema.globalAdder
expr e18 int(6) type=Int
expr e19 call callee=e17 args=[_:e18] type=Int call=golden.sema.Adder.invoke
expr e20 localDecl topLevelResult mutable=0 type=t1 init=e19 type=Unit ref=__local_2.topLevelResult
expr e21 name(Incrementer) type=golden.sema.Incrementer ref=golden.sema.Incrementer
expr e22 int(7) type=Int
expr e23 call callee=e21 args=[_:e22] type=Int call=golden.sema.Incrementer.invoke
expr e24 localDecl objectResult mutable=0 type=t2 init=e23 type=Unit ref=__local_3.objectResult
expr e25 call callee=e26 args=[] type=golden.sema.Adder call=golden.sema.makeAdder
expr e27 int(8) type=Int
expr e28 call callee=e25 args=[_:e27] type=Int call=golden.sema.Adder.invoke
expr e29 localDecl exprResult mutable=0 type=t3 init=e28 type=Unit ref=__local_4.exprResult
