symbol s0 kind=interface fq=kotlin.reflect.KClass vis=public flags=synthetic
symbol s1 kind=function fq=kotlin.text.length vis=public flags=synthetic sig=recv=String params=[] ret=Int suspend=0 defaults=[] vararg=[]
symbol s2 kind=function fq=kotlin.text.get vis=public flags=synthetic|operatorFunction sig=recv=String params=[Int] ret=Char suspend=0 defaults=[0] vararg=[0]
symbol s3 kind=class fq=kotlin.IllegalArgumentException vis=public flags=synthetic type=Class#3
symbol s4 kind=constructor fq=kotlin.IllegalArgumentException.<init> vis=public flags=synthetic sig=recv=_ params=[String] ret=Class#3 suspend=0 defaults=[0] vararg=[0]
symbol s5 kind=class fq=kotlin.text.StringBuilder vis=public flags=synthetic
symbol s6 kind=function fq=kotlin.text.StringBuilder.append vis=public flags=synthetic sig=recv=Class#5 params=[String?] ret=Class#5 suspend=0 defaults=[0] vararg=[0]
symbol s7 kind=function fq=kotlin.text.StringBuilder.append vis=public flags=synthetic sig=recv=Class#5 params=[Char] ret=Class#5 suspend=0 defaults=[0] vararg=[0]
symbol s8 kind=function fq=kotlin.text.StringBuilder.toString vis=public flags=synthetic sig=recv=Class#5 params=[] ret=String suspend=0 defaults=[] vararg=[]
symbol s9 kind=function fq=kotlin.text.repeat vis=public flags=_ sig=recv=String params=[Int] ret=String suspend=0 defaults=[0] vararg=[0]
symbol s10 kind=valueParameter fq=kotlin.text.repeat.$0.count vis=private flags=_
symbol s11 kind=function fq=kotlin.text.reversed vis=public flags=_ sig=recv=String params=[] ret=String suspend=0 defaults=[] vararg=[]
symbol s12 kind=function fq=kotlin.text.padStart vis=public flags=_ sig=recv=String params=[Int,Char] ret=String suspend=0 defaults=[0,1] vararg=[0,0]
symbol s13 kind=valueParameter fq=kotlin.text.padStart.$1.length vis=private flags=_
symbol s14 kind=valueParameter fq=kotlin.text.padStart.$1.padChar vis=private flags=_
symbol s15 kind=function fq=kotlin.text.padEnd vis=public flags=_ sig=recv=String params=[Int,Char] ret=String suspend=0 defaults=[0,1] vararg=[0,0]
symbol s16 kind=valueParameter fq=kotlin.text.padEnd.$2.length vis=private flags=_
symbol s17 kind=valueParameter fq=kotlin.text.padEnd.$2.padChar vis=private flags=_
symbol s18 kind=class fq=golden.sema.Point vis=public flags=dataType
symbol s19 kind=class fq=golden.sema.Shape vis=public flags=sealedType|abstractType|openType
symbol s20 kind=enumClass fq=golden.sema.Color vis=public flags=_
symbol s21 kind=class fq=golden.sema.Meters vis=public flags=valueType
symbol s22 kind=interface fq=golden.sema.Printable vis=public flags=_
symbol s23 kind=object fq=golden.sema.Singleton vis=public flags=_
symbol s24 kind=class fq=golden.sema.Node vis=public flags=innerClass
symbol s25 kind=interface fq=golden.sema.Transformer vis=public flags=funInterface
symbol s26 kind=function fq=golden.sema.checkTypeKinds vis=public flags=_ sig=recv=_ params=[] ret=Boolean suspend=0 defaults=[] vararg=[]
symbol s27 kind=function fq=golden.sema.checkViaVariable vis=public flags=_ sig=recv=_ params=[Class#0<*>] ret=String suspend=0 defaults=[0] vararg=[0]
symbol s28 kind=valueParameter fq=golden.sema.checkViaVariable.$3.klass vis=private flags=_
symbol s29 kind=local fq=__local_0.sb vis=private flags=_ type=Class#5
symbol s30 kind=local fq=__local_1.i vis=private flags=mutable type=Int
symbol s31 kind=local fq=__local_2.len vis=private flags=_ type=Int
symbol s32 kind=local fq=__local_3.sb vis=private flags=_ type=Class#5
symbol s33 kind=local fq=__local_4.i vis=private flags=mutable type=Int
symbol s34 kind=local fq=__local_5.padding vis=private flags=_ type=Int
symbol s35 kind=local fq=__local_6.sb vis=private flags=_ type=Class#5
symbol s36 kind=local fq=__local_7.i vis=private flags=mutable type=Int
symbol s37 kind=local fq=__local_8.padding vis=private flags=_ type=Int
symbol s38 kind=local fq=__local_9.sb vis=private flags=_ type=Class#5
symbol s39 kind=local fq=__local_10.i vis=private flags=mutable type=Int
symbol s40 kind=local fq=__local_11.dataCheck vis=private flags=_ type=Boolean
symbol s41 kind=local fq=__local_12.sealedCheck vis=private flags=_ type=Boolean
symbol s42 kind=local fq=__local_13.enumCheck vis=private flags=_ type=Boolean
symbol s43 kind=local fq=__local_14.valueCheck vis=private flags=_ type=Boolean
symbol s44 kind=local fq=__local_15.interfaceCheck vis=private flags=_ type=Boolean
symbol s45 kind=local fq=__local_16.objectCheck vis=private flags=_ type=Boolean
symbol s46 kind=local fq=__local_17.funCheck vis=private flags=_ type=Boolean
file f0 package=kotlin.text
  decl d0 fun repeat suspend=0 inline=0 sym=s9
  decl d1 fun reversed suspend=0 inline=0 sym=s11
  decl d2 fun padStart suspend=0 inline=0 sym=s12
  decl d3 fun padEnd suspend=0 inline=0 sym=s15
file f1 package=golden.sema
  decl d6 class Point sym=s18
  decl d7 class Shape sym=s19
  decl d8 class Color sym=s20
  decl d10 class Meters sym=s21
  decl d11 interface Printable sym=s22
  decl d12 object Singleton sym=s23
  decl d13 class Node sym=s24
  decl d15 interface Transformer sym=s25
  decl d16 fun checkTypeKinds suspend=0 inline=0 sym=s26
  decl d17 fun checkViaVariable suspend=0 inline=0 sym=s27
expr e0 name(count) type=Int ref=s10
expr e1 int(0) type=Int
expr e2 binary(lessThan) lhs=e0 rhs=e1 type=Boolean
expr e3 name(IllegalArgumentException) type=_
expr e4 name(count) type=Int ref=s10
expr e5 stringTemplate[lit(Count 'n' must be non-negative, but was ),expr(e4),lit(.)] type=String
expr e6 call callee=e3 args=[_:e5] type=Class#3 call=s4 map=[0->0] targs=[]
expr e7 throw value=e6 type=Nothing
expr e8 if cond=e2 then=e7 else=_ type=Unit
expr e9 name(StringBuilder) type=Any ref=s5
expr e10 call callee=e9 args=[] type=Class#5
expr e11 localDecl sb mutable=0 type=_ init=e10 type=Unit ref=s29
expr e12 int(0) type=Int
expr e13 localDecl i mutable=1 type=_ init=e12 type=Unit ref=s30
expr e14 name(i) type=Int ref=s30
expr e15 name(count) type=Int ref=s10
expr e16 binary(lessThan) lhs=e14 rhs=e15 type=Boolean
expr e17 name(sb) type=Class#5 ref=s29
expr e18 this type=String
expr e19 memberCall recv=e17 callee=append args=[_:e18] type=Class#5 call=s6 map=[0->0] targs=[]
expr e20 name(i) type=_
expr e21 int(1) type=Int
expr e22 compoundAssign(plusAssign) name=i value=e21 type=Unit ref=s30
expr e23 blockExpr stmts=[e19,e22] trailing=_ type=Unit
expr e24 while cond=e16 body=e23 type=Unit
expr e25 name(sb) type=Class#5 ref=s29
expr e26 memberCall recv=e25 callee=toString args=[] type=String call=s8 map=[] targs=[]
expr e27 return value=e26 type=Nothing
expr e28 this type=String
expr e29 memberCall recv=e28 callee=length args=[] type=Int call=s1 map=[] targs=[]
expr e30 localDecl len mutable=0 type=_ init=e29 type=Unit ref=s31
expr e31 name(StringBuilder) type=Any ref=s5
expr e32 call callee=e31 args=[] type=Class#5
expr e33 localDecl sb mutable=0 type=_ init=e32 type=Unit ref=s32
expr e34 name(len) type=Int ref=s31
expr e35 int(1) type=Int
expr e36 binary(subtract) lhs=e34 rhs=e35 type=Int
expr e37 localDecl i mutable=1 type=_ init=e36 type=Unit ref=s33
expr e38 name(i) type=Int ref=s33
expr e39 int(0) type=Int
expr e40 binary(greaterOrEqual) lhs=e38 rhs=e39 type=Boolean
expr e41 name(sb) type=Class#5 ref=s32
expr e42 this type=String
expr e43 name(i) type=Int ref=s33
expr e44 indexedAccess receiver=e42 indices=[e43] type=Char call=s2 map=[0->0] targs=[]
expr e45 memberCall recv=e41 callee=append args=[_:e44] type=Class#5 call=s7 map=[0->0] targs=[]
expr e46 name(i) type=_
expr e47 int(1) type=Int
expr e48 compoundAssign(minusAssign) name=i value=e47 type=Unit ref=s33
expr e49 blockExpr stmts=[e45,e48] trailing=_ type=Unit
expr e50 while cond=e40 body=e49 type=Unit
expr e51 name(sb) type=Class#5 ref=s32
expr e52 memberCall recv=e51 callee=toString args=[] type=String call=s8 map=[] targs=[]
expr e53 return value=e52 type=Nothing
expr e54 char(32) type=_
expr e55 name(length) type=Int ref=s13
expr e56 this type=String
expr e57 memberCall recv=e56 callee=length args=[] type=Int call=s1 map=[] targs=[]
expr e58 binary(subtract) lhs=e55 rhs=e57 type=Int
expr e59 localDecl padding mutable=0 type=_ init=e58 type=Unit ref=s34
expr e60 name(padding) type=Int ref=s34
expr e61 int(0) type=Int
expr e62 binary(lessOrEqual) lhs=e60 rhs=e61 type=Boolean
expr e63 this type=String
expr e64 return value=e63 type=Nothing
expr e65 if cond=e62 then=e64 else=_ type=Unit
expr e66 name(StringBuilder) type=Any ref=s5
expr e67 call callee=e66 args=[] type=Class#5
expr e68 localDecl sb mutable=0 type=_ init=e67 type=Unit ref=s35
expr e69 int(0) type=Int
expr e70 localDecl i mutable=1 type=_ init=e69 type=Unit ref=s36
expr e71 name(i) type=Int ref=s36
expr e72 name(padding) type=Int ref=s34
expr e73 binary(lessThan) lhs=e71 rhs=e72 type=Boolean
expr e74 name(sb) type=Class#5 ref=s35
expr e75 name(padChar) type=Char ref=s14
expr e76 memberCall recv=e74 callee=append args=[_:e75] type=Class#5 call=s7 map=[0->0] targs=[]
expr e77 name(i) type=_
expr e78 int(1) type=Int
expr e79 compoundAssign(plusAssign) name=i value=e78 type=Unit ref=s36
expr e80 blockExpr stmts=[e76,e79] trailing=_ type=Unit
expr e81 while cond=e73 body=e80 type=Unit
expr e82 name(sb) type=Class#5 ref=s35
expr e83 this type=String
expr e84 memberCall recv=e82 callee=append args=[_:e83] type=Class#5 call=s6 map=[0->0] targs=[]
expr e85 name(sb) type=Class#5 ref=s35
expr e86 memberCall recv=e85 callee=toString args=[] type=String call=s8 map=[] targs=[]
expr e87 return value=e86 type=Nothing
expr e88 char(32) type=_
expr e89 name(length) type=Int ref=s16
expr e90 this type=String
expr e91 memberCall recv=e90 callee=length args=[] type=Int call=s1 map=[] targs=[]
expr e92 binary(subtract) lhs=e89 rhs=e91 type=Int
expr e93 localDecl padding mutable=0 type=_ init=e92 type=Unit ref=s37
expr e94 name(padding) type=Int ref=s37
expr e95 int(0) type=Int
expr e96 binary(lessOrEqual) lhs=e94 rhs=e95 type=Boolean
expr e97 this type=String
expr e98 return value=e97 type=Nothing
expr e99 if cond=e96 then=e98 else=_ type=Unit
expr e100 name(StringBuilder) type=Any ref=s5
expr e101 call callee=e100 args=[] type=Class#5
expr e102 localDecl sb mutable=0 type=_ init=e101 type=Unit ref=s38
expr e103 name(sb) type=Class#5 ref=s38
expr e104 this type=String
expr e105 memberCall recv=e103 callee=append args=[_:e104] type=Class#5 call=s6 map=[0->0] targs=[]
expr e106 int(0) type=Int
expr e107 localDecl i mutable=1 type=_ init=e106 type=Unit ref=s39
expr e108 name(i) type=Int ref=s39
expr e109 name(padding) type=Int ref=s37
expr e110 binary(lessThan) lhs=e108 rhs=e109 type=Boolean
expr e111 name(sb) type=Class#5 ref=s38
expr e112 name(padChar) type=Char ref=s17
expr e113 memberCall recv=e111 callee=append args=[_:e112] type=Class#5 call=s7 map=[0->0] targs=[]
expr e114 name(i) type=_
expr e115 int(1) type=Int
expr e116 compoundAssign(plusAssign) name=i value=e115 type=Unit ref=s39
expr e117 blockExpr stmts=[e113,e116] trailing=_ type=Unit
expr e118 while cond=e110 body=e117 type=Unit
expr e119 name(sb) type=Class#5 ref=s38
expr e120 memberCall recv=e119 callee=toString args=[] type=String call=s8 map=[] targs=[]
expr e121 return value=e120 type=Nothing
expr e122 name(Point) type=Any ref=s18
expr e123 callableRef recv=e122 member=class type=KClass<Class#18>
expr e124 memberCall recv=e123 callee=isData args=[] type=Boolean
expr e125 localDecl dataCheck mutable=0 type=_ init=e124 type=Unit ref=s40
expr e126 name(Shape) type=Any ref=s19
expr e127 callableRef recv=e126 member=class type=KClass<Class#19>
expr e128 memberCall recv=e127 callee=isSealed args=[] type=Boolean
expr e129 localDecl sealedCheck mutable=0 type=_ init=e128 type=Unit ref=s41
expr e130 name(Color) type=Class#20 ref=s20
expr e131 callableRef recv=e130 member=class type=KClass<Class#20>
expr e132 memberCall recv=e131 callee=isEnum args=[] type=Boolean
expr e133 localDecl enumCheck mutable=0 type=_ init=e132 type=Unit ref=s42
expr e134 name(Meters) type=Any ref=s21
expr e135 callableRef recv=e134 member=class type=KClass<Class#21>
expr e136 memberCall recv=e135 callee=isValue args=[] type=Boolean
expr e137 localDecl valueCheck mutable=0 type=_ init=e136 type=Unit ref=s43
expr e138 name(Printable) type=Any ref=s22
expr e139 callableRef recv=e138 member=class type=KClass<Class#22>
expr e140 memberCall recv=e139 callee=isInterface args=[] type=Boolean
expr e141 localDecl interfaceCheck mutable=0 type=_ init=e140 type=Unit ref=s44
expr e142 name(Singleton) type=Class#23 ref=s23
expr e143 callableRef recv=e142 member=class type=KClass<Class#23>
expr e144 memberCall recv=e143 callee=isObject args=[] type=Boolean
expr e145 localDecl objectCheck mutable=0 type=_ init=e144 type=Unit ref=s45
expr e146 name(Transformer) type=Any ref=s25
expr e147 callableRef recv=e146 member=class type=KClass<Class#25>
expr e148 memberCall recv=e147 callee=isFun args=[] type=Boolean
expr e149 localDecl funCheck mutable=0 type=_ init=e148 type=Unit ref=s46
expr e150 name(dataCheck) type=Boolean ref=s40
expr e151 name(sealedCheck) type=Boolean ref=s41
expr e152 binary(logicalAnd) lhs=e150 rhs=e151 type=Boolean
expr e153 name(enumCheck) type=Boolean ref=s42
expr e154 binary(logicalAnd) lhs=e152 rhs=e153 type=Boolean
expr e155 name(valueCheck) type=Boolean ref=s43
expr e156 binary(logicalAnd) lhs=e154 rhs=e155 type=Boolean
expr e157 name(interfaceCheck) type=Boolean ref=s44
expr e158 binary(logicalAnd) lhs=e156 rhs=e157 type=Boolean
expr e159 name(objectCheck) type=Boolean ref=s45
expr e160 binary(logicalAnd) lhs=e158 rhs=e159 type=Boolean
expr e161 name(funCheck) type=Boolean ref=s46
expr e162 binary(logicalAnd) lhs=e160 rhs=e161 type=Boolean
expr e163 return value=e162 type=Nothing
expr e164 name(klass) type=Class#0<*> ref=s28
expr e165 memberCall recv=e164 callee=isData args=[] type=Boolean
expr e166 string(data) type=String
expr e167 name(klass) type=Class#0<*> ref=s28
expr e168 memberCall recv=e167 callee=isSealed args=[] type=Boolean
expr e169 string(sealed) type=String
expr e170 name(klass) type=Class#0<*> ref=s28
expr e171 memberCall recv=e170 callee=isEnum args=[] type=Boolean
expr e172 string(enum) type=String
expr e173 name(klass) type=Class#0<*> ref=s28
expr e174 memberCall recv=e173 callee=isValue args=[] type=Boolean
expr e175 string(value) type=String
expr e176 name(klass) type=Class#0<*> ref=s28
expr e177 memberCall recv=e176 callee=isInterface args=[] type=Boolean
expr e178 string(interface) type=String
expr e179 name(klass) type=Class#0<*> ref=s28
expr e180 memberCall recv=e179 callee=isObject args=[] type=Boolean
expr e181 string(object) type=String
expr e182 name(klass) type=Class#0<*> ref=s28
expr e183 memberCall recv=e182 callee=isFun args=[] type=Boolean
expr e184 string(fun) type=String
expr e185 string(other) type=String
expr e186 when subject=_ branches=[e165->e166,e168->e169,e171->e172,e174->e175,e177->e178,e180->e181,e183->e184] else=e185 type=String
expr e187 return value=e186 type=Nothing
