symbol fq=golden.sema.threeArgMinUShort kind=function vis=public flags=_ sig=recv=_ params=[UShort,UShort,UShort] ret=UShort
symbol fq=golden.sema.threeArgMinUShort.$0.a kind=valueParameter vis=private flags=_
symbol fq=golden.sema.threeArgMinUShort.$0.b kind=valueParameter vis=private flags=_
symbol fq=golden.sema.threeArgMinUShort.$0.c kind=valueParameter vis=private flags=_
file f0 package=golden.sema
  decl golden.sema.threeArgMinUShort fun threeArgMinUShort sym=golden.sema.threeArgMinUShort
expr e@3:72 name(a) type=UShort ref=golden.sema.threeArgMinUShort.$0.a
expr e@3:75 name(b) type=UShort ref=golden.sema.threeArgMinUShort.$0.b
expr e@3:78 name(c) type=UShort ref=golden.sema.threeArgMinUShort.$0.c
expr e@3:66 call callee=e@3:66#1 args=[_:e@3:72,_:e@3:75,_:e@3:78] type=UShort call=kotlin.comparisons.minOf#23
