symbol fq=golden.sema.minOfLongTwoArg kind=function vis=public flags=_ sig=recv=_ params=[Long,Long] ret=Long
symbol fq=golden.sema.minOfLongTwoArg.$0.a kind=valueParameter vis=private flags=_
symbol fq=golden.sema.minOfLongTwoArg.$0.b kind=valueParameter vis=private flags=_
symbol fq=kotlin.comparisons.minOf#8 kind=function vis=public flags=inlineFunction|synthetic sig=recv=_ params=[Long,Long] ret=Long
symbol fq=kotlin.comparisons.minOf.a kind=valueParameter vis=private flags=synthetic
symbol fq=kotlin.comparisons.minOf.b kind=valueParameter vis=private flags=synthetic
file f4 package=golden.sema
  decl d0 fun minOfLongTwoArg sym=golden.sema.minOfLongTwoArg
expr e0 name(a) type=Long ref=golden.sema.minOfLongTwoArg.$0.a
expr e1 name(b) type=Long ref=golden.sema.minOfLongTwoArg.$0.b
expr e2 call callee=e3 args=[_:e0,_:e1] type=Long call=kotlin.comparisons.minOf#8
