symbol fq=golden.sema.Outer kind=class vis=public flags=_
symbol fq=golden.sema.Outer.MyMarker.Level kind=enumClass vis=public flags=_
symbol fq=golden.sema.Outer.MyMarker.Level.ERROR kind=field vis=public flags=_ type=golden.sema.Outer.MyMarker.Level
symbol fq=golden.sema.useMarker kind=function vis=public flags=_ sig=recv=_ params=[] ret=Unit
file fnested_requires_opt_in package=golden.sema
  decl golden.sema.Outer class Outer sym=golden.sema.Outer
  decl golden.sema.useMarker fun useMarker sym=golden.sema.useMarker
expr e@5:31 string() type=String
expr e@6:28 name(Level) type=golden.sema.Outer.MyMarker.Level ref=golden.sema.Outer.MyMarker.Level
expr e@6:28#1 memberCall recv=e@6:28 callee=ERROR args=[] type=golden.sema.Outer.MyMarker.Level ref=golden.sema.Outer.MyMarker.Level.ERROR
