symbol fq=__local_0.a kind=local vis=private flags=mutable type=Int
symbol fq=__local_1.b kind=local vis=private flags=mutable type=Int
symbol fq=__local_2.c kind=local vis=private flags=mutable type=Int
symbol fq=__local_3.d kind=local vis=private flags=mutable type=Int
symbol fq=__local_4.e kind=local vis=private flags=mutable type=Int
symbol fq=__local_5.arr kind=local vis=private flags=mutable type=kotlin.IntArray
symbol fq=arrayAssignExample kind=function vis=public flags=_ sig=recv=_ params=[] ret=Int
symbol fq=compoundAdd kind=function vis=public flags=_ sig=recv=_ params=[Int] ret=Int
symbol fq=compoundAdd.$0.x kind=valueParameter vis=private flags=_
symbol fq=compoundDiv kind=function vis=public flags=_ sig=recv=_ params=[Int] ret=Int
symbol fq=compoundDiv.$1.x kind=valueParameter vis=private flags=_
symbol fq=compoundMod kind=function vis=public flags=_ sig=recv=_ params=[Int] ret=Int
symbol fq=compoundMod.$2.x kind=valueParameter vis=private flags=_
symbol fq=compoundMul kind=function vis=public flags=_ sig=recv=_ params=[Int] ret=Int
symbol fq=compoundMul.$3.x kind=valueParameter vis=private flags=_
symbol fq=compoundSub kind=function vis=public flags=_ sig=recv=_ params=[Int] ret=Int
symbol fq=compoundSub.$4.x kind=valueParameter vis=private flags=_
symbol fq=elvisOp kind=function vis=public flags=_ sig=recv=_ params=[String?] ret=String
symbol fq=elvisOp.$5.v kind=valueParameter vis=private flags=_
symbol fq=kotlin.IntArray kind=class vis=public flags=synthetic
symbol fq=negatedTypeCheck kind=function vis=public flags=_ sig=recv=_ params=[Any] ret=Boolean
symbol fq=negatedTypeCheck.$6.v kind=valueParameter vis=private flags=_
symbol fq=nullAssertOp kind=function vis=public flags=_ sig=recv=_ params=[String?] ret=String
symbol fq=nullAssertOp.$7.v kind=valueParameter vis=private flags=_
symbol fq=safeCallExample kind=function vis=public flags=_ sig=recv=_ params=[String?] ret=Int?
symbol fq=safeCallExample.$8.s kind=valueParameter vis=private flags=_
symbol fq=safeCast kind=function vis=public flags=_ sig=recv=_ params=[Any] ret=String?
symbol fq=safeCast.$9.v kind=valueParameter vis=private flags=_
symbol fq=typeCheck kind=function vis=public flags=_ sig=recv=_ params=[Any] ret=Boolean
symbol fq=typeCheck.$10.v kind=valueParameter vis=private flags=_
symbol fq=unsafeCast kind=function vis=public flags=_ sig=recv=_ params=[Any] ret=String
symbol fq=unsafeCast.$11.v kind=valueParameter vis=private flags=_
file f10 package=_
  decl d0 fun typeCheck sym=typeCheck
  decl d1 fun negatedTypeCheck sym=negatedTypeCheck
  decl d2 fun unsafeCast sym=unsafeCast
  decl d3 fun safeCast sym=safeCast
  decl d4 fun elvisOp sym=elvisOp
  decl d5 fun nullAssertOp sym=nullAssertOp
  decl d6 fun compoundAdd sym=compoundAdd
  decl d7 fun compoundSub sym=compoundSub
  decl d8 fun compoundMul sym=compoundMul
  decl d9 fun compoundDiv sym=compoundDiv
  decl d10 fun compoundMod sym=compoundMod
  decl d11 fun safeCallExample sym=safeCallExample
  decl d12 fun arrayAssignExample sym=arrayAssignExample
expr e0 name(v) type=Any ref=typeCheck.$10.v
expr e1 isCheck expr=e0 type=t0 type=Boolean
expr e2 name(v) type=Any ref=negatedTypeCheck.$6.v
expr e3 isCheck! expr=e2 type=t1 type=Boolean
expr e4 name(v) type=Any ref=unsafeCast.$11.v
expr e5 asCast expr=e4 type=t2 type=String
expr e6 name(v) type=Any ref=safeCast.$9.v
expr e7 asCast? expr=e6 type=t3 type=String?
expr e8 name(v) type=String? ref=elvisOp.$5.v
expr e9 string(default) type=String
expr e10 binary(elvis) lhs=e8 rhs=e9 type=String
expr e11 name(v) type=String? ref=nullAssertOp.$7.v
expr e12 nullAssert expr=e11 type=String
expr e13 name(x) type=Int ref=compoundAdd.$0.x
expr e14 localDecl a mutable=1 type=_ init=e13 type=Unit ref=__local_0.a
expr e15 int(10) type=Int
expr e16 compoundAssign(plusAssign) name=a value=e15 type=Unit ref=__local_0.a
expr e17 name(a) type=Int ref=__local_0.a
expr e18 return value=e17 type=Nothing
expr e19 name(x) type=Int ref=compoundSub.$4.x
expr e20 localDecl b mutable=1 type=_ init=e19 type=Unit ref=__local_1.b
expr e21 int(5) type=Int
expr e22 compoundAssign(minusAssign) name=b value=e21 type=Unit ref=__local_1.b
expr e23 name(b) type=Int ref=__local_1.b
expr e24 return value=e23 type=Nothing
expr e25 name(x) type=Int ref=compoundMul.$3.x
expr e26 localDecl c mutable=1 type=_ init=e25 type=Unit ref=__local_2.c
expr e27 int(2) type=Int
expr e28 compoundAssign(timesAssign) name=c value=e27 type=Unit ref=__local_2.c
expr e29 name(c) type=Int ref=__local_2.c
expr e30 return value=e29 type=Nothing
expr e31 name(x) type=Int ref=compoundDiv.$1.x
expr e32 localDecl d mutable=1 type=_ init=e31 type=Unit ref=__local_3.d
expr e33 int(3) type=Int
expr e34 compoundAssign(divAssign) name=d value=e33 type=Unit ref=__local_3.d
expr e35 name(d) type=Int ref=__local_3.d
expr e36 return value=e35 type=Nothing
expr e37 name(x) type=Int ref=compoundMod.$2.x
expr e38 localDecl e mutable=1 type=_ init=e37 type=Unit ref=__local_4.e
expr e39 int(4) type=Int
expr e40 compoundAssign(modAssign) name=e value=e39 type=Unit ref=__local_4.e
expr e41 name(e) type=Int ref=__local_4.e
expr e42 return value=e41 type=Nothing
expr e43 name(s) type=String? ref=safeCallExample.$8.s
expr e44 safeMemberCall recv=e43 callee=hashCode args=[] type=<error>
expr e45 int(3) type=Int
expr e46 call callee=e47 args=[_:e45] type=kotlin.IntArray
expr e48 localDecl arr mutable=1 type=_ init=e46 type=Unit ref=__local_5.arr
expr e49 name(arr) type=kotlin.IntArray ref=__local_5.arr
expr e50 int(0) type=Int
expr e51 int(42) type=Int
expr e52 indexedAssign receiver=e49 indices=[e50] value=e51 type=Unit
expr e53 name(arr) type=kotlin.IntArray ref=__local_5.arr
expr e54 int(0) type=Int
expr e55 indexedAccess receiver=e53 indices=[e54] type=Int
expr e56 return value=e55 type=Nothing
