symbol fq=__local_0.s kind=local vis=private flags=_ type=String
symbol fq=__local_1.multi kind=local vis=private flags=_ type=String
symbol fq=kotlin.io.println#1 kind=function vis=public flags=synthetic sig=recv=_ params=[Any?] ret=Unit
symbol fq=kotlin.io.println.message kind=valueParameter vis=private flags=synthetic
symbol fq=kotlin.text.trimIndent kind=function vis=public flags=_ sig=recv=String params=[] ret=String
symbol fq=main kind=function vis=public flags=_ sig=recv=_ params=[] ret=Unit
file f4 package=_
  decl d0 fun main sym=main
expr e0 string(hello world) type=String
expr e1 localDecl s mutable=0 type=_ init=e0 type=Unit ref=__local_0.s
expr e2 name(s) type=String ref=__local_0.s
expr e3 call callee=e4 args=[_:e2] type=Unit call=kotlin.io.println#1
expr e5 string(
        line1
        line2
    ) type=String
expr e6 memberCall recv=e5 callee=trimIndent args=[] type=String call=kotlin.text.trimIndent
expr e7 localDecl multi mutable=0 type=_ init=e6 type=Unit ref=__local_1.multi
expr e8 name(multi) type=String ref=__local_1.multi
expr e9 call callee=e10 args=[_:e8] type=Unit call=kotlin.io.println#1
