symbol fq=kotlin.io.readln kind=function vis=public flags=synthetic sig=recv=_ params=[] ret=String
symbol fq=useReadln kind=function vis=public flags=_ sig=recv=_ params=[] ret=String
file freadln_basic package=_
  decl useReadln fun useReadln sym=useReadln
expr e@1:27 call callee=e@1:27#1 args=[] type=String call=kotlin.io.readln
