symbol s0 kind=function fq=golden.sema.typeNameOf vis=public flags=inlineFunction sig=recv=_ params=[] ret=String suspend=0 defaults=[] vararg=[]
symbol s1 kind=typeParameter fq=golden.sema.typeNameOf.$0.T vis=private flags=reifiedTypeParameter
symbol s2 kind=function fq=golden.sema.useReified vis=public flags=_ sig=recv=_ params=[] ret=String suspend=0 defaults=[] vararg=[]
file f0 package=golden.sema
  decl d0 fun typeNameOf suspend=0 inline=1 sym=s0
  decl d1 fun useReified suspend=0 inline=0 sym=s2
expr e0 name(T) type=Any ref=s1
expr e1 callableRef recv=e0 member=class type=KClass<T#1>
expr e2 memberCall recv=e1 callee=simpleName args=[] type=String?
expr e3 string(unknown) type=String
expr e4 binary(elvis) lhs=e2 rhs=e3 type=String
expr e5 name(typeNameOf) type=_
expr e6 call callee=e5 args=[] type=String call=s0 map=[] targs=[Int]
