symbol fq=openEndRangeByteContainsInt.$0.range[kind=vparam;origin=fixture] kind=valueParameter vis=private flags=_
symbol fq=openEndRangeByteContainsInt.$0.value[kind=vparam;origin=fixture] kind=valueParameter vis=private flags=_
symbol fq=openEndRangeByteContainsInt[kind=fun;params=kotlin.ranges.OpenEndRange<Byte>,Int;ret=Boolean;names=[range,value];origin=fixture] kind=function vis=public flags=_ sig=recv=_ params=[kotlin.ranges.OpenEndRange<Byte>,Int] ret=Boolean
symbol fq=openEndRangeByteContainsLong.$1.range[kind=vparam;origin=fixture] kind=valueParameter vis=private flags=_
symbol fq=openEndRangeByteContainsLong.$1.value[kind=vparam;origin=fixture] kind=valueParameter vis=private flags=_
symbol fq=openEndRangeByteContainsLong[kind=fun;params=kotlin.ranges.OpenEndRange<Byte>,Long;ret=Boolean;names=[range,value];origin=fixture] kind=function vis=public flags=_ sig=recv=_ params=[kotlin.ranges.OpenEndRange<Byte>,Long] ret=Boolean
symbol fq=openEndRangeByteContainsShort.$2.range[kind=vparam;origin=fixture] kind=valueParameter vis=private flags=_
symbol fq=openEndRangeByteContainsShort.$2.value[kind=vparam;origin=fixture] kind=valueParameter vis=private flags=_
symbol fq=openEndRangeByteContainsShort[kind=fun;params=kotlin.ranges.OpenEndRange<Byte>,Short;ret=Boolean;names=[range,value];origin=fixture] kind=function vis=public flags=_ sig=recv=_ params=[kotlin.ranges.OpenEndRange<Byte>,Short] ret=Boolean
symbol fq=openEndRangeDoubleContainsFloat.$3.range[kind=vparam;origin=fixture] kind=valueParameter vis=private flags=_
symbol fq=openEndRangeDoubleContainsFloat.$3.value[kind=vparam;origin=fixture] kind=valueParameter vis=private flags=_
symbol fq=openEndRangeDoubleContainsFloat[kind=fun;params=kotlin.ranges.OpenEndRange<Double>,Float;ret=Boolean;names=[range,value];origin=fixture] kind=function vis=public flags=_ sig=recv=_ params=[kotlin.ranges.OpenEndRange<Double>,Float] ret=Boolean
symbol fq=openEndRangeIntContainsByte.$4.range[kind=vparam;origin=fixture] kind=valueParameter vis=private flags=_
symbol fq=openEndRangeIntContainsByte.$4.value[kind=vparam;origin=fixture] kind=valueParameter vis=private flags=_
symbol fq=openEndRangeIntContainsByte[kind=fun;params=kotlin.ranges.OpenEndRange<Int>,Byte;ret=Boolean;names=[range,value];origin=fixture] kind=function vis=public flags=_ sig=recv=_ params=[kotlin.ranges.OpenEndRange<Int>,Byte] ret=Boolean
symbol fq=openEndRangeIntContainsLong.$5.range[kind=vparam;origin=fixture] kind=valueParameter vis=private flags=_
symbol fq=openEndRangeIntContainsLong.$5.value[kind=vparam;origin=fixture] kind=valueParameter vis=private flags=_
symbol fq=openEndRangeIntContainsLong[kind=fun;params=kotlin.ranges.OpenEndRange<Int>,Long;ret=Boolean;names=[range,value];origin=fixture] kind=function vis=public flags=_ sig=recv=_ params=[kotlin.ranges.OpenEndRange<Int>,Long] ret=Boolean
symbol fq=openEndRangeIntContainsShort.$6.range[kind=vparam;origin=fixture] kind=valueParameter vis=private flags=_
symbol fq=openEndRangeIntContainsShort.$6.value[kind=vparam;origin=fixture] kind=valueParameter vis=private flags=_
symbol fq=openEndRangeIntContainsShort[kind=fun;params=kotlin.ranges.OpenEndRange<Int>,Short;ret=Boolean;names=[range,value];origin=fixture] kind=function vis=public flags=_ sig=recv=_ params=[kotlin.ranges.OpenEndRange<Int>,Short] ret=Boolean
symbol fq=openEndRangeLongContainsByte.$7.range[kind=vparam;origin=fixture] kind=valueParameter vis=private flags=_
symbol fq=openEndRangeLongContainsByte.$7.value[kind=vparam;origin=fixture] kind=valueParameter vis=private flags=_
symbol fq=openEndRangeLongContainsByte[kind=fun;params=kotlin.ranges.OpenEndRange<Long>,Byte;ret=Boolean;names=[range,value];origin=fixture] kind=function vis=public flags=_ sig=recv=_ params=[kotlin.ranges.OpenEndRange<Long>,Byte] ret=Boolean
symbol fq=openEndRangeLongContainsInt.$8.range[kind=vparam;origin=fixture] kind=valueParameter vis=private flags=_
symbol fq=openEndRangeLongContainsInt.$8.value[kind=vparam;origin=fixture] kind=valueParameter vis=private flags=_
symbol fq=openEndRangeLongContainsInt[kind=fun;params=kotlin.ranges.OpenEndRange<Long>,Int;ret=Boolean;names=[range,value];origin=fixture] kind=function vis=public flags=_ sig=recv=_ params=[kotlin.ranges.OpenEndRange<Long>,Int] ret=Boolean
symbol fq=openEndRangeLongContainsShort.$9.range[kind=vparam;origin=fixture] kind=valueParameter vis=private flags=_
symbol fq=openEndRangeLongContainsShort.$9.value[kind=vparam;origin=fixture] kind=valueParameter vis=private flags=_
symbol fq=openEndRangeLongContainsShort[kind=fun;params=kotlin.ranges.OpenEndRange<Long>,Short;ret=Boolean;names=[range,value];origin=fixture] kind=function vis=public flags=_ sig=recv=_ params=[kotlin.ranges.OpenEndRange<Long>,Short] ret=Boolean
symbol fq=openEndRangeShortContainsByte.$10.range[kind=vparam;origin=fixture] kind=valueParameter vis=private flags=_
symbol fq=openEndRangeShortContainsByte.$10.value[kind=vparam;origin=fixture] kind=valueParameter vis=private flags=_
symbol fq=openEndRangeShortContainsByte[kind=fun;params=kotlin.ranges.OpenEndRange<Short>,Byte;ret=Boolean;names=[range,value];origin=fixture] kind=function vis=public flags=_ sig=recv=_ params=[kotlin.ranges.OpenEndRange<Short>,Byte] ret=Boolean
symbol fq=openEndRangeShortContainsInt.$11.range[kind=vparam;origin=fixture] kind=valueParameter vis=private flags=_
symbol fq=openEndRangeShortContainsInt.$11.value[kind=vparam;origin=fixture] kind=valueParameter vis=private flags=_
symbol fq=openEndRangeShortContainsInt[kind=fun;params=kotlin.ranges.OpenEndRange<Short>,Int;ret=Boolean;names=[range,value];origin=fixture] kind=function vis=public flags=_ sig=recv=_ params=[kotlin.ranges.OpenEndRange<Short>,Int] ret=Boolean
symbol fq=openEndRangeShortContainsLong.$12.range[kind=vparam;origin=fixture] kind=valueParameter vis=private flags=_
symbol fq=openEndRangeShortContainsLong.$12.value[kind=vparam;origin=fixture] kind=valueParameter vis=private flags=_
symbol fq=openEndRangeShortContainsLong[kind=fun;params=kotlin.ranges.OpenEndRange<Short>,Long;ret=Boolean;names=[range,value];origin=fixture] kind=function vis=public flags=_ sig=recv=_ params=[kotlin.ranges.OpenEndRange<Short>,Long] ret=Boolean
file fstdlib_kotlin_ranges_OpenEndRange_n package=_
  decl openEndRangeByteContainsInt[kind=fun;params=kotlin.ranges.OpenEndRange<Byte>,Int;ret=Boolean;names=[range,value];origin=fixture] fun openEndRangeByteContainsInt sym=openEndRangeByteContainsInt[kind=fun;params=kotlin.ranges.OpenEndRange<Byte>,Int;ret=Boolean;names=[range,value];origin=fixture]
  decl openEndRangeByteContainsLong[kind=fun;params=kotlin.ranges.OpenEndRange<Byte>,Long;ret=Boolean;names=[range,value];origin=fixture] fun openEndRangeByteContainsLong sym=openEndRangeByteContainsLong[kind=fun;params=kotlin.ranges.OpenEndRange<Byte>,Long;ret=Boolean;names=[range,value];origin=fixture]
  decl openEndRangeByteContainsShort[kind=fun;params=kotlin.ranges.OpenEndRange<Byte>,Short;ret=Boolean;names=[range,value];origin=fixture] fun openEndRangeByteContainsShort sym=openEndRangeByteContainsShort[kind=fun;params=kotlin.ranges.OpenEndRange<Byte>,Short;ret=Boolean;names=[range,value];origin=fixture]
  decl openEndRangeDoubleContainsFloat[kind=fun;params=kotlin.ranges.OpenEndRange<Double>,Float;ret=Boolean;names=[range,value];origin=fixture] fun openEndRangeDoubleContainsFloat sym=openEndRangeDoubleContainsFloat[kind=fun;params=kotlin.ranges.OpenEndRange<Double>,Float;ret=Boolean;names=[range,value];origin=fixture]
  decl openEndRangeIntContainsByte[kind=fun;params=kotlin.ranges.OpenEndRange<Int>,Byte;ret=Boolean;names=[range,value];origin=fixture] fun openEndRangeIntContainsByte sym=openEndRangeIntContainsByte[kind=fun;params=kotlin.ranges.OpenEndRange<Int>,Byte;ret=Boolean;names=[range,value];origin=fixture]
  decl openEndRangeIntContainsLong[kind=fun;params=kotlin.ranges.OpenEndRange<Int>,Long;ret=Boolean;names=[range,value];origin=fixture] fun openEndRangeIntContainsLong sym=openEndRangeIntContainsLong[kind=fun;params=kotlin.ranges.OpenEndRange<Int>,Long;ret=Boolean;names=[range,value];origin=fixture]
  decl openEndRangeIntContainsShort[kind=fun;params=kotlin.ranges.OpenEndRange<Int>,Short;ret=Boolean;names=[range,value];origin=fixture] fun openEndRangeIntContainsShort sym=openEndRangeIntContainsShort[kind=fun;params=kotlin.ranges.OpenEndRange<Int>,Short;ret=Boolean;names=[range,value];origin=fixture]
  decl openEndRangeLongContainsByte[kind=fun;params=kotlin.ranges.OpenEndRange<Long>,Byte;ret=Boolean;names=[range,value];origin=fixture] fun openEndRangeLongContainsByte sym=openEndRangeLongContainsByte[kind=fun;params=kotlin.ranges.OpenEndRange<Long>,Byte;ret=Boolean;names=[range,value];origin=fixture]
  decl openEndRangeLongContainsInt[kind=fun;params=kotlin.ranges.OpenEndRange<Long>,Int;ret=Boolean;names=[range,value];origin=fixture] fun openEndRangeLongContainsInt sym=openEndRangeLongContainsInt[kind=fun;params=kotlin.ranges.OpenEndRange<Long>,Int;ret=Boolean;names=[range,value];origin=fixture]
  decl openEndRangeLongContainsShort[kind=fun;params=kotlin.ranges.OpenEndRange<Long>,Short;ret=Boolean;names=[range,value];origin=fixture] fun openEndRangeLongContainsShort sym=openEndRangeLongContainsShort[kind=fun;params=kotlin.ranges.OpenEndRange<Long>,Short;ret=Boolean;names=[range,value];origin=fixture]
  decl openEndRangeShortContainsByte[kind=fun;params=kotlin.ranges.OpenEndRange<Short>,Byte;ret=Boolean;names=[range,value];origin=fixture] fun openEndRangeShortContainsByte sym=openEndRangeShortContainsByte[kind=fun;params=kotlin.ranges.OpenEndRange<Short>,Byte;ret=Boolean;names=[range,value];origin=fixture]
  decl openEndRangeShortContainsInt[kind=fun;params=kotlin.ranges.OpenEndRange<Short>,Int;ret=Boolean;names=[range,value];origin=fixture] fun openEndRangeShortContainsInt sym=openEndRangeShortContainsInt[kind=fun;params=kotlin.ranges.OpenEndRange<Short>,Int;ret=Boolean;names=[range,value];origin=fixture]
  decl openEndRangeShortContainsLong[kind=fun;params=kotlin.ranges.OpenEndRange<Short>,Long;ret=Boolean;names=[range,value];origin=fixture] fun openEndRangeShortContainsLong sym=openEndRangeShortContainsLong[kind=fun;params=kotlin.ranges.OpenEndRange<Short>,Long;ret=Boolean;names=[range,value];origin=fixture]
expr e@2:5 name(range) type=kotlin.ranges.OpenEndRange<Byte> ref=openEndRangeByteContainsInt.$0.range[kind=vparam;origin=fixture]
expr e@2:20 name(value) type=Int ref=openEndRangeByteContainsInt.$0.value[kind=vparam;origin=fixture]
expr e@2:5#1 memberCall recv=e@2:5 callee=contains args=[_:e@2:20] type=Boolean call=kotlin.ranges.contains[kind=fun;recv=kotlin.ranges.IntRange;params=Int;ret=Boolean;names=[value]]
expr e@5:5 name(range) type=kotlin.ranges.OpenEndRange<Byte> ref=openEndRangeByteContainsLong.$1.range[kind=vparam;origin=fixture]
expr e@5:20 name(value) type=Long ref=openEndRangeByteContainsLong.$1.value[kind=vparam;origin=fixture]
expr e@5:5#1 memberCall recv=e@5:5 callee=contains args=[_:e@5:20] type=Boolean call=kotlin.ranges.contains[kind=fun;recv=kotlin.ranges.IntRange;params=Long;ret=Boolean;names=[value]]
expr e@8:5 name(range) type=kotlin.ranges.OpenEndRange<Byte> ref=openEndRangeByteContainsShort.$2.range[kind=vparam;origin=fixture]
expr e@8:20 name(value) type=Short ref=openEndRangeByteContainsShort.$2.value[kind=vparam;origin=fixture]
expr e@8:5#1 memberCall recv=e@8:5 callee=contains args=[_:e@8:20] type=Boolean call=kotlin.ranges.contains[kind=fun;recv=kotlin.ranges.IntRange;params=Short;ret=Boolean;names=[value]]
expr e@11:5 name(range) type=kotlin.ranges.OpenEndRange<Double> ref=openEndRangeDoubleContainsFloat.$3.range[kind=vparam;origin=fixture]
expr e@11:20 name(value) type=Float ref=openEndRangeDoubleContainsFloat.$3.value[kind=vparam;origin=fixture]
expr e@11:5#1 memberCall recv=e@11:5 callee=contains args=[_:e@11:20] type=Boolean call=kotlin.ranges.contains[kind=fun;recv=kotlin.ranges.OpenEndRange<Double>;params=Float;ret=Boolean;names=[value]]
expr e@14:5 name(range) type=kotlin.ranges.OpenEndRange<Int> ref=openEndRangeIntContainsByte.$4.range[kind=vparam;origin=fixture]
expr e@14:20 name(value) type=Byte ref=openEndRangeIntContainsByte.$4.value[kind=vparam;origin=fixture]
expr e@14:5#1 memberCall recv=e@14:5 callee=contains args=[_:e@14:20] type=Boolean call=kotlin.ranges.contains[kind=fun;recv=kotlin.ranges.IntRange;params=Byte;ret=Boolean;names=[value]]
expr e@17:5 name(range) type=kotlin.ranges.OpenEndRange<Int> ref=openEndRangeIntContainsLong.$5.range[kind=vparam;origin=fixture]
expr e@17:20 name(value) type=Long ref=openEndRangeIntContainsLong.$5.value[kind=vparam;origin=fixture]
expr e@17:5#1 memberCall recv=e@17:5 callee=contains args=[_:e@17:20] type=Boolean call=kotlin.ranges.contains[kind=fun;recv=kotlin.ranges.IntRange;params=Long;ret=Boolean;names=[value]]
expr e@20:5 name(range) type=kotlin.ranges.OpenEndRange<Int> ref=openEndRangeIntContainsShort.$6.range[kind=vparam;origin=fixture]
expr e@20:20 name(value) type=Short ref=openEndRangeIntContainsShort.$6.value[kind=vparam;origin=fixture]
expr e@20:5#1 memberCall recv=e@20:5 callee=contains args=[_:e@20:20] type=Boolean call=kotlin.ranges.contains[kind=fun;recv=kotlin.ranges.IntRange;params=Short;ret=Boolean;names=[value]]
expr e@23:5 name(range) type=kotlin.ranges.OpenEndRange<Long> ref=openEndRangeLongContainsByte.$7.range[kind=vparam;origin=fixture]
expr e@23:20 name(value) type=Byte ref=openEndRangeLongContainsByte.$7.value[kind=vparam;origin=fixture]
expr e@23:5#1 memberCall recv=e@23:5 callee=contains args=[_:e@23:20] type=Boolean call=kotlin.ranges.contains[kind=fun;recv=kotlin.ranges.IntRange;params=Byte;ret=Boolean;names=[value]]
expr e@26:5 name(range) type=kotlin.ranges.OpenEndRange<Long> ref=openEndRangeLongContainsInt.$8.range[kind=vparam;origin=fixture]
expr e@26:20 name(value) type=Int ref=openEndRangeLongContainsInt.$8.value[kind=vparam;origin=fixture]
expr e@26:5#1 memberCall recv=e@26:5 callee=contains args=[_:e@26:20] type=Boolean call=kotlin.ranges.contains[kind=fun;recv=kotlin.ranges.IntRange;params=Int;ret=Boolean;names=[value]]
expr e@29:5 name(range) type=kotlin.ranges.OpenEndRange<Long> ref=openEndRangeLongContainsShort.$9.range[kind=vparam;origin=fixture]
expr e@29:20 name(value) type=Short ref=openEndRangeLongContainsShort.$9.value[kind=vparam;origin=fixture]
expr e@29:5#1 memberCall recv=e@29:5 callee=contains args=[_:e@29:20] type=Boolean call=kotlin.ranges.contains[kind=fun;recv=kotlin.ranges.IntRange;params=Short;ret=Boolean;names=[value]]
expr e@32:5 name(range) type=kotlin.ranges.OpenEndRange<Short> ref=openEndRangeShortContainsByte.$10.range[kind=vparam;origin=fixture]
expr e@32:20 name(value) type=Byte ref=openEndRangeShortContainsByte.$10.value[kind=vparam;origin=fixture]
expr e@32:5#1 memberCall recv=e@32:5 callee=contains args=[_:e@32:20] type=Boolean call=kotlin.ranges.contains[kind=fun;recv=kotlin.ranges.IntRange;params=Byte;ret=Boolean;names=[value]]
expr e@35:5 name(range) type=kotlin.ranges.OpenEndRange<Short> ref=openEndRangeShortContainsInt.$11.range[kind=vparam;origin=fixture]
expr e@35:20 name(value) type=Int ref=openEndRangeShortContainsInt.$11.value[kind=vparam;origin=fixture]
expr e@35:5#1 memberCall recv=e@35:5 callee=contains args=[_:e@35:20] type=Boolean call=kotlin.ranges.contains[kind=fun;recv=kotlin.ranges.IntRange;params=Int;ret=Boolean;names=[value]]
expr e@38:5 name(range) type=kotlin.ranges.OpenEndRange<Short> ref=openEndRangeShortContainsLong.$12.range[kind=vparam;origin=fixture]
expr e@38:20 name(value) type=Long ref=openEndRangeShortContainsLong.$12.value[kind=vparam;origin=fixture]
expr e@38:5#1 memberCall recv=e@38:5 callee=contains args=[_:e@38:20] type=Boolean call=kotlin.ranges.contains[kind=fun;recv=kotlin.ranges.IntRange;params=Long;ret=Boolean;names=[value]]
