symbol fq=golden.sema.atomicIntArrayFromSize.$0.size[kind=vparam] kind=valueParameter vis=private flags=_
symbol fq=golden.sema.atomicIntArrayFromSize[kind=fun;params=Int] kind=function vis=public flags=_ sig=recv=_ params=[Int] ret=kotlin.concurrent.AtomicIntArray
symbol fq=golden.sema.atomicIntArrayFromStorage.$1.values[kind=vparam] kind=valueParameter vis=private flags=_
symbol fq=golden.sema.atomicIntArrayFromStorage[kind=fun;params=kotlin.IntArray] kind=function vis=public flags=_ sig=recv=_ params=[kotlin.IntArray] ret=kotlin.concurrent.AtomicIntArray
file fstdlib_kotlin_concurrent_AtomicIntArray_n_n package=golden.sema annotations=[@file:OptIn(kotlin.ExperimentalStdlibApi::class),@file:Suppress("INVISIBLE_MEMBER","INVISIBLE_REFERENCE")]
  decl golden.sema.atomicIntArrayFromSize[kind=fun;params=Int] fun atomicIntArrayFromSize sym=golden.sema.atomicIntArrayFromSize[kind=fun;params=Int]
  decl golden.sema.atomicIntArrayFromStorage[kind=fun;params=kotlin.IntArray] fun atomicIntArrayFromStorage sym=golden.sema.atomicIntArrayFromStorage[kind=fun;params=kotlin.IntArray]
expr e@8:72 name(size) type=Int ref=golden.sema.atomicIntArrayFromSize.$0.size[kind=vparam]
expr e@8:57 call callee=e@8:57#1 args=[_:e@8:72] type=kotlin.concurrent.AtomicIntArray call=kotlin.concurrent.AtomicIntArray[kind=fun;params=Int]
expr e@9:82 name(values) type=kotlin.IntArray ref=golden.sema.atomicIntArrayFromStorage.$1.values[kind=vparam]
expr e@9:67 call callee=e@9:67#1 args=[_:e@9:82] type=kotlin.concurrent.AtomicIntArray call=kotlin.concurrent.AtomicIntArray[kind=fun;params=kotlin.IntArray]
