symbol fq=__local_0.empty kind=local vis=private flags=_ type=kotlin.ShortArray
symbol fq=__local_1.values kind=local vis=private flags=_ type=kotlin.ShortArray
symbol fq=golden.sema.main kind=function vis=public flags=_ sig=recv=_ params=[] ret=Unit
symbol fq=kotlin.ShortArray kind=class vis=public flags=synthetic
file fstdlib_kotlin_n_short package=golden.sema
  decl golden.sema.main fun main sym=golden.sema.main
expr e@4:17 call callee=e@4:17#1 args=[] type=kotlin.ShortArray call=kotlin.shortArrayOf
expr e@4:5 localDecl empty mutable=0 type=_ init=e@4:17 type=Unit ref=__local_0.empty
expr e@5:31 int(1) type=Short
expr e@5:35 int(2) type=Int
expr e@5:34 unary(unaryMinus) operand=e@5:35 type=Short
expr e@5:38 int(32767) type=Short
expr e@5:46 int(32768) type=Int
expr e@5:45 unary(unaryMinus) operand=e@5:46 type=Short
expr e@5:18 call callee=e@5:18#1 args=[_:e@5:31,_:e@5:34,_:e@5:38,_:e@5:45] type=kotlin.ShortArray call=kotlin.shortArrayOf
expr e@5:5 localDecl values mutable=0 type=_ init=e@5:18 type=Unit ref=__local_1.values
expr e@6:13 name(empty) type=kotlin.ShortArray ref=__local_0.empty
expr e@6:13#1 memberCall recv=e@6:13 callee=size args=[] type=Int call=kotlin.collections.size.$get#7
expr e@6:5 call callee=e@6:5#1 args=[_:e@6:13#1] type=Unit call=kotlin.io.println#1
expr e@7:13 name(values) type=kotlin.ShortArray ref=__local_1.values
expr e@7:13#1 memberCall recv=e@7:13 callee=size args=[] type=Int call=kotlin.collections.size.$get#7
expr e@7:5 call callee=e@7:5#1 args=[_:e@7:13#1] type=Unit call=kotlin.io.println#1
expr e@8:13 name(values) type=kotlin.ShortArray ref=__local_1.values
expr e@8:20 int(0) type=Int
expr e@8:13#1 indexedAccess receiver=e@8:13 indices=[e@8:20] type=Short
expr e@8:5 call callee=e@8:5#1 args=[_:e@8:13#1] type=Unit call=kotlin.io.println#1
expr e@9:13 name(values) type=kotlin.ShortArray ref=__local_1.values
expr e@9:20 int(1) type=Int
expr e@9:13#1 indexedAccess receiver=e@9:13 indices=[e@9:20] type=Short
expr e@9:5 call callee=e@9:5#1 args=[_:e@9:13#1] type=Unit call=kotlin.io.println#1
expr e@10:13 name(values) type=kotlin.ShortArray ref=__local_1.values
expr e@10:20 int(2) type=Int
expr e@10:13#1 indexedAccess receiver=e@10:13 indices=[e@10:20] type=Short
expr e@10:5 call callee=e@10:5#1 args=[_:e@10:13#1] type=Unit call=kotlin.io.println#1
expr e@11:13 name(values) type=kotlin.ShortArray ref=__local_1.values
expr e@11:20 int(3) type=Int
expr e@11:13#1 indexedAccess receiver=e@11:13 indices=[e@11:20] type=Short
expr e@11:5 call callee=e@11:5#1 args=[_:e@11:13#1] type=Unit call=kotlin.io.println#1
