symbol fq=__local_0.readonly[kind=local] kind=local vis=private flags=_ type=kotlin.collections.Map<String, Int>
symbol fq=__local_1.mutable[kind=local] kind=local vis=private flags=_ type=kotlin.collections.MutableMap<String, Int>
symbol fq=__local_2.missingValue[kind=local] kind=local vis=private flags=_ type=Int?
symbol fq=__local_3.keyView[kind=local] kind=local vis=private flags=_ type=kotlin.collections.Set<String>
symbol fq=__local_4.valueView[kind=local] kind=local vis=private flags=_ type=kotlin.collections.Collection<Int>
symbol fq=__local_5.entryView[kind=local] kind=local vis=private flags=_ type=kotlin.collections.Set<kotlin.collections.Map.Entry<String, Int>>
symbol fq=golden.sema.ProbeMutableMap[kind=class] kind=class vis=public flags=abstractType|openType
symbol fq=golden.sema.acceptMutable.$0.values[kind=vparam] kind=valueParameter vis=private flags=_
symbol fq=golden.sema.acceptMutable[kind=fun;params=kotlin.collections.MutableMap<String,Int>] kind=function vis=public flags=_ sig=recv=_ params=[kotlin.collections.MutableMap<String, Int>] ret=Unit
symbol fq=golden.sema.acceptReadonly.$1.values[kind=vparam] kind=valueParameter vis=private flags=_
symbol fq=golden.sema.acceptReadonly[kind=fun;params=kotlin.collections.Map<String,Int>] kind=function vis=public flags=_ sig=recv=_ params=[kotlin.collections.Map<String, Int>] ret=Unit
symbol fq=golden.sema.inheritedMapSurface.$2.missing[kind=vparam] kind=valueParameter vis=private flags=_
symbol fq=golden.sema.inheritedMapSurface.$2.values[kind=vparam] kind=valueParameter vis=private flags=_
symbol fq=golden.sema.inheritedMapSurface[kind=fun;params=golden.sema.ProbeMutableMap,String] kind=function vis=public flags=_ sig=recv=_ params=[golden.sema.ProbeMutableMap,String] ret=Int?
file fstdlib_kotlin_collections_n_AbstractMutableMap package=golden.sema
  decl golden.sema.ProbeMutableMap[kind=class] class ProbeMutableMap sym=golden.sema.ProbeMutableMap[kind=class]
  decl golden.sema.acceptReadonly[kind=fun;params=kotlin.collections.Map<String,Int>] fun acceptReadonly sym=golden.sema.acceptReadonly[kind=fun;params=kotlin.collections.Map<String,Int>]
  decl golden.sema.acceptMutable[kind=fun;params=kotlin.collections.MutableMap<String,Int>] fun acceptMutable sym=golden.sema.acceptMutable[kind=fun;params=kotlin.collections.MutableMap<String,Int>]
  decl golden.sema.inheritedMapSurface[kind=fun;params=golden.sema.ProbeMutableMap,String] fun inheritedMapSurface sym=golden.sema.inheritedMapSurface[kind=fun;params=golden.sema.ProbeMutableMap,String]
expr e@14:38 name(values) type=golden.sema.ProbeMutableMap ref=golden.sema.inheritedMapSurface.$2.values[kind=vparam]
expr e@14:5 localDecl readonly mutable=0 type=Map<String,Int> init=e@14:38 type=Unit ref=__local_0.readonly[kind=local]
expr e@15:44 name(values) type=golden.sema.ProbeMutableMap ref=golden.sema.inheritedMapSurface.$2.values[kind=vparam]
expr e@15:5 localDecl mutable mutable=0 type=MutableMap<String,Int> init=e@15:44 type=Unit ref=__local_1.mutable[kind=local]
expr e@16:24 name(readonly) type=kotlin.collections.Map<String, Int> ref=__local_0.readonly[kind=local]
expr e@16:33 name(missing) type=String ref=golden.sema.inheritedMapSurface.$2.missing[kind=vparam]
expr e@16:24#1 indexedAccess receiver=e@16:24 indices=[e@16:33] type=Int? call=kotlin.collections.Map.get[kind=fun;recv=kotlin.collections.Map<T0,T1>;params=T0;gen=2] targs=[String,Int]
expr e@16:5 localDecl missingValue mutable=0 type=_ init=e@16:24#1 type=Unit ref=__local_2.missingValue[kind=local]
expr e@17:5 name(mutable) type=kotlin.collections.MutableMap<String, Int> ref=__local_1.mutable[kind=local]
expr e@17:20 call callee=e@17:20#1 args=[] type=kotlin.collections.Map<String, out Int> call=kotlin.collections.emptyMap[kind=fun;params=;gen=2] targs=[String,Int]
expr e@17:5#1 memberCall recv=e@17:5 callee=putAll args=[_:e@17:20] type=Unit call=kotlin.collections.MutableMap.putAll[kind=fun;recv=kotlin.collections.MutableMap<T0,T1>;params=kotlin.collections.Map<out T0,out T1>;gen=2]
expr e@18:5 name(mutable) type=kotlin.collections.MutableMap<String, Int> ref=__local_1.mutable[kind=local]
expr e@18:20 name(missing) type=String ref=golden.sema.inheritedMapSurface.$2.missing[kind=vparam]
expr e@18:5#1 memberCall recv=e@18:5 callee=remove args=[_:e@18:20] type=Int? call=kotlin.collections.remove[kind=fun;recv=kotlin.collections.MutableMap<out T0,T1>;params=T0;gen=2] targs=[String,Int]
expr e@19:19 name(mutable) type=kotlin.collections.MutableMap<String, Int> ref=__local_1.mutable[kind=local]
expr e@19:19#1 memberCall recv=e@19:19 callee=keys args=[] type=kotlin.collections.Set<String> ref=kotlin.collections.Map.keys[kind=prop]
expr e@19:5 localDecl keyView mutable=0 type=_ init=e@19:19#1 type=Unit ref=__local_3.keyView[kind=local]
expr e@20:21 name(mutable) type=kotlin.collections.MutableMap<String, Int> ref=__local_1.mutable[kind=local]
expr e@20:21#1 memberCall recv=e@20:21 callee=values args=[] type=kotlin.collections.Collection<Int> ref=kotlin.collections.Map.values[kind=prop]
expr e@20:5 localDecl valueView mutable=0 type=_ init=e@20:21#1 type=Unit ref=__local_4.valueView[kind=local]
expr e@21:21 name(readonly) type=kotlin.collections.Map<String, Int> ref=__local_0.readonly[kind=local]
expr e@21:21#1 memberCall recv=e@21:21 callee=entries args=[] type=kotlin.collections.Set<kotlin.collections.Map.Entry<String, Int>> ref=kotlin.collections.Map.entries[kind=prop]
expr e@21:5 localDecl entryView mutable=0 type=_ init=e@21:21#1 type=Unit ref=__local_5.entryView[kind=local]
expr e@22:5 name(values) type=golden.sema.ProbeMutableMap ref=golden.sema.inheritedMapSurface.$2.values[kind=vparam]
expr e@22:19 name(readonly) type=kotlin.collections.Map<String, Int> ref=__local_0.readonly[kind=local]
expr e@22:5#1 memberCall recv=e@22:5 callee=equals args=[_:e@22:19] type=Boolean call=kotlin.collections.AbstractMap.equals[kind=fun;recv=kotlin.collections.AbstractMap<T0,T1>;params=Any?;gen=2] targs=[String,Int]
expr e@23:5 name(values) type=golden.sema.ProbeMutableMap ref=golden.sema.inheritedMapSurface.$2.values[kind=vparam]
expr e@23:5#1 memberCall recv=e@23:5 callee=hashCode args=[] type=Int call=kotlin.collections.AbstractMap.hashCode[kind=fun;recv=kotlin.collections.AbstractMap<T0,T1>;params=;gen=2] targs=[String,Int]
expr e@24:5 name(values) type=golden.sema.ProbeMutableMap ref=golden.sema.inheritedMapSurface.$2.values[kind=vparam]
expr e@24:5#1 memberCall recv=e@24:5 callee=toString args=[] type=String call=kotlin.collections.AbstractMap.toString[kind=fun;recv=kotlin.collections.AbstractMap<T0,T1>;params=;gen=2] targs=[String,Int]
expr e@25:5 name(keyView) type=kotlin.collections.Set<String> ref=__local_3.keyView[kind=local]
expr e@25:5#1 memberCall recv=e@25:5 callee=size args=[] type=Int ref=kotlin.collections.Set.size[kind=prop]
expr e@26:5 name(valueView) type=kotlin.collections.Collection<Int> ref=__local_4.valueView[kind=local]
expr e@26:5#1 memberCall recv=e@26:5 callee=size args=[] type=Int ref=kotlin.collections.Collection.size[kind=prop]
expr e@27:5 name(entryView) type=kotlin.collections.Set<kotlin.collections.Map.Entry<String, Int>> ref=__local_5.entryView[kind=local]
expr e@27:5#1 memberCall recv=e@27:5 callee=size args=[] type=Int ref=kotlin.collections.Set.size[kind=prop]
expr e@28:12 name(missingValue) type=Int? ref=__local_2.missingValue[kind=local]
expr e@28:5 return value=e@28:12 type=Nothing
