symbol fq=combine kind=function vis=public flags=_ sig=recv=_ params=[kotlin.Comparator<String>,kotlin.Comparator<Any>] ret=kotlin.Comparator<String>
symbol fq=combine.$0.primary kind=valueParameter vis=private flags=_
symbol fq=combine.$0.secondary kind=valueParameter vis=private flags=_
symbol fq=combineDescending kind=function vis=public flags=_ sig=recv=_ params=[kotlin.Comparator<String>,kotlin.Comparator<Any>] ret=kotlin.Comparator<String>
symbol fq=combineDescending.$1.primary kind=valueParameter vis=private flags=_
symbol fq=combineDescending.$1.secondary kind=valueParameter vis=private flags=_
symbol fq=combineNullable kind=function vis=public flags=_ sig=recv=_ params=[kotlin.Comparator<String?>,kotlin.Comparator<Any?>] ret=kotlin.Comparator<String?>
symbol fq=combineNullable.$2.primary kind=valueParameter vis=private flags=_
symbol fq=combineNullable.$2.secondary kind=valueParameter vis=private flags=_
symbol fq=combineNullableDescending kind=function vis=public flags=_ sig=recv=_ params=[kotlin.Comparator<String?>,kotlin.Comparator<Any?>] ret=kotlin.Comparator<String?>
symbol fq=combineNullableDescending.$3.primary kind=valueParameter vis=private flags=_
symbol fq=combineNullableDescending.$3.secondary kind=valueParameter vis=private flags=_
symbol fq=kotlin.Comparator kind=interface vis=public flags=funInterface
file fstdlib_kotlin_comparisons_Comparator_n package=_
  decl combine fun combine sym=combine
  decl combineDescending fun combineDescending sym=combineDescending
  decl combineNullable fun combineNullable sym=combineNullable
  decl combineNullableDescending fun combineNullableDescending sym=combineNullableDescending
expr e@5:5 name(primary) type=kotlin.Comparator<String> ref=combine.$0.primary
expr e@5:18 name(secondary) type=kotlin.Comparator<Any> ref=combine.$0.secondary
expr e@5:5#1 memberCall recv=e@5:5 callee=then args=[_:e@5:18] type=kotlin.Comparator<String> call=kotlin.comparisons.then targs=[String]
expr e@8:5 name(primary) type=kotlin.Comparator<String> ref=combineDescending.$1.primary
expr e@8:28 name(secondary) type=kotlin.Comparator<Any> ref=combineDescending.$1.secondary
expr e@8:5#1 memberCall recv=e@8:5 callee=thenDescending args=[_:e@8:28] type=kotlin.Comparator<String> call=kotlin.comparisons.thenDescending#1 targs=[String]
expr e@11:5 name(primary) type=kotlin.Comparator<String?> ref=combineNullable.$2.primary
expr e@11:18 name(secondary) type=kotlin.Comparator<Any?> ref=combineNullable.$2.secondary
expr e@11:5#1 memberCall recv=e@11:5 callee=then args=[_:e@11:18] type=kotlin.Comparator<String?> call=kotlin.comparisons.then targs=[String?]
expr e@16:26 name(primary) type=kotlin.Comparator<String?> ref=combineNullableDescending.$3.primary
expr e@16:49 name(secondary) type=kotlin.Comparator<Any?> ref=combineNullableDescending.$3.secondary
expr e@16:26#1 memberCall recv=e@16:26 callee=thenDescending args=[_:e@16:49] type=kotlin.Comparator<String?> call=kotlin.comparisons.thenDescending#1 targs=[String?]
