symbol fq=CustomMap kind=class vis=private flags=_
symbol fq=CustomMap.<init>.$0.backing kind=valueParameter vis=private flags=_
symbol fq=EqualKey kind=class vis=private flags=dataType
symbol fq=EqualKey.<init> kind=constructor vis=private flags=_ sig=recv=EqualKey params=[Int] ret=EqualKey
symbol fq=EqualKey.<init>.$1.value kind=valueParameter vis=private flags=_
symbol fq=__local_0.map kind=local vis=private flags=_ type=kotlin.collections.Map<String, Int?>
symbol fq=__local_1.nullableMap kind=local vis=private flags=_ type=kotlin.collections.Map<String?, Int?>
symbol fq=__local_2.nullableKey kind=local vis=private flags=_ type=String?
symbol fq=__local_3.equalKeys kind=local vis=private flags=_ type=kotlin.collections.Map<EqualKey, String?>
symbol fq=__local_4.boxedKeys kind=local vis=private flags=_ type=kotlin.collections.Map<Int, String?>
symbol fq=customMapContains kind=function vis=private flags=_ sig=recv=_ params=[CustomMap] ret=Boolean
symbol fq=customMapContains.$2.custom kind=valueParameter vis=private flags=_
symbol fq=kotlin.Pair kind=class vis=public flags=_
symbol fq=kotlin.collections.Map kind=interface vis=public flags=_
symbol fq=main kind=function vis=public flags=_ sig=recv=_ params=[] ret=Unit
file fstdlib_kotlin_collections_Map_contains package=_
  decl EqualKey class EqualKey sym=EqualKey
  decl CustomMap class CustomMap sym=CustomMap
  decl customMapContains fun customMapContains sym=customMapContains
  decl main fun main sym=main
expr e@4:88 name(backing) type=kotlin.collections.Map<String, Int?> ref=CustomMap.<init>.$0.backing
expr e@6:61 name(custom) type=CustomMap ref=customMapContains.$2.custom
expr e@6:77 string(custom) type=String
expr e@6:61#1 memberCall recv=e@6:61 callee=contains args=[_:e@6:77] type=Boolean call=kotlin.collections.contains#2 targs=[String,Int?]
expr e@9:40 string(present) type=String
expr e@9:53 name(null) type=Nothing?
expr e@9:40#1 memberCall recv=e@9:40 callee=to args=[_:e@9:53] type=kotlin.Pair<String, Nothing?> call=kotlin.to targs=[String,Nothing?]
expr e@9:59 string(number) type=String
expr e@9:71 int(1) type=Int
expr e@9:59#1 memberCall recv=e@9:59 callee=to args=[_:e@9:71] type=kotlin.Pair<String, Int> call=kotlin.to targs=[String,Int]
expr e@9:34 call callee=e@9:34#1 args=[_:e@9:40#1,_:e@9:59#1] type=kotlin.collections.Map<String, Int?> call=kotlin.collections.mapOf#2 targs=[String,Int?]
expr e@9:5 localDecl map mutable=0 type=Map<String,Int?> init=e@9:34 type=Unit ref=__local_0.map
expr e@10:13 string(present) type=String
expr e@10:26 name(map) type=kotlin.collections.Map<String, Int?> ref=__local_0.map
expr e@10:13#1 inExpr lhs=e@10:13 rhs=e@10:26 type=Boolean call=kotlin.collections.contains#2 targs=[String,Int?]
expr e@10:5 call callee=e@10:5#1 args=[_:e@10:13#1] type=Unit call=kotlin.io.println#1
expr e@11:13 string(missing) type=String
expr e@11:26 name(map) type=kotlin.collections.Map<String, Int?> ref=__local_0.map
expr e@11:13#1 inExpr lhs=e@11:13 rhs=e@11:26 type=Boolean call=kotlin.collections.contains#2 targs=[String,Int?]
expr e@11:5 call callee=e@11:5#1 args=[_:e@11:13#1] type=Unit call=kotlin.io.println#1
expr e@12:13 name(map) type=kotlin.collections.Map<String, Int?> ref=__local_0.map
expr e@12:26 string(present) type=String
expr e@12:13#1 memberCall recv=e@12:13 callee=contains args=[_:e@12:26] type=Boolean call=kotlin.collections.contains#2
expr e@12:5 call callee=e@12:5#1 args=[_:e@12:13#1] type=Unit call=kotlin.io.println#1
expr e@13:13 name(map) type=kotlin.collections.Map<String, Int?> ref=__local_0.map
expr e@13:26 string(missing) type=String
expr e@13:13#1 memberCall recv=e@13:13 callee=contains args=[_:e@13:26] type=Boolean call=kotlin.collections.contains#2
expr e@13:5 call callee=e@13:5#1 args=[_:e@13:13#1] type=Unit call=kotlin.io.println#1
expr e@14:13 name(map) type=kotlin.collections.Map<String, Int?> ref=__local_0.map
expr e@14:31 name(null) type=Nothing?
expr e@14:13#1 memberCall recv=e@14:13 callee=containsValue args=[_:e@14:31] type=Boolean call=kotlin.collections.containsValue
expr e@14:5 call callee=e@14:5#1 args=[_:e@14:13#1] type=Unit call=kotlin.io.println#1
expr e@15:13 name(map) type=kotlin.collections.Map<String, Int?> ref=__local_0.map
expr e@15:31 int(1) type=Int
expr e@15:13#1 memberCall recv=e@15:13 callee=containsValue args=[_:e@15:31] type=Boolean call=kotlin.collections.containsValue
expr e@15:5 call callee=e@15:5#1 args=[_:e@15:13#1] type=Unit call=kotlin.io.println#1
expr e@17:49 name(null) type=Nothing?
expr e@17:57 name(null) type=Nothing?
expr e@17:49#1 memberCall recv=e@17:49 callee=to args=[_:e@17:57] type=kotlin.Pair<Nothing?, Nothing?> call=kotlin.to targs=[Nothing?,Nothing?]
expr e@17:63 string(value) type=String
expr e@17:74 int(2) type=Int
expr e@17:63#1 memberCall recv=e@17:63 callee=to args=[_:e@17:74] type=kotlin.Pair<String, Int> call=kotlin.to targs=[String,Int]
expr e@17:43 call callee=e@17:43#1 args=[_:e@17:49#1,_:e@17:63#1] type=kotlin.collections.Map<String?, Int?> call=kotlin.collections.mapOf#2 targs=[String?,Int?]
expr e@17:5 localDecl nullableMap mutable=0 type=Map<String?,Int?> init=e@17:43 type=Unit ref=__local_1.nullableMap
expr e@18:32 name(null) type=Nothing?
expr e@18:5 localDecl nullableKey mutable=0 type=String? init=e@18:32 type=Unit ref=__local_2.nullableKey
expr e@19:13 name(nullableKey) type=String? ref=__local_2.nullableKey
expr e@19:28 name(nullableMap) type=kotlin.collections.Map<String?, Int?> ref=__local_1.nullableMap
expr e@19:13#1 inExpr lhs=e@19:13 rhs=e@19:28 type=Boolean call=kotlin.collections.contains#2 targs=[String?,Int?]
expr e@19:5 call callee=e@19:5#1 args=[_:e@19:13#1] type=Unit call=kotlin.io.println#1
expr e@20:13 name(nullableMap) type=kotlin.collections.Map<String?, Int?> ref=__local_1.nullableMap
expr e@20:34 name(null) type=Nothing?
expr e@20:13#1 memberCall recv=e@20:13 callee=contains args=[_:e@20:34] type=Boolean call=kotlin.collections.contains#2
expr e@20:5 call callee=e@20:5#1 args=[_:e@20:13#1] type=Unit call=kotlin.io.println#1
expr e@21:13 name(nullableMap) type=kotlin.collections.Map<String?, Int?> ref=__local_1.nullableMap
expr e@21:39 name(null) type=Nothing?
expr e@21:13#1 memberCall recv=e@21:13 callee=containsValue args=[_:e@21:39] type=Boolean call=kotlin.collections.containsValue
expr e@21:5 call callee=e@21:5#1 args=[_:e@21:13#1] type=Unit call=kotlin.io.println#1
expr e@23:60 int(7) type=Int
expr e@23:51 call callee=e@23:51#1 args=[_:e@23:60] type=EqualKey call=EqualKey.<init>
expr e@23:66 name(null) type=Nothing?
expr e@23:51#2 memberCall recv=e@23:51 callee=to args=[_:e@23:66] type=kotlin.Pair<EqualKey, Nothing?> call=kotlin.to targs=[EqualKey,Nothing?]
expr e@23:45 call callee=e@23:45#1 args=[_:e@23:51#2] type=kotlin.collections.Map<EqualKey, Nothing?> call=kotlin.collections.mapOf#1 targs=[EqualKey,Nothing?]
expr e@23:5 localDecl equalKeys mutable=0 type=Map<EqualKey,String?> init=e@23:45 type=Unit ref=__local_3.equalKeys
expr e@24:22 int(7) type=Int
expr e@24:13 call callee=e@24:13#1 args=[_:e@24:22] type=EqualKey call=EqualKey.<init>
expr e@24:28 name(equalKeys) type=kotlin.collections.Map<EqualKey, String?> ref=__local_3.equalKeys
expr e@24:13#2 inExpr lhs=e@24:13 rhs=e@24:28 type=Boolean call=kotlin.collections.contains#2 targs=[EqualKey,String?]
expr e@24:5 call callee=e@24:5#1 args=[_:e@24:13#2] type=Unit call=kotlin.io.println#1
expr e@25:13 name(equalKeys) type=kotlin.collections.Map<EqualKey, String?> ref=__local_3.equalKeys
expr e@25:41 int(8) type=Int
expr e@25:32 call callee=e@25:32#1 args=[_:e@25:41] type=EqualKey call=EqualKey.<init>
expr e@25:13#1 memberCall recv=e@25:13 callee=contains args=[_:e@25:32] type=Boolean call=kotlin.collections.contains#2
expr e@25:5 call callee=e@25:5#1 args=[_:e@25:13#1] type=Unit call=kotlin.io.println#1
expr e@27:46 int(1) type=Int
expr e@27:51 name(null) type=Nothing?
expr e@27:46#1 memberCall recv=e@27:46 callee=to args=[_:e@27:51] type=kotlin.Pair<Int, Nothing?> call=kotlin.to targs=[Int,Nothing?]
expr e@27:40 call callee=e@27:40#1 args=[_:e@27:46#1] type=kotlin.collections.Map<Int, Nothing?> call=kotlin.collections.mapOf#1 targs=[Int,Nothing?]
expr e@27:5 localDecl boxedKeys mutable=0 type=Map<Int,String?> init=e@27:40 type=Unit ref=__local_4.boxedKeys
expr e@28:13 int(1) type=Int
expr e@28:18 name(boxedKeys) type=kotlin.collections.Map<Int, String?> ref=__local_4.boxedKeys
expr e@28:13#1 inExpr lhs=e@28:13 rhs=e@28:18 type=Boolean call=kotlin.collections.contains#2 targs=[Int,String?]
expr e@28:5 call callee=e@28:5#1 args=[_:e@28:13#1] type=Unit call=kotlin.io.println#1
expr e@29:13 name(boxedKeys) type=kotlin.collections.Map<Int, String?> ref=__local_4.boxedKeys
expr e@29:32 int(2) type=Int
expr e@29:13#1 memberCall recv=e@29:13 callee=contains args=[_:e@29:32] type=Boolean call=kotlin.collections.contains#2
expr e@29:5 call callee=e@29:5#1 args=[_:e@29:13#1] type=Unit call=kotlin.io.println#1
