symbol fq=__local_0.message kind=local vis=private flags=_ type=String?
symbol fq=golden.sema.fromMessage kind=function vis=public flags=_ sig=recv=_ params=[String?] ret=kotlin.text.CharacterCodingException
symbol fq=golden.sema.fromMessage.$0.message kind=valueParameter vis=private flags=_
symbol fq=golden.sema.fromNoArg kind=function vis=public flags=_ sig=recv=_ params=[] ret=kotlin.text.CharacterCodingException
symbol fq=golden.sema.main kind=function vis=public flags=_ sig=recv=_ params=[] ret=Unit
file fstdlib_kotlin_text_CharacterCodingException_n_n package=golden.sema
  decl golden.sema.fromNoArg fun fromNoArg sym=golden.sema.fromNoArg
  decl golden.sema.fromMessage fun fromMessage sym=golden.sema.fromMessage
  decl golden.sema.main fun main sym=golden.sema.main
expr e@5:45 call callee=e@5:45#1 args=[] type=kotlin.text.CharacterCodingException call=kotlin.text.CharacterCodingException.<init>#0
expr e@7:88 name(message) type=String? ref=golden.sema.fromMessage.$0.message
expr e@7:63 call callee=e@7:63#1 args=[_:e@7:88] type=kotlin.text.CharacterCodingException call=kotlin.text.CharacterCodingException.<init>#1
expr e@10:28 string(decode failed) type=String
expr e@10:5 localDecl message mutable=0 type=String? init=e@10:28 type=Unit ref=__local_0.message
expr e@11:13 call callee=e@11:13#1 args=[] type=kotlin.text.CharacterCodingException call=golden.sema.fromNoArg
expr e@11:13#2 memberCall recv=e@11:13 callee=message args=[] type=String? ref=kotlin.Throwable.message
expr e@11:36 string(null) type=String
expr e@11:13#3 binary(elvis) lhs=e@11:13#2 rhs=e@11:36 type=String
expr e@11:5 call callee=e@11:5#1 args=[_:e@11:13#3] type=Unit call=kotlin.io.println#1
expr e@12:25 name(message) type=String? ref=__local_0.message
expr e@12:13 call callee=e@12:13#1 args=[_:e@12:25] type=kotlin.text.CharacterCodingException call=golden.sema.fromMessage
expr e@12:13#2 memberCall recv=e@12:13 callee=message args=[] type=String? ref=kotlin.Throwable.message
expr e@12:45 string(null) type=String
expr e@12:13#3 binary(elvis) lhs=e@12:13#2 rhs=e@12:45 type=String
expr e@12:5 call callee=e@12:5#1 args=[_:e@12:13#3] type=Unit call=kotlin.io.println#1
expr e@13:25 name(null) type=Nothing?
expr e@13:13 call callee=e@13:13#1 args=[_:e@13:25] type=kotlin.text.CharacterCodingException call=golden.sema.fromMessage
expr e@13:13#2 memberCall recv=e@13:13 callee=message args=[] type=String? ref=kotlin.Throwable.message
expr e@13:42 string(null) type=String
expr e@13:13#3 binary(elvis) lhs=e@13:13#2 rhs=e@13:42 type=String
expr e@13:5 call callee=e@13:5#1 args=[_:e@13:13#3] type=Unit call=kotlin.io.println#1
