symbol fq=golden.sema.counter kind=property vis=public flags=mutable type=Int
symbol fq=golden.sema.increment kind=function vis=public flags=_ sig=recv=_ params=[] ret=Unit
symbol fq=golden.sema.pi kind=property vis=public flags=_ type=Double
file f11 package=golden.sema
  decl d0 property pi var=0 sym=golden.sema.pi
  decl d1 property counter var=1 sym=golden.sema.counter
  decl d2 fun increment sym=golden.sema.increment
expr e0 double(3.14) type=Double
expr e1 int(0) type=Int
expr e2 name(counter) type=Int ref=golden.sema.counter
expr e3 int(1) type=Int
expr e4 binary(add) lhs=e2 rhs=e3 type=Int
expr e5 localAssign counter value=e4 type=Unit ref=golden.sema.counter
