symbol fq=__local_0.defaultMargin kind=local vis=private flags=_ type=String
symbol fq=__local_1.customMargin kind=local vis=private flags=_ type=String
symbol fq=kotlin.io.println#1 kind=function vis=public flags=synthetic sig=recv=_ params=[Any?] ret=Unit
symbol fq=kotlin.io.println.message kind=valueParameter vis=private flags=synthetic
symbol fq=main kind=function vis=public flags=_ sig=recv=_ params=[] ret=Unit
file ftrim_margin package=_
  decl main fun main sym=main
expr e@2:25 string(
        |alpha
        |beta
        |gamma
    ) type=String
expr e@2:25#1 memberCall recv=e@2:25 callee=trimMargin args=[] type=String call=kotlin.text.trimMargin
expr e@2:5 localDecl defaultMargin mutable=0 type=_ init=e@2:25#1 type=Unit ref=__local_0.defaultMargin
expr e@7:13 name(defaultMargin) type=String ref=__local_0.defaultMargin
expr e@7:5 call callee=e@7:5#1 args=[_:e@7:13] type=Unit call=kotlin.io.println#1
expr e@9:24 string(
        >left
        >right
    ) type=String
expr e@12:20 string(>) type=String
expr e@9:24#1 memberCall recv=e@9:24 callee=trimMargin args=[_:e@12:20] type=String call=kotlin.text.trimMargin
expr e@9:5 localDecl customMargin mutable=0 type=_ init=e@9:24#1 type=Unit ref=__local_1.customMargin
expr e@13:13 name(customMargin) type=String ref=__local_1.customMargin
expr e@13:5 call callee=e@13:5#1 args=[_:e@13:13] type=Unit call=kotlin.io.println#1
