symbol fq=golden.sema.asRawList kind=function vis=public flags=_ sig=recv=_ params=[Any] ret=kotlin.collections.List<*>?
symbol fq=golden.sema.asRawList.$0.v kind=valueParameter vis=private flags=_
symbol fq=golden.sema.isRawList kind=function vis=public flags=_ sig=recv=_ params=[Any] ret=Boolean
symbol fq=golden.sema.isRawList.$1.v kind=valueParameter vis=private flags=_
symbol fq=golden.sema.printSizeIfList kind=function vis=public flags=_ sig=recv=_ params=[Any] ret=Unit
symbol fq=golden.sema.printSizeIfList.$2.v kind=valueParameter vis=private flags=_
symbol fq=kotlin.collections.Collection.size kind=property vis=public flags=synthetic type=Int
symbol fq=kotlin.collections.List kind=interface vis=public flags=synthetic
symbol fq=kotlin.io.println#1 kind=function vis=public flags=synthetic sig=recv=_ params=[Any?] ret=Unit
symbol fq=kotlin.io.println.message kind=valueParameter vis=private flags=synthetic
file f4 package=golden.sema
  decl d0 fun isRawList sym=golden.sema.isRawList
  decl d1 fun asRawList sym=golden.sema.asRawList
  decl d2 fun printSizeIfList sym=golden.sema.printSizeIfList
expr e0 name(v) type=Any ref=golden.sema.isRawList.$1.v
expr e1 isCheck expr=e0 type=t0 type=Boolean
expr e2 name(v) type=Any ref=golden.sema.asRawList.$0.v
expr e3 asCast? expr=e2 type=t1 type=kotlin.collections.List<*>?
expr e4 name(v) type=Any ref=golden.sema.printSizeIfList.$2.v
expr e5 isCheck expr=e4 type=t2 type=Boolean
expr e6 name(v) type=kotlin.collections.List<*> ref=golden.sema.printSizeIfList.$2.v
expr e7 memberCall recv=e6 callee=size args=[] type=Int ref=kotlin.collections.Collection.size
expr e8 call callee=e9 args=[_:e7] type=Unit call=kotlin.io.println#1
expr e10 blockExpr stmts=[] trailing=e8 type=Unit
expr e11 if cond=e5 then=e10 else=_ type=Unit
