symbol s0 kind=class fq=golden.sema.Producer vis=public flags=_
symbol s1 kind=typeParameter fq=golden.sema.Producer.$class0.T vis=private flags=_
symbol s2 kind=constructor fq=golden.sema.Producer.<init> vis=public flags=_ sig=recv=Class#0<T#1> params=[T#1] ret=Class#0<T#1> suspend=0 defaults=[0] vararg=[0]
symbol s3 kind=class fq=golden.sema.Consumer vis=public flags=_
symbol s4 kind=function fq=golden.sema.validVariance vis=public flags=_ sig=recv=_ params=[] ret=Unit suspend=0 defaults=[] vararg=[]
symbol s5 kind=class fq=golden.sema.BadProducer vis=public flags=_
symbol s6 kind=class fq=golden.sema.BadConsumer vis=public flags=_
symbol s7 kind=local fq=__local_0.p vis=private flags=_ type=Class#0<Any>
symbol s8 kind=local fq=__local_1.c vis=private flags=_ type=Class#3<Int>
file f0 package=golden.sema
  decl d1 class Producer sym=s0
  decl d3 class Consumer sym=s3
  decl d4 fun validVariance suspend=0 inline=0 sym=s4
  decl d6 class BadProducer sym=s5
  decl d8 class BadConsumer sym=s6
expr e0 name(Producer) type=_
expr e1 int(42) type=Int
expr e2 call callee=e0 args=[_:e1] type=Class#0<Any> call=s2 map=[0->0] targs=[Any]
expr e3 localDecl p mutable=0 type=t3 init=e2 type=Unit ref=s7
expr e4 name(Consumer) type=_
expr e5 call callee=e4 args=[] type=<error>
expr e6 localDecl c mutable=0 type=t5 init=e5 type=Unit ref=s8
expr e7 name(null) type=Nothing?
