node kotlinFile f4:0..193
  node funDecl f4:0..193
    tok keyword(fun) f4:0..3
    tok identifier(sample) f4:4..10
    node statement f4:10..33
      tok symbol(() f4:10..11
      tok identifier(flag) f4:11..15
      tok symbol(:) f4:15..16
      tok identifier(Boolean) f4:17..24
      tok symbol(,) f4:24..25
      tok identifier(x) f4:26..27
      tok symbol(:) f4:27..28
      tok identifier(Int) f4:29..32
      tok symbol()) f4:32..33
    tok symbol(:) f4:33..34
    tok identifier(Int) f4:35..38
    node block f4:39..193
      tok symbol({) f4:39..40
      node statement f4:45..146
        tok keyword(return) f4:45..51
        tok keyword(if) f4:52..54
        tok symbol(() f4:55..56
        tok identifier(flag) f4:56..60
        tok symbol()) f4:60..61
        node block f4:62..141
          tok symbol({) f4:62..63
          node whenExpr f4:72..135
            tok keyword(when) f4:72..76
            node statement f4:77..80
              tok symbol(() f4:77..78
              tok identifier(x) f4:78..79
              tok symbol()) f4:79..80
            node block f4:81..135
              tok symbol({) f4:81..82
              node whenEntry f4:95..102
                node whenConditionList f4:95..96
                  node whenCondition f4:95..96
                    tok intLiteral(1) f4:95..96
                tok symbol(->) f4:97..99
                tok intLiteral(10) f4:100..102
              node whenEntry f4:115..125
                tok keyword(else) f4:115..119
                tok symbol(->) f4:120..122
                tok intLiteral(20) f4:123..125
              tok symbol(}) f4:134..135
          tok symbol(}) f4:140..141
        tok keyword(else) f4:142..146
        node block f4:147..191
          tok symbol({) f4:147..148
          node tryExpr f4:157..185
            tok keyword(try) f4:157..160
            tok identifier(x) f4:161..162
            tok keyword(catch) f4:163..168
            node statement f4:169..183
              tok symbol(() f4:169..170
              tok identifier(e) f4:170..171
              tok symbol(:) f4:171..172
              tok identifier(Throwable) f4:173..182
              tok symbol()) f4:182..183
            tok intLiteral(0) f4:184..185
          tok symbol(}) f4:190..191
      tok symbol(}) f4:192..193
