node kotlinFile f4:0..76
  node packageHeader f4:0..21
    tok keyword(package) f4:0..7
    tok identifier(golden) f4:8..14
    tok symbol(.) f4:14..15
    tok identifier(parser) f4:15..21
  node propertyDecl f4:23..66
    tok keyword(val) f4:23..26
    tok identifier(lazyVal) f4:27..34
    tok symbol(:) f4:34..35
    tok identifier(String) f4:36..42
    tok softKeyword(by) f4:43..45
    tok identifier(lazy) f4:46..50
    node block f4:51..66
      tok symbol({) f4:51..52
      node statement f4:57..64
        tok stringQuote f4:57..58
        tok stringSegment(hello) f4:58..63
        tok stringQuote f4:63..64
      tok symbol(}) f4:65..66
  node funDecl f4:68..76
    tok keyword(fun) f4:68..71
    tok identifier(main) f4:72..76
    node statement f4:76..78
      tok symbol(() f4:76..77
      tok symbol()) f4:77..78
    node block f4:79..103
      tok symbol({) f4:79..80
      node callExpr f4:85..101
        tok identifier(println) f4:85..92
        tok symbol(() f4:92..93
        tok identifier(lazyVal) f4:93..100
        tok symbol()) f4:100..101
      tok symbol(}) f4:102..103
