node kotlinFile f10:0..76
  node packageHeader f10:0..21
    tok keyword(package) f10:0..7
    tok identifier(golden) f10:8..14
    tok symbol(.) f10:14..15
    tok identifier(parser) f10:15..21
  node propertyDecl f10:23..66
    tok keyword(val) f10:23..26
    tok identifier(lazyVal) f10:27..34
    tok symbol(:) f10:34..35
    tok identifier(String) f10:36..42
    tok softKeyword(by) f10:43..45
    tok identifier(lazy) f10:46..50
    node block f10:51..66
      tok symbol({) f10:51..52
      node statement f10:57..64
        tok stringQuote f10:57..58
        tok stringSegment(hello) f10:58..63
        tok stringQuote f10:63..64
      tok symbol(}) f10:65..66
  node funDecl f10:68..76
    tok keyword(fun) f10:68..71
    tok identifier(main) f10:72..76
    node statement f10:76..78
      tok symbol(() f10:76..77
      tok symbol()) f10:77..78
    node block f10:79..103
      tok symbol({) f10:79..80
      node callExpr f10:85..101
        tok identifier(println) f10:85..92
        tok symbol(() f10:92..93
        tok identifier(lazyVal) f10:93..100
        tok symbol()) f10:100..101
      tok symbol(}) f10:102..103
