node kotlinFile f0:0..187
  node packageHeader f0:0..21
    tok keyword(package) f0:0..7
    tok identifier(golden) f0:8..14
    tok symbol(.) f0:14..15
    tok identifier(parser) f0:15..21
  node classDecl f0:23..34
    tok keyword(class) f0:23..28
    tok identifier(Outer) f0:29..34
    node block f0:35..82
      tok symbol({) f0:35..36
      node classDecl f0:37..49
        tok keyword(class) f0:37..42
        tok identifier(Nested) f0:43..49
        node block f0:50..64
          tok symbol({) f0:50..51
          node classDecl f0:52..62
            tok keyword(class) f0:52..57
            tok identifier(Deep) f0:58..62
          tok symbol(}) f0:63..64
      node classDecl f0:65..80
        tok keyword(inner) f0:65..70
        tok keyword(class) f0:71..76
        tok identifier(Inn) f0:77..80
      tok symbol(}) f0:81..82
  node classDecl f0:83..95
    tok keyword(class) f0:83..88
    tok identifier(WithFn) f0:89..95
    node block f0:96..128
      tok symbol({) f0:96..97
      node classDecl f0:98..110
        tok keyword(class) f0:98..103
        tok identifier(Nested) f0:104..110
        node block f0:111..114
          tok symbol({) f0:111..112
          tok symbol(}) f0:113..114
      node funDecl f0:115..126
        tok keyword(fun) f0:115..118
        tok identifier(f) f0:119..120
        node statement f0:120..122
          tok symbol(() f0:120..121
          tok symbol()) f0:121..122
        tok symbol(=) f0:123..124
        tok intLiteral(1) f0:125..126
      tok symbol(}) f0:127..128
  node classDecl f0:129..144
    tok keyword(class) f0:129..134
    tok identifier(WithClass) f0:135..144
    node block f0:145..173
      tok symbol({) f0:145..146
      node classDecl f0:147..159
        tok keyword(class) f0:147..152
        tok identifier(Nested) f0:153..159
        node block f0:160..163
          tok symbol({) f0:160..161
          tok symbol(}) f0:162..163
      node classDecl f0:164..171
        tok keyword(class) f0:164..169
        tok identifier(C) f0:170..171
      tok symbol(}) f0:172..173
  node classDecl f0:174..187
    tok keyword(class) f0:174..179
    tok identifier(WithVal) f0:180..187
    node block f0:188..218
      tok symbol({) f0:188..189
      node classDecl f0:190..202
        tok keyword(class) f0:190..195
        tok identifier(Nested) f0:196..202
        node block f0:203..206
          tok symbol({) f0:203..204
          tok symbol(}) f0:205..206
      node propertyDecl f0:207..216
        tok keyword(val) f0:207..210
        tok identifier(p) f0:211..212
        tok symbol(=) f0:213..214
        tok intLiteral(1) f0:215..216
      tok symbol(}) f0:217..218
