{
  "version": 1,
  "diagnostics": [
    {
      "file": "__bundled_kotlin/text/StringIndentFormat.kt",
      "range": {
        "start": { "line": 40, "character": 25 },
        "end": { "line": 40, "character": 26 }
      },
      "severity": 1,
      "severityLabel": "error",
      "code": "KSWIFTK-TYPE-0001",
      "source": "kswiftk",
      "message": "Type constraint could not be satisfied.",
      "codeActions": []
    },
    {
      "file": "__bundled_kotlin/text/StringIndentFormat.kt",
      "range": {
        "start": { "line": 217, "character": 0 },
        "end": { "line": 305, "character": 1 }
      },
      "severity": 1,
      "severityLabel": "error",
      "code": "KSWIFTK-SEMA-0001",
      "source": "kswiftk",
      "message": "Duplicate JVM-erased callable declaration in the same package scope.",
      "codeActions": []
    },
    {
      "file": "opt_in_error.kt",
      "range": {
        "start": { "line": 8, "character": 25 },
        "end": { "line": 8, "character": 40 }
      },
      "severity": 1,
      "severityLabel": "error",
      "code": "KSWIFTK-SEMA-OPT-IN",
      "source": "kswiftk",
      "message": "'golden.diagnostics.ExperimentalErrorApi' requires opt-in. Annotate the usage with '@golden.diagnostics.ExperimentalErrorApi' or '@OptIn(golden.diagnostics.ExperimentalErrorApi::class)'.",
      "codeActions": []
    }
  ]
}
