keyword(val) f5:0..3
identifier(a) f5:4..5
symbol(=) f5:6..7
charLiteral(65) f5:8..11
keyword(val) f5:12..15
identifier(newline) f5:16..23
symbol(=) f5:24..25
charLiteral(10) f5:26..30
keyword(val) f5:31..34
identifier(tab) f5:35..38
symbol(=) f5:39..40
charLiteral(9) f5:41..45
keyword(val) f5:46..49
identifier(backslash) f5:50..59
symbol(=) f5:60..61
charLiteral(92) f5:62..66
keyword(val) f5:67..70
identifier(quote) f5:71..76
symbol(=) f5:77..78
charLiteral(39) f5:79..83
keyword(val) f5:84..87
identifier(unicode) f5:88..95
symbol(=) f5:96..97
charLiteral(65) f5:98..106
