keyword(val) f4:0..3
identifier(single) f4:4..10
symbol(=) f4:11..12
rawStringQuote f4:13..16
stringSegment(hello) f4:16..21
rawStringQuote f4:21..24
keyword(val) f4:25..28
identifier(multi) f4:29..34
symbol(=) f4:35..36
rawStringQuote f4:37..40
stringSegment(
    line1
    line2
) f4:40..61
rawStringQuote f4:61..64
symbol(.) f4:64..65
identifier(trimIndent) f4:65..75
symbol(() f4:75..76
symbol()) f4:76..77
keyword(val) f4:78..81
identifier(interpolated) f4:82..94
symbol(=) f4:95..96
rawStringQuote f4:97..100
stringSegment(name = ) f4:100..107
templateExprStart f4:107..109
intLiteral(1) f4:109..110
symbol(+) f4:111..112
intLiteral(2) f4:113..114
templateExprEnd f4:114..115
rawStringQuote f4:115..118
