keyword(val) f8:0..3
identifier(uintLit) f8:4..11
symbol(=) f8:12..13
uintLiteral(42u) f8:14..17
keyword(val) f8:18..21
identifier(uintLitUpper) f8:22..34
symbol(=) f8:35..36
uintLiteral(42U) f8:37..40
keyword(val) f8:41..44
identifier(ulongLit) f8:45..53
symbol(=) f8:54..55
ulongLiteral(42uL) f8:56..60
keyword(val) f8:61..64
identifier(ulongLitUpper) f8:65..78
symbol(=) f8:79..80
ulongLiteral(42UL) f8:81..85
keyword(val) f8:86..89
identifier(hexUint) f8:90..97
symbol(=) f8:98..99
uintLiteral(0xFFu) f8:100..105
keyword(val) f8:106..109
identifier(hexULong) f8:110..118
symbol(=) f8:119..120
ulongLiteral(0xFFuL) f8:121..127
